Archive member included to satisfy reference by file (symbol)

/home/zez/.eclipse/com.st.stm32cube.ide.mcu.rcp.product_1.5.1_1935173079_linux_gtk_x86_64/plugins/com.st.stm32cube.ide.mcu.externaltools.gnu-tools-for-stm32.9-2020-q2-update.linux64_1.5.0.202011040924/tools/bin/../lib/gcc/arm-none-eabi/9.3.1/../../../../arm-none-eabi/lib/thumb/v7e-m+fp/hard/libc_nano.a(lib_a-errno.o)
                              Core/Src/syscalls.o (__errno)
/home/zez/.eclipse/com.st.stm32cube.ide.mcu.rcp.product_1.5.1_1935173079_linux_gtk_x86_64/plugins/com.st.stm32cube.ide.mcu.externaltools.gnu-tools-for-stm32.9-2020-q2-update.linux64_1.5.0.202011040924/tools/bin/../lib/gcc/arm-none-eabi/9.3.1/../../../../arm-none-eabi/lib/thumb/v7e-m+fp/hard/libc_nano.a(lib_a-exit.o)
                              /home/zez/.eclipse/com.st.stm32cube.ide.mcu.rcp.product_1.5.1_1935173079_linux_gtk_x86_64/plugins/com.st.stm32cube.ide.mcu.externaltools.gnu-tools-for-stm32.9-2020-q2-update.linux64_1.5.0.202011040924/tools/bin/../lib/gcc/arm-none-eabi/9.3.1/../../../../arm-none-eabi/lib/thumb/v7e-m+fp/hard/crt0.o (exit)
/home/zez/.eclipse/com.st.stm32cube.ide.mcu.rcp.product_1.5.1_1935173079_linux_gtk_x86_64/plugins/com.st.stm32cube.ide.mcu.externaltools.gnu-tools-for-stm32.9-2020-q2-update.linux64_1.5.0.202011040924/tools/bin/../lib/gcc/arm-none-eabi/9.3.1/../../../../arm-none-eabi/lib/thumb/v7e-m+fp/hard/libc_nano.a(lib_a-impure.o)
                              /home/zez/.eclipse/com.st.stm32cube.ide.mcu.rcp.product_1.5.1_1935173079_linux_gtk_x86_64/plugins/com.st.stm32cube.ide.mcu.externaltools.gnu-tools-for-stm32.9-2020-q2-update.linux64_1.5.0.202011040924/tools/bin/../lib/gcc/arm-none-eabi/9.3.1/../../../../arm-none-eabi/lib/thumb/v7e-m+fp/hard/libc_nano.a(lib_a-exit.o) (_global_impure_ptr)
/home/zez/.eclipse/com.st.stm32cube.ide.mcu.rcp.product_1.5.1_1935173079_linux_gtk_x86_64/plugins/com.st.stm32cube.ide.mcu.externaltools.gnu-tools-for-stm32.9-2020-q2-update.linux64_1.5.0.202011040924/tools/bin/../lib/gcc/arm-none-eabi/9.3.1/../../../../arm-none-eabi/lib/thumb/v7e-m+fp/hard/libc_nano.a(lib_a-init.o)
                              /home/zez/.eclipse/com.st.stm32cube.ide.mcu.rcp.product_1.5.1_1935173079_linux_gtk_x86_64/plugins/com.st.stm32cube.ide.mcu.externaltools.gnu-tools-for-stm32.9-2020-q2-update.linux64_1.5.0.202011040924/tools/bin/../lib/gcc/arm-none-eabi/9.3.1/../../../../arm-none-eabi/lib/thumb/v7e-m+fp/hard/crt0.o (__libc_init_array)
/home/zez/.eclipse/com.st.stm32cube.ide.mcu.rcp.product_1.5.1_1935173079_linux_gtk_x86_64/plugins/com.st.stm32cube.ide.mcu.externaltools.gnu-tools-for-stm32.9-2020-q2-update.linux64_1.5.0.202011040924/tools/bin/../lib/gcc/arm-none-eabi/9.3.1/../../../../arm-none-eabi/lib/thumb/v7e-m+fp/hard/libc_nano.a(lib_a-malloc.o)
                              Core/Src/httpServer.o (malloc)
/home/zez/.eclipse/com.st.stm32cube.ide.mcu.rcp.product_1.5.1_1935173079_linux_gtk_x86_64/plugins/com.st.stm32cube.ide.mcu.externaltools.gnu-tools-for-stm32.9-2020-q2-update.linux64_1.5.0.202011040924/tools/bin/../lib/gcc/arm-none-eabi/9.3.1/../../../../arm-none-eabi/lib/thumb/v7e-m+fp/hard/libc_nano.a(lib_a-memcpy-stub.o)
                              Core/Src/httpServer.o (memcpy)
/home/zez/.eclipse/com.st.stm32cube.ide.mcu.rcp.product_1.5.1_1935173079_linux_gtk_x86_64/plugins/com.st.stm32cube.ide.mcu.externaltools.gnu-tools-for-stm32.9-2020-q2-update.linux64_1.5.0.202011040924/tools/bin/../lib/gcc/arm-none-eabi/9.3.1/../../../../arm-none-eabi/lib/thumb/v7e-m+fp/hard/libc_nano.a(lib_a-memset.o)
                              /home/zez/.eclipse/com.st.stm32cube.ide.mcu.rcp.product_1.5.1_1935173079_linux_gtk_x86_64/plugins/com.st.stm32cube.ide.mcu.externaltools.gnu-tools-for-stm32.9-2020-q2-update.linux64_1.5.0.202011040924/tools/bin/../lib/gcc/arm-none-eabi/9.3.1/../../../../arm-none-eabi/lib/thumb/v7e-m+fp/hard/crt0.o (memset)
/home/zez/.eclipse/com.st.stm32cube.ide.mcu.rcp.product_1.5.1_1935173079_linux_gtk_x86_64/plugins/com.st.stm32cube.ide.mcu.externaltools.gnu-tools-for-stm32.9-2020-q2-update.linux64_1.5.0.202011040924/tools/bin/../lib/gcc/arm-none-eabi/9.3.1/../../../../arm-none-eabi/lib/thumb/v7e-m+fp/hard/libc_nano.a(lib_a-nano-freer.o)
                              /home/zez/.eclipse/com.st.stm32cube.ide.mcu.rcp.product_1.5.1_1935173079_linux_gtk_x86_64/plugins/com.st.stm32cube.ide.mcu.externaltools.gnu-tools-for-stm32.9-2020-q2-update.linux64_1.5.0.202011040924/tools/bin/../lib/gcc/arm-none-eabi/9.3.1/../../../../arm-none-eabi/lib/thumb/v7e-m+fp/hard/libc_nano.a(lib_a-malloc.o) (_free_r)
/home/zez/.eclipse/com.st.stm32cube.ide.mcu.rcp.product_1.5.1_1935173079_linux_gtk_x86_64/plugins/com.st.stm32cube.ide.mcu.externaltools.gnu-tools-for-stm32.9-2020-q2-update.linux64_1.5.0.202011040924/tools/bin/../lib/gcc/arm-none-eabi/9.3.1/../../../../arm-none-eabi/lib/thumb/v7e-m+fp/hard/libc_nano.a(lib_a-nano-mallocr.o)
[...]
Memory Configuration

Name             Origin             Length             Attributes
RAM              0x0000000020000000 0x000000000000a000 xrw
FLASH            0x0000000008000000 0x0000000000020000 xr
*default*        0x0000000000000000 0xffffffffffffffff

Linker script and memory map

LOAD /home/zez/.eclipse/com.st.stm32cube.ide.mcu.rcp.product_1.5.1_1935173079_linux_gtk_x86_64/plugins/com.st.stm32cube.ide.mcu.externaltools.gnu-tools-for-stm32.9-2020-q2-update.linux64_1.5.0.202011040924/tools/bin/../lib/gcc/arm-none-eabi/9.3.1/thumb/v7e-m+fp/hard/crti.o
LOAD /home/zez/.eclipse/com.st.stm32cube.ide.mcu.rcp.product_1.5.1_1935173079_linux_gtk_x86_64/plugins/com.st.stm32cube.ide.mcu.externaltools.gnu-tools-for-stm32.9-2020-q2-update.linux64_1.5.0.202011040924/tools/bin/../lib/gcc/arm-none-eabi/9.3.1/thumb/v7e-m+fp/hard/crtbegin.o
LOAD /home/zez/.eclipse/com.st.stm32cube.ide.mcu.rcp.product_1.5.1_1935173079_linux_gtk_x86_64/plugins/com.st.stm32cube.ide.mcu.externaltools.gnu-tools-for-stm32.9-2020-q2-update.linux64_1.5.0.202011040924/tools/bin/../lib/gcc/arm-none-eabi/9.3.1/../../../../arm-none-eabi/lib/thumb/v7e-m+fp/hard/crt0.o
LOAD Core/Src/dhcp.o
LOAD Core/Src/dns.o
LOAD Core/Src/fonts.o
LOAD Core/Src/httpParser.o
LOAD Core/Src/httpServer.o
LOAD Core/Src/httpUtil.o
LOAD Core/Src/main.o
LOAD Core/Src/socket.o
LOAD Core/Src/ssd1306.o
LOAD Core/Src/stm32l4xx_hal_msp.o
LOAD Core/Src/stm32l4xx_it.o
LOAD Core/Src/syscalls.o
LOAD Core/Src/sysmem.o
LOAD Core/Src/system_stm32l4xx.o
LOAD Core/Src/w5500.o
LOAD Core/Src/wizchip_conf.o
LOAD Core/Startup/startup_stm32l412cbtx.o
LOAD Drivers/STM32L4xx_HAL_Driver/Src/stm32l4xx_hal.o
LOAD Drivers/STM32L4xx_HAL_Driver/Src/stm32l4xx_hal_cortex.o
LOAD Drivers/STM32L4xx_HAL_Driver/Src/stm32l4xx_hal_dma.o
LOAD Drivers/STM32L4xx_HAL_Driver/Src/stm32l4xx_hal_dma_ex.o
LOAD Drivers/STM32L4xx_HAL_Driver/Src/stm32l4xx_hal_exti.o
LOAD Drivers/STM32L4xx_HAL_Driver/Src/stm32l4xx_hal_flash.o
LOAD Drivers/STM32L4xx_HAL_Driver/Src/stm32l4xx_hal_flash_ex.o
LOAD Drivers/STM32L4xx_HAL_Driver/Src/stm32l4xx_hal_flash_ramfunc.o
LOAD Drivers/STM32L4xx_HAL_Driver/Src/stm32l4xx_hal_gpio.o
LOAD Drivers/STM32L4xx_HAL_Driver/Src/stm32l4xx_hal_i2c.o
LOAD Drivers/STM32L4xx_HAL_Driver/Src/stm32l4xx_hal_i2c_ex.o
LOAD Drivers/STM32L4xx_HAL_Driver/Src/stm32l4xx_hal_pwr.o
LOAD Drivers/STM32L4xx_HAL_Driver/Src/stm32l4xx_hal_pwr_ex.o
LOAD Drivers/STM32L4xx_HAL_Driver/Src/stm32l4xx_hal_rcc.o
LOAD Drivers/STM32L4xx_HAL_Driver/Src/stm32l4xx_hal_rcc_ex.o
LOAD Drivers/STM32L4xx_HAL_Driver/Src/stm32l4xx_hal_spi.o
LOAD Drivers/STM32L4xx_HAL_Driver/Src/stm32l4xx_hal_spi_ex.o
LOAD Drivers/STM32L4xx_HAL_Driver/Src/stm32l4xx_hal_tim.o
LOAD Drivers/STM32L4xx_HAL_Driver/Src/stm32l4xx_hal_tim_ex.o
LOAD Drivers/STM32L4xx_HAL_Driver/Src/stm32l4xx_hal_uart.o
LOAD Drivers/STM32L4xx_HAL_Driver/Src/stm32l4xx_hal_uart_ex.o
START GROUP
LOAD /home/zez/.eclipse/com.st.stm32cube.ide.mcu.rcp.product_1.5.1_1935173079_linux_gtk_x86_64/plugins/com.st.stm32cube.ide.mcu.externaltools.gnu-tools-for-stm32.9-2020-q2-update.linux64_1.5.0.202011040924/tools/bin/../lib/gcc/arm-none-eabi/9.3.1/../../../../arm-none-eabi/lib/thumb/v7e-m+fp/hard/libc_nano.a
LOAD /home/zez/.eclipse/com.st.stm32cube.ide.mcu.rcp.product_1.5.1_1935173079_linux_gtk_x86_64/plugins/com.st.stm32cube.ide.mcu.externaltools.gnu-tools-for-stm32.9-2020-q2-update.linux64_1.5.0.202011040924/tools/bin/../lib/gcc/arm-none-eabi/9.3.1/../../../../arm-none-eabi/lib/thumb/v7e-m+fp/hard/libm.a
END GROUP
START GROUP
LOAD /home/zez/.eclipse/com.st.stm32cube.ide.mcu.rcp.product_1.5.1_1935173079_linux_gtk_x86_64/plugins/com.st.stm32cube.ide.mcu.externaltools.gnu-tools-for-stm32.9-2020-q2-update.linux64_1.5.0.202011040924/tools/bin/../lib/gcc/arm-none-eabi/9.3.1/thumb/v7e-m+fp/hard/libgcc.a
LOAD /home/zez/.eclipse/com.st.stm32cube.ide.mcu.rcp.product_1.5.1_1935173079_linux_gtk_x86_64/plugins/com.st.stm32cube.ide.mcu.externaltools.gnu-tools-for-stm32.9-2020-q2-update.linux64_1.5.0.202011040924/tools/bin/../lib/gcc/arm-none-eabi/9.3.1/../../../../arm-none-eabi/lib/thumb/v7e-m+fp/hard/libc_nano.a
END GROUP
START GROUP
LOAD /home/zez/.eclipse/com.st.stm32cube.ide.mcu.rcp.product_1.5.1_1935173079_linux_gtk_x86_64/plugins/com.st.stm32cube.ide.mcu.externaltools.gnu-tools-for-stm32.9-2020-q2-update.linux64_1.5.0.202011040924/tools/bin/../lib/gcc/arm-none-eabi/9.3.1/thumb/v7e-m+fp/hard/libgcc.a
LOAD /home/zez/.eclipse/com.st.stm32cube.ide.mcu.rcp.product_1.5.1_1935173079_linux_gtk_x86_64/plugins/com.st.stm32cube.ide.mcu.externaltools.gnu-tools-for-stm32.9-2020-q2-update.linux64_1.5.0.202011040924/tools/bin/../lib/gcc/arm-none-eabi/9.3.1/../../../../arm-none-eabi/lib/thumb/v7e-m+fp/hard/libc_nano.a
LOAD /home/zez/.eclipse/com.st.stm32cube.ide.mcu.rcp.product_1.5.1_1935173079_linux_gtk_x86_64/plugins/com.st.stm32cube.ide.mcu.externaltools.gnu-tools-for-stm32.9-2020-q2-update.linux64_1.5.0.202011040924/tools/bin/../lib/gcc/arm-none-eabi/9.3.1/../../../../arm-none-eabi/lib/thumb/v7e-m+fp/hard/libnosys.a
END GROUP
START GROUP
LOAD /home/zez/.eclipse/com.st.stm32cube.ide.mcu.rcp.product_1.5.1_1935173079_linux_gtk_x86_64/plugins/com.st.stm32cube.ide.mcu.externaltools.gnu-tools-for-stm32.9-2020-q2-update.linux64_1.5.0.202011040924/tools/bin/../lib/gcc/arm-none-eabi/9.3.1/thumb/v7e-m+fp/hard/libgcc.a
LOAD /home/zez/.eclipse/com.st.stm32cube.ide.mcu.rcp.product_1.5.1_1935173079_linux_gtk_x86_64/plugins/com.st.stm32cube.ide.mcu.externaltools.gnu-tools-for-stm32.9-2020-q2-update.linux64_1.5.0.202011040924/tools/bin/../lib/gcc/arm-none-eabi/9.3.1/../../../../arm-none-eabi/lib/thumb/v7e-m+fp/hard/libc_nano.a
LOAD /home/zez/.eclipse/com.st.stm32cube.ide.mcu.rcp.product_1.5.1_1935173079_linux_gtk_x86_64/plugins/com.st.stm32cube.ide.mcu.externaltools.gnu-tools-for-stm32.9-2020-q2-update.linux64_1.5.0.202011040924/tools/bin/../lib/gcc/arm-none-eabi/9.3.1/../../../../arm-none-eabi/lib/thumb/v7e-m+fp/hard/libnosys.a
END GROUP
LOAD /home/zez/.eclipse/com.st.stm32cube.ide.mcu.rcp.product_1.5.1_1935173079_linux_gtk_x86_64/plugins/com.st.stm32cube.ide.mcu.externaltools.gnu-tools-for-stm32.9-2020-q2-update.linux64_1.5.0.202011040924/tools/bin/../lib/gcc/arm-none-eabi/9.3.1/thumb/v7e-m+fp/hard/crtend.o
LOAD /home/zez/.eclipse/com.st.stm32cube.ide.mcu.rcp.product_1.5.1_1935173079_linux_gtk_x86_64/plugins/com.st.stm32cube.ide.mcu.externaltools.gnu-tools-for-stm32.9-2020-q2-update.linux64_1.5.0.202011040924/tools/bin/../lib/gcc/arm-none-eabi/9.3.1/thumb/v7e-m+fp/hard/crtn.o
                0x000000002000a000                _estack = (ORIGIN (RAM) + LENGTH (RAM))
                0x0000000000000200                _Min_Heap_Size = 0x200
                0x0000000000000400                _Min_Stack_Size = 0x400

.isr_vector     0x0000000008000000      0x18c
                0x0000000008000000                . = ALIGN (0x4)
 *(.isr_vector)
 .isr_vector    0x0000000008000000      0x18c Core/Startup/startup_stm32l412cbtx.o
                0x0000000008000000                g_pfnVectors
                0x000000000800018c                . = ALIGN (0x4)

.text           0x0000000008000190     0x97c0
                0x0000000008000190                . = ALIGN (0x4)
 *(.text)
 .text          0x0000000008000190       0x40 /home/zez/.eclipse/com.st.stm32cube.ide.mcu.rcp.product_1.5.1_1935173079_linux_gtk_x86_64/plugins/com.st.stm32cube.ide.mcu.externaltools.gnu-tools-for-stm32.9-2020-q2-update.linux64_1.5.0.202011040924/tools/bin/../lib/gcc/arm-none-eabi/9.3.1/thumb/v7e-m+fp/hard/crtbegin.o
 .text          0x00000000080001d0       0x14 /home/zez/.eclipse/com.st.stm32cube.ide.mcu.rcp.product_1.5.1_1935173079_linux_gtk_x86_64/plugins/com.st.stm32cube.ide.mcu.externaltools.gnu-tools-for-stm32.9-2020-q2-update.linux64_1.5.0.202011040924/tools/bin/../lib/gcc/arm-none-eabi/9.3.1/../../../../arm-none-eabi/lib/thumb/v7e-m+fp/hard/libc_nano.a(lib_a-strcmp.o)
                0x00000000080001d0                strcmp
 .text          0x00000000080001e4       0x10 /home/zez/.eclipse/com.st.stm32cube.ide.mcu.rcp.product_1.5.1_1935173079_linux_gtk_x86_64/plugins/com.st.stm32cube.ide.mcu.externaltools.gnu-tools-for-stm32.9-2020-q2-update.linux64_1.5.0.202011040924/tools/bin/../lib/gcc/arm-none-eabi/9.3.1/../../../../arm-none-eabi/lib/thumb/v7e-m+fp/hard/libc_nano.a(lib_a-strlen.o)
                0x00000000080001e4                strlen
 *fill*         0x00000000080001f4        0xc 
 .text          0x0000000008000200       0xa0 /home/zez/.eclipse/com.st.stm32cube.ide.mcu.rcp.product_1.5.1_1935173079_linux_gtk_x86_64/plugins/com.st.stm32cube.ide.mcu.externaltools.gnu-tools-for-stm32.9-2020-q2-update.linux64_1.5.0.202011040924/tools/bin/../lib/gcc/arm-none-eabi/9.3.1/../../../../arm-none-eabi/lib/thumb/v7e-m+fp/hard/libc_nano.a(lib_a-memchr.o)
                0x0000000008000200                memchr
 .text          0x00000000080002a0       0x30 /home/zez/.eclipse/com.st.stm32cube.ide.mcu.rcp.product_1.5.1_1935173079_linux_gtk_x86_64/plugins/com.st.stm32cube.ide.mcu.externaltools.gnu-tools-for-stm32.9-2020-q2-update.linux64_1.5.0.202011040924/tools/bin/../lib/gcc/arm-none-eabi/9.3.1/thumb/v7e-m+fp/hard/libgcc.a(_aeabi_uldivmod.o)
                0x00000000080002a0                __aeabi_uldivmod
 .text          0x00000000080002d0      0x2c4 /home/zez/.eclipse/com.st.stm32cube.ide.mcu.rcp.product_1.5.1_1935173079_linux_gtk_x86_64/plugins/com.st.stm32cube.ide.mcu.externaltools.gnu-tools-for-stm32.9-2020-q2-update.linux64_1.5.0.202011040924/tools/bin/../lib/gcc/arm-none-eabi/9.3.1/thumb/v7e-m+fp/hard/libgcc.a(_udivmoddi4.o)
                0x00000000080002d0                __udivmoddi4
 .text          0x0000000008000594        0x4 /home/zez/.eclipse/com.st.stm32cube.ide.mcu.rcp.product_1.5.1_1935173079_linux_gtk_x86_64/plugins/com.st.stm32cube.ide.mcu.externaltools.gnu-tools-for-stm32.9-2020-q2-update.linux64_1.5.0.202011040924/tools/bin/../lib/gcc/arm-none-eabi/9.3.1/thumb/v7e-m+fp/hard/libgcc.a(_dvmd_tls.o)
                0x0000000008000594                __aeabi_ldiv0
                0x0000000008000594                __aeabi_idiv0
 *(.text*)
 .text.make_http_response_head
                0x0000000008000598      0x16c Core/Src/httpParser.o
                0x0000000008000598                make_http_response_head
 .text.find_http_uri_type
                0x0000000008000704      0x30c Core/Src/httpParser.o
                0x0000000008000704                find_http_uri_type
 .text.parse_http_request
                0x0000000008000a10       0xf4 Core/Src/httpParser.o
                0x0000000008000a10                parse_http_request
 .text.get_http_uri_name
                0x0000000008000b04       0x54 Core/Src/httpParser.o
                0x0000000008000b04                get_http_uri_name
 .text.mid      0x0000000008000b58       0x56 Core/Src/httpParser.o
                0x0000000008000b58                mid
 .text.default_mcu_reset
                0x0000000008000bae        0xe Core/Src/httpServer.o
                0x0000000008000bae                default_mcu_reset
 .text.default_wdt_reset
                0x0000000008000bbc        0xe Core/Src/httpServer.o
                0x0000000008000bbc                default_wdt_reset
 *fill*         0x0000000008000bca        0x2 
 .text.httpServer_Sockinit
                0x0000000008000bcc       0x40 Core/Src/httpServer.o
                0x0000000008000bcc                httpServer_Sockinit
 .text.getHTTPSocketNum
                0x0000000008000c0c       0x20 Core/Src/httpServer.o
 .text.getHTTPSequenceNum
                0x0000000008000c2c       0x44 Core/Src/httpServer.o
 .text.httpServer_init
                0x0000000008000c70       0x38 Core/Src/httpServer.o
                0x0000000008000c70                httpServer_init
 .text.reg_httpServer_cbfunc
                0x0000000008000ca8       0x38 Core/Src/httpServer.o
                0x0000000008000ca8                reg_httpServer_cbfunc
 .text.httpServer_run
                0x0000000008000ce0      0x3c4 Core/Src/httpServer.o
                0x0000000008000ce0                httpServer_run
 .text.send_http_response_header
                0x00000000080010a4      0x108 Core/Src/httpServer.o
 .text.send_http_response_body
                0x00000000080011ac      0x288 Core/Src/httpServer.o
 .text.send_http_response_cgi
                0x0000000008001434       0x68 Core/Src/httpServer.o
 .text.http_disconnect
                0x000000000800149c       0x42 Core/Src/httpServer.o
 *fill*         0x00000000080014de        0x2 
 .text.http_process_handler
                0x00000000080014e0      0x434 Core/Src/httpServer.o
 .text.get_httpServer_timecount
                0x0000000008001914       0x18 Core/Src/httpServer.o
                0x0000000008001914                get_httpServer_timecount
 .text.reg_httpServer_webContent
                0x000000000800192c       0xc4 Core/Src/httpServer.o
                0x000000000800192c                reg_httpServer_webContent
 .text.find_userReg_webContent
                0x00000000080019f0       0x78 Core/Src/httpServer.o
                0x00000000080019f0                find_userReg_webContent
 .text.read_userReg_webContent
                0x0000000008001a68       0x7c Core/Src/httpServer.o
                0x0000000008001a68                read_userReg_webContent
 .text.http_get_cgi_handler
                0x0000000008001ae4       0x58 Core/Src/httpUtil.o
                0x0000000008001ae4                http_get_cgi_handler
 .text.http_post_cgi_handler
                0x0000000008001b3c       0x7c Core/Src/httpUtil.o
                0x0000000008001b3c                http_post_cgi_handler
 .text.__NVIC_SystemReset
                0x0000000008001bb8       0x2c Core/Src/main.o
 .text.UART_Printf
                0x0000000008001be4       0x54 Core/Src/main.o
                0x0000000008001be4                UART_Printf
 .text.W5500_Select
                0x0000000008001c38       0x14 Core/Src/main.o
                0x0000000008001c38                W5500_Select
 .text.W5500_Unselect
                0x0000000008001c4c       0x14 Core/Src/main.o
                0x0000000008001c4c                W5500_Unselect
 .text.W5500_ReadBuff
                0x0000000008001c60       0x28 Core/Src/main.o
                0x0000000008001c60                W5500_ReadBuff
 .text.W5500_WriteBuff
                0x0000000008001c88       0x28 Core/Src/main.o
                0x0000000008001c88                W5500_WriteBuff
 .text.W5500_ReadByte
                0x0000000008001cb0       0x1a Core/Src/main.o
                0x0000000008001cb0                W5500_ReadByte
 .text.W5500_WriteByte
                0x0000000008001cca       0x1c Core/Src/main.o
                0x0000000008001cca                W5500_WriteByte
 *fill*         0x0000000008001ce6        0x2 
 .text.predefined_get_cgi_processor
                0x0000000008001ce8      0x11c Core/Src/main.o
                0x0000000008001ce8                predefined_get_cgi_processor
 .text.predefined_set_cgi_processor
                0x0000000008001e04       0x1c Core/Src/main.o
                0x0000000008001e04                predefined_set_cgi_processor
 .text.init_udp
                0x0000000008001e20      0x194 Core/Src/main.o
                0x0000000008001e20                init_udp
 .text.init_web
                0x0000000008001fb4      0x160 Core/Src/main.o
                0x0000000008001fb4                init_web
 .text.envia_udp
                0x0000000008002114       0x2c Core/Src/main.o
                0x0000000008002114                envia_udp
 .text.recebe_udp
                0x0000000008002140       0x30 Core/Src/main.o
                0x0000000008002140                recebe_udp
 .text.main     0x0000000008002170      0x174 Core/Src/main.o
                0x0000000008002170                main
 .text.SystemClock_Config
                0x00000000080022e4       0xd4 Core/Src/main.o
                0x00000000080022e4                SystemClock_Config
 .text.MX_I2C1_Init
                0x00000000080023b8       0x80 Core/Src/main.o
 .text.MX_SPI1_Init
                0x0000000008002438       0x7c Core/Src/main.o
 .text.MX_USART1_UART_Init
                0x00000000080024b4       0x60 Core/Src/main.o
 .text.MX_GPIO_Init
                0x0000000008002514       0xdc Core/Src/main.o
 .text.Error_Handler
                0x00000000080025f0        0xa Core/Src/main.o
                0x00000000080025f0                Error_Handler
 *fill*         0x00000000080025fa        0x2 
 .text.socket   0x00000000080025fc      0x22c Core/Src/socket.o
                0x00000000080025fc                socket
 .text.close    0x0000000008002828       0xdc Core/Src/socket.o
                0x0000000008002828                close
 .text.listen   0x0000000008002904       0xb2 Core/Src/socket.o
                0x0000000008002904                listen
 *fill*         0x00000000080029b6        0x2 
 .text.disconnect
                0x00000000080029b8       0xec Core/Src/socket.o
                0x00000000080029b8                disconnect
 .text.send     0x0000000008002aa4      0x1f4 Core/Src/socket.o
                0x0000000008002aa4                send
 .text.recv     0x0000000008002c98      0x16c Core/Src/socket.o
                0x0000000008002c98                recv
 .text.sendto   0x0000000008002e04      0x26c Core/Src/socket.o
                0x0000000008002e04                sendto
 .text.recvfrom
                0x0000000008003070      0x3dc Core/Src/socket.o
                0x0000000008003070                recvfrom
 .text.SSD1306_Init
                0x000000000800344c      0x188 Core/Src/ssd1306.o
                0x000000000800344c                SSD1306_Init
 .text.SSD1306_UpdateScreen
                0x00000000080035d4       0x64 Core/Src/ssd1306.o
                0x00000000080035d4                SSD1306_UpdateScreen
 .text.SSD1306_Fill
                0x0000000008003638       0x30 Core/Src/ssd1306.o
                0x0000000008003638                SSD1306_Fill
 .text.SSD1306_DrawPixel
                0x0000000008003668       0xd4 Core/Src/ssd1306.o
                0x0000000008003668                SSD1306_DrawPixel
 .text.SSD1306_GotoXY
                0x000000000800373c       0x2c Core/Src/ssd1306.o
                0x000000000800373c                SSD1306_GotoXY
 .text.SSD1306_Putc
                0x0000000008003768      0x100 Core/Src/ssd1306.o
                0x0000000008003768                SSD1306_Putc
 .text.SSD1306_Puts
                0x0000000008003868       0x4a Core/Src/ssd1306.o
                0x0000000008003868                SSD1306_Puts
 .text.SSD1306_Clear
                0x00000000080038b2       0x12 Core/Src/ssd1306.o
                0x00000000080038b2                SSD1306_Clear
 .text.ssd1306_I2C_Init
                0x00000000080038c4       0x2c Core/Src/ssd1306.o
                0x00000000080038c4                ssd1306_I2C_Init
 .text.ssd1306_I2C_WriteMulti
                0x00000000080038f0       0x90 Core/Src/ssd1306.o
                0x00000000080038f0                ssd1306_I2C_WriteMulti
 .text.ssd1306_I2C_Write
                0x0000000008003980       0x3c Core/Src/ssd1306.o
                0x0000000008003980                ssd1306_I2C_Write
 .text.HAL_MspInit
                0x00000000080039bc       0x48 Core/Src/stm32l4xx_hal_msp.o
                0x00000000080039bc                HAL_MspInit
 .text.HAL_I2C_MspInit
                0x0000000008003a04       0x88 Core/Src/stm32l4xx_hal_msp.o
                0x0000000008003a04                HAL_I2C_MspInit
 .text.HAL_SPI_MspInit
                0x0000000008003a8c       0x88 Core/Src/stm32l4xx_hal_msp.o
                0x0000000008003a8c                HAL_SPI_MspInit
 .text.HAL_UART_MspInit
                0x0000000008003b14       0x88 Core/Src/stm32l4xx_hal_msp.o
                0x0000000008003b14                HAL_UART_MspInit
 .text.NMI_Handler
                0x0000000008003b9c        0x6 Core/Src/stm32l4xx_it.o
                0x0000000008003b9c                NMI_Handler
 .text.HardFault_Handler
                0x0000000008003ba2        0x6 Core/Src/stm32l4xx_it.o
                0x0000000008003ba2                HardFault_Handler
 .text.MemManage_Handler
                0x0000000008003ba8        0x6 Core/Src/stm32l4xx_it.o
                0x0000000008003ba8                MemManage_Handler
 .text.BusFault_Handler
                0x0000000008003bae        0x6 Core/Src/stm32l4xx_it.o
                0x0000000008003bae                BusFault_Handler
 .text.UsageFault_Handler
                0x0000000008003bb4        0x6 Core/Src/stm32l4xx_it.o
                0x0000000008003bb4                UsageFault_Handler
 .text.SVC_Handler
                0x0000000008003bba        0xe Core/Src/stm32l4xx_it.o
                0x0000000008003bba                SVC_Handler
 .text.DebugMon_Handler
                0x0000000008003bc8        0xe Core/Src/stm32l4xx_it.o
                0x0000000008003bc8                DebugMon_Handler
 .text.PendSV_Handler
                0x0000000008003bd6        0xe Core/Src/stm32l4xx_it.o
                0x0000000008003bd6                PendSV_Handler
 .text.SysTick_Handler
                0x0000000008003be4        0xc Core/Src/stm32l4xx_it.o
                0x0000000008003be4                SysTick_Handler
 .text._getpid  0x0000000008003bf0       0x10 Core/Src/syscalls.o
                0x0000000008003bf0                _getpid
 .text._kill    0x0000000008003c00       0x20 Core/Src/syscalls.o
                0x0000000008003c00                _kill
 .text._exit    0x0000000008003c20       0x14 Core/Src/syscalls.o
                0x0000000008003c20                _exit
 .text._read    0x0000000008003c34       0x3a Core/Src/syscalls.o
                0x0000000008003c34                _read
 .text._write   0x0000000008003c6e       0x38 Core/Src/syscalls.o
                0x0000000008003c6e                _write
 .text._close   0x0000000008003ca6       0x18 Core/Src/syscalls.o
                0x0000000008003ca6                _close
 .text._fstat   0x0000000008003cbe       0x20 Core/Src/syscalls.o
                0x0000000008003cbe                _fstat
 .text._isatty  0x0000000008003cde       0x16 Core/Src/syscalls.o
                0x0000000008003cde                _isatty
 .text._lseek   0x0000000008003cf4       0x1a Core/Src/syscalls.o
                0x0000000008003cf4                _lseek
 *fill*         0x0000000008003d0e        0x2 
 .text._sbrk    0x0000000008003d10       0x6c Core/Src/sysmem.o
                0x0000000008003d10                _sbrk
 .text.SystemInit
                0x0000000008003d7c       0x64 Core/Src/system_stm32l4xx.o
                0x0000000008003d7c                SystemInit
 .text.WIZCHIP_READ
                0x0000000008003de0       0x98 Core/Src/w5500.o
                0x0000000008003de0                WIZCHIP_READ
 .text.WIZCHIP_WRITE
                0x0000000008003e78       0x9c Core/Src/w5500.o
                0x0000000008003e78                WIZCHIP_WRITE
 .text.WIZCHIP_READ_BUF
                0x0000000008003f14       0xc0 Core/Src/w5500.o
                0x0000000008003f14                WIZCHIP_READ_BUF
 .text.WIZCHIP_WRITE_BUF
                0x0000000008003fd4       0xc0 Core/Src/w5500.o
                0x0000000008003fd4                WIZCHIP_WRITE_BUF
 .text.getSn_TX_FSR
                0x0000000008004094       0x96 Core/Src/w5500.o
                0x0000000008004094                getSn_TX_FSR
 .text.getSn_RX_RSR
                0x000000000800412a       0x96 Core/Src/w5500.o
                0x000000000800412a                getSn_RX_RSR
 .text.wiz_send_data
                0x00000000080041c0       0xb8 Core/Src/w5500.o
                0x00000000080041c0                wiz_send_data
 .text.wiz_recv_data
                0x0000000008004278       0xb8 Core/Src/w5500.o
                0x0000000008004278                wiz_recv_data
 .text.wiz_recv_ignore
                0x0000000008004330       0x90 Core/Src/w5500.o
                0x0000000008004330                wiz_recv_ignore
 .text.wizchip_cris_enter
                0x00000000080043c0        0xe Core/Src/wizchip_conf.o
                0x00000000080043c0                wizchip_cris_enter
 .text.wizchip_cris_exit
                0x00000000080043ce        0xe Core/Src/wizchip_conf.o
                0x00000000080043ce                wizchip_cris_exit
 .text.wizchip_cs_select
                0x00000000080043dc        0xe Core/Src/wizchip_conf.o
                0x00000000080043dc                wizchip_cs_select
 .text.wizchip_cs_deselect
                0x00000000080043ea        0xe Core/Src/wizchip_conf.o
                0x00000000080043ea                wizchip_cs_deselect
 .text.wizchip_bus_readdata
                0x00000000080043f8       0x1a Core/Src/wizchip_conf.o
                0x00000000080043f8                wizchip_bus_readdata
 .text.wizchip_bus_writedata
                0x0000000008004412       0x1e Core/Src/wizchip_conf.o
                0x0000000008004412                wizchip_bus_writedata
 .text.wizchip_spi_readbyte
                0x0000000008004430       0x10 Core/Src/wizchip_conf.o
                0x0000000008004430                wizchip_spi_readbyte
 .text.wizchip_spi_writebyte
                0x0000000008004440       0x16 Core/Src/wizchip_conf.o
                0x0000000008004440                wizchip_spi_writebyte
 .text.wizchip_spi_readburst
                0x0000000008004456       0x18 Core/Src/wizchip_conf.o
                0x0000000008004456                wizchip_spi_readburst
 .text.wizchip_spi_writeburst
                0x000000000800446e       0x18 Core/Src/wizchip_conf.o
                0x000000000800446e                wizchip_spi_writeburst
 *fill*         0x0000000008004486        0x2 
 .text.reg_wizchip_cs_cbfunc
                0x0000000008004488       0x4c Core/Src/wizchip_conf.o
                0x0000000008004488                reg_wizchip_cs_cbfunc
 .text.reg_wizchip_spi_cbfunc
                0x00000000080044d4       0x58 Core/Src/wizchip_conf.o
                0x00000000080044d4                reg_wizchip_spi_cbfunc
 .text.reg_wizchip_spiburst_cbfunc
                0x000000000800452c       0x58 Core/Src/wizchip_conf.o
                0x000000000800452c                reg_wizchip_spiburst_cbfunc
 .text.wizchip_sw_reset
                0x0000000008004584       0x98 Core/Src/wizchip_conf.o
                0x0000000008004584                wizchip_sw_reset
 .text.wizchip_init
                0x000000000800461c      0x118 Core/Src/wizchip_conf.o
                0x000000000800461c                wizchip_init
 .text.wizchip_setnetinfo
                0x0000000008004734       0x80 Core/Src/wizchip_conf.o
                0x0000000008004734                wizchip_setnetinfo
 .text.Reset_Handler
                0x00000000080047b4       0x50 Core/Startup/startup_stm32l412cbtx.o
                0x00000000080047b4                Reset_Handler
 .text.Default_Handler
                0x0000000008004804        0x2 Core/Startup/startup_stm32l412cbtx.o
                0x0000000008004804                RTC_Alarm_IRQHandler
                0x0000000008004804                EXTI2_IRQHandler
                0x0000000008004804                TIM1_CC_IRQHandler
                0x0000000008004804                TSC_IRQHandler
                0x0000000008004804                TIM6_IRQHandler
                0x0000000008004804                TAMP_STAMP_IRQHandler
                0x0000000008004804                EXTI3_IRQHandler
                0x0000000008004804                LPTIM2_IRQHandler
                0x0000000008004804                I2C3_ER_IRQHandler
                0x0000000008004804                EXTI0_IRQHandler
                0x0000000008004804                I2C2_EV_IRQHandler
                0x0000000008004804                FPU_IRQHandler
                0x0000000008004804                TIM1_UP_TIM16_IRQHandler
                0x0000000008004804                ADC1_2_IRQHandler
                0x0000000008004804                SPI1_IRQHandler
                0x0000000008004804                DMA2_Channel2_IRQHandler
                0x0000000008004804                DMA1_Channel4_IRQHandler
                0x0000000008004804                USART3_IRQHandler
                0x0000000008004804                DMA1_Channel7_IRQHandler
                0x0000000008004804                DMA2_Channel1_IRQHandler
                0x0000000008004804                QUADSPI_IRQHandler
                0x0000000008004804                I2C1_EV_IRQHandler
                0x0000000008004804                DMA1_Channel6_IRQHandler
                0x0000000008004804                DMA2_Channel4_IRQHandler
                0x0000000008004804                RCC_IRQHandler
                0x0000000008004804                TIM1_TRG_COM_IRQHandler
                0x0000000008004804                DMA1_Channel1_IRQHandler
                0x0000000008004804                Default_Handler
                0x0000000008004804                DMA2_Channel7_IRQHandler
                0x0000000008004804                EXTI15_10_IRQHandler
                0x0000000008004804                I2C3_EV_IRQHandler
                0x0000000008004804                USB_IRQHandler
                0x0000000008004804                EXTI9_5_IRQHandler
                0x0000000008004804                RTC_WKUP_IRQHandler
                0x0000000008004804                PVD_PVM_IRQHandler
                0x0000000008004804                SPI2_IRQHandler
                0x0000000008004804                DMA2_Channel5_IRQHandler
                0x0000000008004804                CRS_IRQHandler
                0x0000000008004804                DMA1_Channel5_IRQHandler
                0x0000000008004804                EXTI4_IRQHandler
                0x0000000008004804                RNG_IRQHandler
                0x0000000008004804                DMA1_Channel3_IRQHandler
                0x0000000008004804                COMP_IRQHandler
                0x0000000008004804                WWDG_IRQHandler
                0x0000000008004804                LPUART1_IRQHandler
                0x0000000008004804                DMA2_Channel6_IRQHandler
                0x0000000008004804                TIM2_IRQHandler
                0x0000000008004804                EXTI1_IRQHandler
                0x0000000008004804                USART2_IRQHandler
                0x0000000008004804                I2C2_ER_IRQHandler
                0x0000000008004804                DMA1_Channel2_IRQHandler
                0x0000000008004804                FLASH_IRQHandler
                0x0000000008004804                USART1_IRQHandler
                0x0000000008004804                I2C1_ER_IRQHandler
                0x0000000008004804                LPTIM1_IRQHandler
                0x0000000008004804                DMA2_Channel3_IRQHandler
                0x0000000008004804                TIM1_BRK_TIM15_IRQHandler
 .text.HAL_Init
                0x0000000008004806       0x30 Drivers/STM32L4xx_HAL_Driver/Src/stm32l4xx_hal.o
                0x0000000008004806                HAL_Init
 *fill*         0x0000000008004836        0x2 
 .text.HAL_InitTick
                0x0000000008004838       0x78 Drivers/STM32L4xx_HAL_Driver/Src/stm32l4xx_hal.o
                0x0000000008004838                HAL_InitTick
 .text.HAL_IncTick
                0x00000000080048b0       0x28 Drivers/STM32L4xx_HAL_Driver/Src/stm32l4xx_hal.o
                0x00000000080048b0                HAL_IncTick
 .text.HAL_GetTick
                0x00000000080048d8       0x18 Drivers/STM32L4xx_HAL_Driver/Src/stm32l4xx_hal.o
                0x00000000080048d8                HAL_GetTick
 .text.HAL_Delay
                0x00000000080048f0       0x48 Drivers/STM32L4xx_HAL_Driver/Src/stm32l4xx_hal.o
                0x00000000080048f0                HAL_Delay
 .text.__NVIC_SetPriorityGrouping
                0x0000000008004938       0x48 Drivers/STM32L4xx_HAL_Driver/Src/stm32l4xx_hal_cortex.o
 .text.__NVIC_GetPriorityGrouping
                0x0000000008004980       0x1c Drivers/STM32L4xx_HAL_Driver/Src/stm32l4xx_hal_cortex.o
 .text.__NVIC_SetPriority
                0x000000000800499c       0x54 Drivers/STM32L4xx_HAL_Driver/Src/stm32l4xx_hal_cortex.o
 .text.NVIC_EncodePriority
                0x00000000080049f0       0x66 Drivers/STM32L4xx_HAL_Driver/Src/stm32l4xx_hal_cortex.o
 *fill*         0x0000000008004a56        0x2 
 .text.SysTick_Config
                0x0000000008004a58       0x44 Drivers/STM32L4xx_HAL_Driver/Src/stm32l4xx_hal_cortex.o
 .text.HAL_NVIC_SetPriorityGrouping
                0x0000000008004a9c       0x16 Drivers/STM32L4xx_HAL_Driver/Src/stm32l4xx_hal_cortex.o
                0x0000000008004a9c                HAL_NVIC_SetPriorityGrouping
 .text.HAL_NVIC_SetPriority
                0x0000000008004ab2       0x38 Drivers/STM32L4xx_HAL_Driver/Src/stm32l4xx_hal_cortex.o
                0x0000000008004ab2                HAL_NVIC_SetPriority
 .text.HAL_SYSTICK_Config
                0x0000000008004aea       0x18 Drivers/STM32L4xx_HAL_Driver/Src/stm32l4xx_hal_cortex.o
                0x0000000008004aea                HAL_SYSTICK_Config
 *fill*         0x0000000008004b02        0x2 
 .text.HAL_GPIO_Init
                0x0000000008004b04      0x2e4 Drivers/STM32L4xx_HAL_Driver/Src/stm32l4xx_hal_gpio.o
                0x0000000008004b04                HAL_GPIO_Init
 .text.HAL_GPIO_ReadPin
                0x0000000008004de8       0x30 Drivers/STM32L4xx_HAL_Driver/Src/stm32l4xx_hal_gpio.o
                0x0000000008004de8                HAL_GPIO_ReadPin
 .text.HAL_GPIO_WritePin
                0x0000000008004e18       0x30 Drivers/STM32L4xx_HAL_Driver/Src/stm32l4xx_hal_gpio.o
                0x0000000008004e18                HAL_GPIO_WritePin
 .text.HAL_GPIO_TogglePin
                0x0000000008004e48       0x34 Drivers/STM32L4xx_HAL_Driver/Src/stm32l4xx_hal_gpio.o
                0x0000000008004e48                HAL_GPIO_TogglePin
 .text.HAL_I2C_Init
                0x0000000008004e7c      0x11e Drivers/STM32L4xx_HAL_Driver/Src/stm32l4xx_hal_i2c.o
                0x0000000008004e7c                HAL_I2C_Init
 *fill*         0x0000000008004f9a        0x2 
 .text.HAL_I2C_Master_Transmit
                0x0000000008004f9c      0x1e8 Drivers/STM32L4xx_HAL_Driver/Src/stm32l4xx_hal_i2c.o
                0x0000000008004f9c                HAL_I2C_Master_Transmit
 .text.HAL_I2C_IsDeviceReady
                0x0000000008005184      0x20e Drivers/STM32L4xx_HAL_Driver/Src/stm32l4xx_hal_i2c.o
                0x0000000008005184                HAL_I2C_IsDeviceReady
 .text.I2C_Flush_TXDR
                0x0000000008005392       0x48 Drivers/STM32L4xx_HAL_Driver/Src/stm32l4xx_hal_i2c.o
 .text.I2C_WaitOnFlagUntilTimeout
                0x00000000080053da       0x80 Drivers/STM32L4xx_HAL_Driver/Src/stm32l4xx_hal_i2c.o
 .text.I2C_WaitOnTXISFlagUntilTimeout
                0x000000000800545a       0x80 Drivers/STM32L4xx_HAL_Driver/Src/stm32l4xx_hal_i2c.o
 .text.I2C_WaitOnSTOPFlagUntilTimeout
                0x00000000080054da       0x78 Drivers/STM32L4xx_HAL_Driver/Src/stm32l4xx_hal_i2c.o
 *fill*         0x0000000008005552        0x2 
 .text.I2C_IsAcknowledgeFailed
                0x0000000008005554       0xcc Drivers/STM32L4xx_HAL_Driver/Src/stm32l4xx_hal_i2c.o
 .text.I2C_TransferConfig
                0x0000000008005620       0x5c Drivers/STM32L4xx_HAL_Driver/Src/stm32l4xx_hal_i2c.o
 .text.HAL_I2CEx_ConfigAnalogFilter
                0x000000000800567c       0x96 Drivers/STM32L4xx_HAL_Driver/Src/stm32l4xx_hal_i2c_ex.o
                0x000000000800567c                HAL_I2CEx_ConfigAnalogFilter
 .text.HAL_I2CEx_ConfigDigitalFilter
                0x0000000008005712       0x98 Drivers/STM32L4xx_HAL_Driver/Src/stm32l4xx_hal_i2c_ex.o
                0x0000000008005712                HAL_I2CEx_ConfigDigitalFilter
 *fill*         0x00000000080057aa        0x2 
 .text.HAL_PWREx_GetVoltageRange
                0x00000000080057ac       0x1c Drivers/STM32L4xx_HAL_Driver/Src/stm32l4xx_hal_pwr_ex.o
                0x00000000080057ac                HAL_PWREx_GetVoltageRange
 .text.HAL_PWREx_ControlVoltageScaling
                0x00000000080057c8       0xac Drivers/STM32L4xx_HAL_Driver/Src/stm32l4xx_hal_pwr_ex.o
                0x00000000080057c8                HAL_PWREx_ControlVoltageScaling
 .text.HAL_RCC_OscConfig
                0x0000000008005874      0x8cc Drivers/STM32L4xx_HAL_Driver/Src/stm32l4xx_hal_rcc.o
                0x0000000008005874                HAL_RCC_OscConfig
 .text.HAL_RCC_ClockConfig
                0x0000000008006140      0x1c4 Drivers/STM32L4xx_HAL_Driver/Src/stm32l4xx_hal_rcc.o
                0x0000000008006140                HAL_RCC_ClockConfig
 .text.HAL_RCC_GetSysClockFreq
                0x0000000008006304      0x118 Drivers/STM32L4xx_HAL_Driver/Src/stm32l4xx_hal_rcc.o
                0x0000000008006304                HAL_RCC_GetSysClockFreq
 .text.HAL_RCC_GetHCLKFreq
                0x000000000800641c       0x18 Drivers/STM32L4xx_HAL_Driver/Src/stm32l4xx_hal_rcc.o
                0x000000000800641c                HAL_RCC_GetHCLKFreq
 .text.HAL_RCC_GetPCLK1Freq
                0x0000000008006434       0x2c Drivers/STM32L4xx_HAL_Driver/Src/stm32l4xx_hal_rcc.o
                0x0000000008006434                HAL_RCC_GetPCLK1Freq
 .text.HAL_RCC_GetPCLK2Freq
                0x0000000008006460       0x2c Drivers/STM32L4xx_HAL_Driver/Src/stm32l4xx_hal_rcc.o
                0x0000000008006460                HAL_RCC_GetPCLK2Freq
 .text.RCC_SetFlashLatencyFromMSIRange
                0x000000000800648c       0xc0 Drivers/STM32L4xx_HAL_Driver/Src/stm32l4xx_hal_rcc.o
 .text.HAL_RCCEx_PeriphCLKConfig
                0x000000000800654c      0x30c Drivers/STM32L4xx_HAL_Driver/Src/stm32l4xx_hal_rcc_ex.o
                0x000000000800654c                HAL_RCCEx_PeriphCLKConfig
 .text.HAL_SPI_Init
                0x0000000008006858      0x146 Drivers/STM32L4xx_HAL_Driver/Src/stm32l4xx_hal_spi.o
                0x0000000008006858                HAL_SPI_Init
 .text.HAL_SPI_Transmit
                0x000000000800699e      0x2dc Drivers/STM32L4xx_HAL_Driver/Src/stm32l4xx_hal_spi.o
                0x000000000800699e                HAL_SPI_Transmit
 .text.HAL_SPI_Receive
                0x0000000008006c7a      0x260 Drivers/STM32L4xx_HAL_Driver/Src/stm32l4xx_hal_spi.o
                0x0000000008006c7a                HAL_SPI_Receive
 .text.HAL_SPI_TransmitReceive
                0x0000000008006eda      0x426 Drivers/STM32L4xx_HAL_Driver/Src/stm32l4xx_hal_spi.o
                0x0000000008006eda                HAL_SPI_TransmitReceive
 .text.SPI_WaitFlagStateUntilTimeout
                0x0000000008007300      0x110 Drivers/STM32L4xx_HAL_Driver/Src/stm32l4xx_hal_spi.o
 .text.SPI_WaitFifoStateUntilTimeout
                0x0000000008007410      0x124 Drivers/STM32L4xx_HAL_Driver/Src/stm32l4xx_hal_spi.o
 .text.SPI_EndRxTransaction
                0x0000000008007534       0xb0 Drivers/STM32L4xx_HAL_Driver/Src/stm32l4xx_hal_spi.o
 .text.SPI_EndRxTxTransaction
                0x00000000080075e4       0x8c Drivers/STM32L4xx_HAL_Driver/Src/stm32l4xx_hal_spi.o
 .text.HAL_UART_Init
                0x0000000008007670       0x9c Drivers/STM32L4xx_HAL_Driver/Src/stm32l4xx_hal_uart.o
                0x0000000008007670                HAL_UART_Init
 .text.HAL_UART_Transmit
                0x000000000800770c      0x128 Drivers/STM32L4xx_HAL_Driver/Src/stm32l4xx_hal_uart.o
                0x000000000800770c                HAL_UART_Transmit
 .text.HAL_UART_Receive_IT
                0x0000000008007834       0x88 Drivers/STM32L4xx_HAL_Driver/Src/stm32l4xx_hal_uart.o
                0x0000000008007834                HAL_UART_Receive_IT
 .text.HAL_UART_RxCpltCallback
                0x00000000080078bc       0x14 Drivers/STM32L4xx_HAL_Driver/Src/stm32l4xx_hal_uart.o
                0x00000000080078bc                HAL_UART_RxCpltCallback
 .text.HAL_UARTEx_RxEventCallback
                0x00000000080078d0       0x18 Drivers/STM32L4xx_HAL_Driver/Src/stm32l4xx_hal_uart.o
                0x00000000080078d0                HAL_UARTEx_RxEventCallback
 .text.UART_SetConfig
                0x00000000080078e8      0x468 Drivers/STM32L4xx_HAL_Driver/Src/stm32l4xx_hal_uart.o
                0x00000000080078e8                UART_SetConfig
 .text.UART_AdvFeatureConfig
                0x0000000008007d50      0x144 Drivers/STM32L4xx_HAL_Driver/Src/stm32l4xx_hal_uart.o
                0x0000000008007d50                UART_AdvFeatureConfig
 .text.UART_CheckIdleState
                0x0000000008007e94       0x92 Drivers/STM32L4xx_HAL_Driver/Src/stm32l4xx_hal_uart.o
                0x0000000008007e94                UART_CheckIdleState
 .text.UART_WaitOnFlagUntilTimeout
                0x0000000008007f26       0xf8 Drivers/STM32L4xx_HAL_Driver/Src/stm32l4xx_hal_uart.o
                0x0000000008007f26                UART_WaitOnFlagUntilTimeout
 *fill*         0x000000000800801e        0x2 
 .text.UART_Start_Receive_IT
                0x0000000008008020      0x110 Drivers/STM32L4xx_HAL_Driver/Src/stm32l4xx_hal_uart.o
                0x0000000008008020                UART_Start_Receive_IT
 .text.UART_RxISR_8BIT
                0x0000000008008130       0xd8 Drivers/STM32L4xx_HAL_Driver/Src/stm32l4xx_hal_uart.o
 .text.UART_RxISR_16BIT
                0x0000000008008208       0xd8 Drivers/STM32L4xx_HAL_Driver/Src/stm32l4xx_hal_uart.o
 .text.__errno  0x00000000080082e0        0xc /home/zez/.eclipse/com.st.stm32cube.ide.mcu.rcp.product_1.5.1_1935173079_linux_gtk_x86_64/plugins/com.st.stm32cube.ide.mcu.externaltools.gnu-tools-for-stm32.9-2020-q2-update.linux64_1.5.0.202011040924/tools/bin/../lib/gcc/arm-none-eabi/9.3.1/../../../../arm-none-eabi/lib/thumb/v7e-m+fp/hard/libc_nano.a(lib_a-errno.o)
                0x00000000080082e0                __errno
 .text.__libc_init_array
                0x00000000080082ec       0x48 /home/zez/.eclipse/com.st.stm32cube.ide.mcu.rcp.product_1.5.1_1935173079_linux_gtk_x86_64/plugins/com.st.stm32cube.ide.mcu.externaltools.gnu-tools-for-stm32.9-2020-q2-update.linux64_1.5.0.202011040924/tools/bin/../lib/gcc/arm-none-eabi/9.3.1/../../../../arm-none-eabi/lib/thumb/v7e-m+fp/hard/libc_nano.a(lib_a-init.o)
                0x00000000080082ec                __libc_init_array
 .text.malloc   0x0000000008008334       0x10 /home/zez/.eclipse/com.st.stm32cube.ide.mcu.rcp.product_1.5.1_1935173079_linux_gtk_x86_64/plugins/com.st.stm32cube.ide.mcu.externaltools.gnu-tools-for-stm32.9-2020-q2-update.linux64_1.5.0.202011040924/tools/bin/../lib/gcc/arm-none-eabi/9.3.1/../../../../arm-none-eabi/lib/thumb/v7e-m+fp/hard/libc_nano.a(lib_a-malloc.o)
                0x0000000008008334                malloc
 .text.memcpy   0x0000000008008344       0x1c /home/zez/.eclipse/com.st.stm32cube.ide.mcu.rcp.product_1.5.1_1935173079_linux_gtk_x86_64/plugins/com.st.stm32cube.ide.mcu.externaltools.gnu-tools-for-stm32.9-2020-q2-update.linux64_1.5.0.202011040924/tools/bin/../lib/gcc/arm-none-eabi/9.3.1/../../../../arm-none-eabi/lib/thumb/v7e-m+fp/hard/libc_nano.a(lib_a-memcpy-stub.o)
                0x0000000008008344                memcpy
 .text.memset   0x0000000008008360       0x10 /home/zez/.eclipse/com.st.stm32cube.ide.mcu.rcp.product_1.5.1_1935173079_linux_gtk_x86_64/plugins/com.st.stm32cube.ide.mcu.externaltools.gnu-tools-for-stm32.9-2020-q2-update.linux64_1.5.0.202011040924/tools/bin/../lib/gcc/arm-none-eabi/9.3.1/../../../../arm-none-eabi/lib/thumb/v7e-m+fp/hard/libc_nano.a(lib_a-memset.o)
                0x0000000008008360                memset
 .text._free_r  0x0000000008008370       0xa0 /home/zez/.eclipse/com.st.stm32cube.ide.mcu.rcp.product_1.5.1_1935173079_linux_gtk_x86_64/plugins/com.st.stm32cube.ide.mcu.externaltools.gnu-tools-for-stm32.9-2020-q2-update.linux64_1.5.0.202011040924/tools/bin/../lib/gcc/arm-none-eabi/9.3.1/../../../../arm-none-eabi/lib/thumb/v7e-m+fp/hard/libc_nano.a(lib_a-nano-freer.o)
                0x0000000008008370                _free_r
 .text._malloc_r
                0x0000000008008410       0xb4 /home/zez/.eclipse/com.st.stm32cube.ide.mcu.rcp.product_1.5.1_1935173079_linux_gtk_x86_64/plugins/com.st.stm32cube.ide.mcu.externaltools.gnu-tools-for-stm32.9-2020-q2-update.linux64_1.5.0.202011040924/tools/bin/../lib/gcc/arm-none-eabi/9.3.1/../../../../arm-none-eabi/lib/thumb/v7e-m+fp/hard/libc_nano.a(lib_a-nano-mallocr.o)
                0x0000000008008410                _malloc_r
 .text.printf   0x00000000080084c4       0x30 /home/zez/.eclipse/com.st.stm32cube.ide.mcu.rcp.product_1.5.1_1935173079_linux_gtk_x86_64/plugins/com.st.stm32cube.ide.mcu.externaltools.gnu-tools-for-stm32.9-2020-q2-update.linux64_1.5.0.202011040924/tools/bin/../lib/gcc/arm-none-eabi/9.3.1/../../../../arm-none-eabi/lib/thumb/v7e-m+fp/hard/libc_nano.a(lib_a-printf.o)
                0x00000000080084c4                printf
                0x00000000080084c4                iprintf
 .text._puts_r  0x00000000080084f4       0xdc /home/zez/.eclipse/com.st.stm32cube.ide.mcu.rcp.product_1.5.1_1935173079_linux_gtk_x86_64/plugins/com.st.stm32cube.ide.mcu.externaltools.gnu-tools-for-stm32.9-2020-q2-update.linux64_1.5.0.202011040924/tools/bin/../lib/gcc/arm-none-eabi/9.3.1/../../../../arm-none-eabi/lib/thumb/v7e-m+fp/hard/libc_nano.a(lib_a-puts.o)
                0x00000000080084f4                _puts_r
 .text.puts     0x00000000080085d0       0x10 /home/zez/.eclipse/com.st.stm32cube.ide.mcu.rcp.product_1.5.1_1935173079_linux_gtk_x86_64/plugins/com.st.stm32cube.ide.mcu.externaltools.gnu-tools-for-stm32.9-2020-q2-update.linux64_1.5.0.202011040924/tools/bin/../lib/gcc/arm-none-eabi/9.3.1/../../../../arm-none-eabi/lib/thumb/v7e-m+fp/hard/libc_nano.a(lib_a-puts.o)
                0x00000000080085d0                puts
 .text._sbrk_r  0x00000000080085e0       0x20 /home/zez/.eclipse/com.st.stm32cube.ide.mcu.rcp.product_1.5.1_1935173079_linux_gtk_x86_64/plugins/com.st.stm32cube.ide.mcu.externaltools.gnu-tools-for-stm32.9-2020-q2-update.linux64_1.5.0.202011040924/tools/bin/../lib/gcc/arm-none-eabi/9.3.1/../../../../arm-none-eabi/lib/thumb/v7e-m+fp/hard/libc_nano.a(lib_a-sbrkr.o)
                0x00000000080085e0                _sbrk_r
 .text.sprintf  0x0000000008008600       0x40 /home/zez/.eclipse/com.st.stm32cube.ide.mcu.rcp.product_1.5.1_1935173079_linux_gtk_x86_64/plugins/com.st.stm32cube.ide.mcu.externaltools.gnu-tools-for-stm32.9-2020-q2-update.linux64_1.5.0.202011040924/tools/bin/../lib/gcc/arm-none-eabi/9.3.1/../../../../arm-none-eabi/lib/thumb/v7e-m+fp/hard/libc_nano.a(lib_a-sprintf.o)
                0x0000000008008600                sprintf
                0x0000000008008600                siprintf
 .text.strcat   0x0000000008008640       0x1e /home/zez/.eclipse/com.st.stm32cube.ide.mcu.rcp.product_1.5.1_1935173079_linux_gtk_x86_64/plugins/com.st.stm32cube.ide.mcu.externaltools.gnu-tools-for-stm32.9-2020-q2-update.linux64_1.5.0.202011040924/tools/bin/../lib/gcc/arm-none-eabi/9.3.1/../../../../arm-none-eabi/lib/thumb/v7e-m+fp/hard/libc_nano.a(lib_a-strcat.o)
                0x0000000008008640                strcat
 .text.strcpy   0x000000000800865e       0x10 /home/zez/.eclipse/com.st.stm32cube.ide.mcu.rcp.product_1.5.1_1935173079_linux_gtk_x86_64/plugins/com.st.stm32cube.ide.mcu.externaltools.gnu-tools-for-stm32.9-2020-q2-update.linux64_1.5.0.202011040924/tools/bin/../lib/gcc/arm-none-eabi/9.3.1/../../../../arm-none-eabi/lib/thumb/v7e-m+fp/hard/libc_nano.a(lib_a-strcpy.o)
                0x000000000800865e                strcpy
 .text.strncpy  0x000000000800866e       0x26 /home/zez/.eclipse/com.st.stm32cube.ide.mcu.rcp.product_1.5.1_1935173079_linux_gtk_x86_64/plugins/com.st.stm32cube.ide.mcu.externaltools.gnu-tools-for-stm32.9-2020-q2-update.linux64_1.5.0.202011040924/tools/bin/../lib/gcc/arm-none-eabi/9.3.1/../../../../arm-none-eabi/lib/thumb/v7e-m+fp/hard/libc_nano.a(lib_a-strncpy.o)
                0x000000000800866e                strncpy
 .text.strstr   0x0000000008008694       0x2e /home/zez/.eclipse/com.st.stm32cube.ide.mcu.rcp.product_1.5.1_1935173079_linux_gtk_x86_64/plugins/com.st.stm32cube.ide.mcu.externaltools.gnu-tools-for-stm32.9-2020-q2-update.linux64_1.5.0.202011040924/tools/bin/../lib/gcc/arm-none-eabi/9.3.1/../../../../arm-none-eabi/lib/thumb/v7e-m+fp/hard/libc_nano.a(lib_a-strstr.o)
                0x0000000008008694                strstr
 *fill*         0x00000000080086c2        0x2 
 .text.strtok   0x00000000080086c4       0x68 /home/zez/.eclipse/com.st.stm32cube.ide.mcu.rcp.product_1.5.1_1935173079_linux_gtk_x86_64/plugins/com.st.stm32cube.ide.mcu.externaltools.gnu-tools-for-stm32.9-2020-q2-update.linux64_1.5.0.202011040924/tools/bin/../lib/gcc/arm-none-eabi/9.3.1/../../../../arm-none-eabi/lib/thumb/v7e-m+fp/hard/libc_nano.a(lib_a-strtok.o)
                0x00000000080086c4                strtok
 .text.__strtok_r
                0x000000000800872c       0x50 /home/zez/.eclipse/com.st.stm32cube.ide.mcu.rcp.product_1.5.1_1935173079_linux_gtk_x86_64/plugins/com.st.stm32cube.ide.mcu.externaltools.gnu-tools-for-stm32.9-2020-q2-update.linux64_1.5.0.202011040924/tools/bin/../lib/gcc/arm-none-eabi/9.3.1/../../../../arm-none-eabi/lib/thumb/v7e-m+fp/hard/libc_nano.a(lib_a-strtok_r.o)
                0x000000000800872c                __strtok_r
 .text._vsnprintf_r
                0x000000000800877c       0x58 /home/zez/.eclipse/com.st.stm32cube.ide.mcu.rcp.product_1.5.1_1935173079_linux_gtk_x86_64/plugins/com.st.stm32cube.ide.mcu.externaltools.gnu-tools-for-stm32.9-2020-q2-update.linux64_1.5.0.202011040924/tools/bin/../lib/gcc/arm-none-eabi/9.3.1/../../../../arm-none-eabi/lib/thumb/v7e-m+fp/hard/libc_nano.a(lib_a-vsnprintf.o)
                0x000000000800877c                _vsnprintf_r
                0x000000000800877c                _vsniprintf_r
 .text.vsnprintf
                0x00000000080087d4       0x1c /home/zez/.eclipse/com.st.stm32cube.ide.mcu.rcp.product_1.5.1_1935173079_linux_gtk_x86_64/plugins/com.st.stm32cube.ide.mcu.externaltools.gnu-tools-for-stm32.9-2020-q2-update.linux64_1.5.0.202011040924/tools/bin/../lib/gcc/arm-none-eabi/9.3.1/../../../../arm-none-eabi/lib/thumb/v7e-m+fp/hard/libc_nano.a(lib_a-vsnprintf.o)
                0x00000000080087d4                vsnprintf
                0x00000000080087d4                vsniprintf
 .text.__swbuf_r
                0x00000000080087f0       0xa4 /home/zez/.eclipse/com.st.stm32cube.ide.mcu.rcp.product_1.5.1_1935173079_linux_gtk_x86_64/plugins/com.st.stm32cube.ide.mcu.externaltools.gnu-tools-for-stm32.9-2020-q2-update.linux64_1.5.0.202011040924/tools/bin/../lib/gcc/arm-none-eabi/9.3.1/../../../../arm-none-eabi/lib/thumb/v7e-m+fp/hard/libc_nano.a(lib_a-wbuf.o)
                0x00000000080087f0                __swbuf_r
 .text.__swsetup_r
                0x0000000008008894       0xdc /home/zez/.eclipse/com.st.stm32cube.ide.mcu.rcp.product_1.5.1_1935173079_linux_gtk_x86_64/plugins/com.st.stm32cube.ide.mcu.externaltools.gnu-tools-for-stm32.9-2020-q2-update.linux64_1.5.0.202011040924/tools/bin/../lib/gcc/arm-none-eabi/9.3.1/../../../../arm-none-eabi/lib/thumb/v7e-m+fp/hard/libc_nano.a(lib_a-wsetup.o)
                0x0000000008008894                __swsetup_r
 .text.__assert_func
                0x0000000008008970       0x3c /home/zez/.eclipse/com.st.stm32cube.ide.mcu.rcp.product_1.5.1_1935173079_linux_gtk_x86_64/plugins/com.st.stm32cube.ide.mcu.externaltools.gnu-tools-for-stm32.9-2020-q2-update.linux64_1.5.0.202011040924/tools/bin/../lib/gcc/arm-none-eabi/9.3.1/../../../../arm-none-eabi/lib/thumb/v7e-m+fp/hard/libc_nano.a(lib_a-assert.o)
                0x0000000008008970                __assert_func
 .text.__sflush_r
                0x00000000080089ac      0x10c /home/zez/.eclipse/com.st.stm32cube.ide.mcu.rcp.product_1.5.1_1935173079_linux_gtk_x86_64/plugins/com.st.stm32cube.ide.mcu.externaltools.gnu-tools-for-stm32.9-2020-q2-update.linux64_1.5.0.202011040924/tools/bin/../lib/gcc/arm-none-eabi/9.3.1/../../../../arm-none-eabi/lib/thumb/v7e-m+fp/hard/libc_nano.a(lib_a-fflush.o)
                0x00000000080089ac                __sflush_r
 .text._fflush_r
                0x0000000008008ab8       0x78 /home/zez/.eclipse/com.st.stm32cube.ide.mcu.rcp.product_1.5.1_1935173079_linux_gtk_x86_64/plugins/com.st.stm32cube.ide.mcu.externaltools.gnu-tools-for-stm32.9-2020-q2-update.linux64_1.5.0.202011040924/tools/bin/../lib/gcc/arm-none-eabi/9.3.1/../../../../arm-none-eabi/lib/thumb/v7e-m+fp/hard/libc_nano.a(lib_a-fflush.o)
                0x0000000008008ab8                _fflush_r
 .text.std      0x0000000008008b30       0x48 /home/zez/.eclipse/com.st.stm32cube.ide.mcu.rcp.product_1.5.1_1935173079_linux_gtk_x86_64/plugins/com.st.stm32cube.ide.mcu.externaltools.gnu-tools-for-stm32.9-2020-q2-update.linux64_1.5.0.202011040924/tools/bin/../lib/gcc/arm-none-eabi/9.3.1/../../../../arm-none-eabi/lib/thumb/v7e-m+fp/hard/libc_nano.a(lib_a-findfp.o)
 .text._cleanup_r
                0x0000000008008b78        0xc /home/zez/.eclipse/com.st.stm32cube.ide.mcu.rcp.product_1.5.1_1935173079_linux_gtk_x86_64/plugins/com.st.stm32cube.ide.mcu.externaltools.gnu-tools-for-stm32.9-2020-q2-update.linux64_1.5.0.202011040924/tools/bin/../lib/gcc/arm-none-eabi/9.3.1/../../../../arm-none-eabi/lib/thumb/v7e-m+fp/hard/libc_nano.a(lib_a-findfp.o)
                0x0000000008008b78                _cleanup_r
 .text.__sfmoreglue
                0x0000000008008b84       0x2c /home/zez/.eclipse/com.st.stm32cube.ide.mcu.rcp.product_1.5.1_1935173079_linux_gtk_x86_64/plugins/com.st.stm32cube.ide.mcu.externaltools.gnu-tools-for-stm32.9-2020-q2-update.linux64_1.5.0.202011040924/tools/bin/../lib/gcc/arm-none-eabi/9.3.1/../../../../arm-none-eabi/lib/thumb/v7e-m+fp/hard/libc_nano.a(lib_a-findfp.o)
                0x0000000008008b84                __sfmoreglue
 .text.__sfp_lock_acquire
                0x0000000008008bb0        0xc /home/zez/.eclipse/com.st.stm32cube.ide.mcu.rcp.product_1.5.1_1935173079_linux_gtk_x86_64/plugins/com.st.stm32cube.ide.mcu.externaltools.gnu-tools-for-stm32.9-2020-q2-update.linux64_1.5.0.202011040924/tools/bin/../lib/gcc/arm-none-eabi/9.3.1/../../../../arm-none-eabi/lib/thumb/v7e-m+fp/hard/libc_nano.a(lib_a-findfp.o)
                0x0000000008008bb0                __sfp_lock_acquire
 .text.__sfp_lock_release
                0x0000000008008bbc        0xc /home/zez/.eclipse/com.st.stm32cube.ide.mcu.rcp.product_1.5.1_1935173079_linux_gtk_x86_64/plugins/com.st.stm32cube.ide.mcu.externaltools.gnu-tools-for-stm32.9-2020-q2-update.linux64_1.5.0.202011040924/tools/bin/../lib/gcc/arm-none-eabi/9.3.1/../../../../arm-none-eabi/lib/thumb/v7e-m+fp/hard/libc_nano.a(lib_a-findfp.o)
                0x0000000008008bbc                __sfp_lock_release
 .text.__sinit_lock_acquire
                0x0000000008008bc8        0xc /home/zez/.eclipse/com.st.stm32cube.ide.mcu.rcp.product_1.5.1_1935173079_linux_gtk_x86_64/plugins/com.st.stm32cube.ide.mcu.externaltools.gnu-tools-for-stm32.9-2020-q2-update.linux64_1.5.0.202011040924/tools/bin/../lib/gcc/arm-none-eabi/9.3.1/../../../../arm-none-eabi/lib/thumb/v7e-m+fp/hard/libc_nano.a(lib_a-findfp.o)
                0x0000000008008bc8                __sinit_lock_acquire
 .text.__sinit_lock_release
                0x0000000008008bd4        0xc /home/zez/.eclipse/com.st.stm32cube.ide.mcu.rcp.product_1.5.1_1935173079_linux_gtk_x86_64/plugins/com.st.stm32cube.ide.mcu.externaltools.gnu-tools-for-stm32.9-2020-q2-update.linux64_1.5.0.202011040924/tools/bin/../lib/gcc/arm-none-eabi/9.3.1/../../../../arm-none-eabi/lib/thumb/v7e-m+fp/hard/libc_nano.a(lib_a-findfp.o)
                0x0000000008008bd4                __sinit_lock_release
 .text.__sinit  0x0000000008008be0       0x70 /home/zez/.eclipse/com.st.stm32cube.ide.mcu.rcp.product_1.5.1_1935173079_linux_gtk_x86_64/plugins/com.st.stm32cube.ide.mcu.externaltools.gnu-tools-for-stm32.9-2020-q2-update.linux64_1.5.0.202011040924/tools/bin/../lib/gcc/arm-none-eabi/9.3.1/../../../../arm-none-eabi/lib/thumb/v7e-m+fp/hard/libc_nano.a(lib_a-findfp.o)
                0x0000000008008be0                __sinit
 .text.__sfp    0x0000000008008c50       0x8c /home/zez/.eclipse/com.st.stm32cube.ide.mcu.rcp.product_1.5.1_1935173079_linux_gtk_x86_64/plugins/com.st.stm32cube.ide.mcu.externaltools.gnu-tools-for-stm32.9-2020-q2-update.linux64_1.5.0.202011040924/tools/bin/../lib/gcc/arm-none-eabi/9.3.1/../../../../arm-none-eabi/lib/thumb/v7e-m+fp/hard/libc_nano.a(lib_a-findfp.o)
                0x0000000008008c50                __sfp
 .text.fprintf  0x0000000008008cdc       0x24 /home/zez/.eclipse/com.st.stm32cube.ide.mcu.rcp.product_1.5.1_1935173079_linux_gtk_x86_64/plugins/com.st.stm32cube.ide.mcu.externaltools.gnu-tools-for-stm32.9-2020-q2-update.linux64_1.5.0.202011040924/tools/bin/../lib/gcc/arm-none-eabi/9.3.1/../../../../arm-none-eabi/lib/thumb/v7e-m+fp/hard/libc_nano.a(lib_a-fprintf.o)
                0x0000000008008cdc                fprintf
                0x0000000008008cdc                fiprintf
 .text._fwalk_reent
                0x0000000008008d00       0x3e /home/zez/.eclipse/com.st.stm32cube.ide.mcu.rcp.product_1.5.1_1935173079_linux_gtk_x86_64/plugins/com.st.stm32cube.ide.mcu.externaltools.gnu-tools-for-stm32.9-2020-q2-update.linux64_1.5.0.202011040924/tools/bin/../lib/gcc/arm-none-eabi/9.3.1/../../../../arm-none-eabi/lib/thumb/v7e-m+fp/hard/libc_nano.a(lib_a-fwalk.o)
                0x0000000008008d00                _fwalk_reent
 .text.__retarget_lock_init_recursive
                0x0000000008008d3e        0x2 /home/zez/.eclipse/com.st.stm32cube.ide.mcu.rcp.product_1.5.1_1935173079_linux_gtk_x86_64/plugins/com.st.stm32cube.ide.mcu.externaltools.gnu-tools-for-stm32.9-2020-q2-update.linux64_1.5.0.202011040924/tools/bin/../lib/gcc/arm-none-eabi/9.3.1/../../../../arm-none-eabi/lib/thumb/v7e-m+fp/hard/libc_nano.a(lib_a-lock.o)
                0x0000000008008d3e                __retarget_lock_init_recursive
 .text.__retarget_lock_acquire_recursive
                0x0000000008008d40        0x2 /home/zez/.eclipse/com.st.stm32cube.ide.mcu.rcp.product_1.5.1_1935173079_linux_gtk_x86_64/plugins/com.st.stm32cube.ide.mcu.externaltools.gnu-tools-for-stm32.9-2020-q2-update.linux64_1.5.0.202011040924/tools/bin/../lib/gcc/arm-none-eabi/9.3.1/../../../../arm-none-eabi/lib/thumb/v7e-m+fp/hard/libc_nano.a(lib_a-lock.o)
                0x0000000008008d40                __retarget_lock_acquire_recursive
 .text.__retarget_lock_release_recursive
                0x0000000008008d42        0x2 /home/zez/.eclipse/com.st.stm32cube.ide.mcu.rcp.product_1.5.1_1935173079_linux_gtk_x86_64/plugins/com.st.stm32cube.ide.mcu.externaltools.gnu-tools-for-stm32.9-2020-q2-update.linux64_1.5.0.202011040924/tools/bin/../lib/gcc/arm-none-eabi/9.3.1/../../../../arm-none-eabi/lib/thumb/v7e-m+fp/hard/libc_nano.a(lib_a-lock.o)
                0x0000000008008d42                __retarget_lock_release_recursive
 .text.__swhatbuf_r
                0x0000000008008d44       0x48 /home/zez/.eclipse/com.st.stm32cube.ide.mcu.rcp.product_1.5.1_1935173079_linux_gtk_x86_64/plugins/com.st.stm32cube.ide.mcu.externaltools.gnu-tools-for-stm32.9-2020-q2-update.linux64_1.5.0.202011040924/tools/bin/../lib/gcc/arm-none-eabi/9.3.1/../../../../arm-none-eabi/lib/thumb/v7e-m+fp/hard/libc_nano.a(lib_a-makebuf.o)
                0x0000000008008d44                __swhatbuf_r
 .text.__smakebuf_r
                0x0000000008008d8c       0x80 /home/zez/.eclipse/com.st.stm32cube.ide.mcu.rcp.product_1.5.1_1935173079_linux_gtk_x86_64/plugins/com.st.stm32cube.ide.mcu.externaltools.gnu-tools-for-stm32.9-2020-q2-update.linux64_1.5.0.202011040924/tools/bin/../lib/gcc/arm-none-eabi/9.3.1/../../../../arm-none-eabi/lib/thumb/v7e-m+fp/hard/libc_nano.a(lib_a-makebuf.o)
                0x0000000008008d8c                __smakebuf_r
 .text.__malloc_lock
                0x0000000008008e0c        0xc /home/zez/.eclipse/com.st.stm32cube.ide.mcu.rcp.product_1.5.1_1935173079_linux_gtk_x86_64/plugins/com.st.stm32cube.ide.mcu.externaltools.gnu-tools-for-stm32.9-2020-q2-update.linux64_1.5.0.202011040924/tools/bin/../lib/gcc/arm-none-eabi/9.3.1/../../../../arm-none-eabi/lib/thumb/v7e-m+fp/hard/libc_nano.a(lib_a-mlock.o)
                0x0000000008008e0c                __malloc_lock
 .text.__malloc_unlock
                0x0000000008008e18        0xc /home/zez/.eclipse/com.st.stm32cube.ide.mcu.rcp.product_1.5.1_1935173079_linux_gtk_x86_64/plugins/com.st.stm32cube.ide.mcu.externaltools.gnu-tools-for-stm32.9-2020-q2-update.linux64_1.5.0.202011040924/tools/bin/../lib/gcc/arm-none-eabi/9.3.1/../../../../arm-none-eabi/lib/thumb/v7e-m+fp/hard/libc_nano.a(lib_a-mlock.o)
                0x0000000008008e18                __malloc_unlock
 .text.__ssputs_r
                0x0000000008008e24       0xb6 /home/zez/.eclipse/com.st.stm32cube.ide.mcu.rcp.product_1.5.1_1935173079_linux_gtk_x86_64/plugins/com.st.stm32cube.ide.mcu.externaltools.gnu-tools-for-stm32.9-2020-q2-update.linux64_1.5.0.202011040924/tools/bin/../lib/gcc/arm-none-eabi/9.3.1/../../../../arm-none-eabi/lib/thumb/v7e-m+fp/hard/libc_nano.a(lib_a-nano-svfprintf.o)
                0x0000000008008e24                __ssputs_r
 *fill*         0x0000000008008eda        0x2 
 .text._svfprintf_r
                0x0000000008008edc      0x200 /home/zez/.eclipse/com.st.stm32cube.ide.mcu.rcp.product_1.5.1_1935173079_linux_gtk_x86_64/plugins/com.st.stm32cube.ide.mcu.externaltools.gnu-tools-for-stm32.9-2020-q2-update.linux64_1.5.0.202011040924/tools/bin/../lib/gcc/arm-none-eabi/9.3.1/../../../../arm-none-eabi/lib/thumb/v7e-m+fp/hard/libc_nano.a(lib_a-nano-svfprintf.o)
                0x0000000008008edc                _svfprintf_r
                0x0000000008008edc                _svfiprintf_r
 .text.__sfputc_r
                0x00000000080090dc       0x2e /home/zez/.eclipse/com.st.stm32cube.ide.mcu.rcp.product_1.5.1_1935173079_linux_gtk_x86_64/plugins/com.st.stm32cube.ide.mcu.externaltools.gnu-tools-for-stm32.9-2020-q2-update.linux64_1.5.0.202011040924/tools/bin/../lib/gcc/arm-none-eabi/9.3.1/../../../../arm-none-eabi/lib/thumb/v7e-m+fp/hard/libc_nano.a(lib_a-nano-vfprintf.o)
 .text.__sfputs_r
                0x000000000800910a       0x24 /home/zez/.eclipse/com.st.stm32cube.ide.mcu.rcp.product_1.5.1_1935173079_linux_gtk_x86_64/plugins/com.st.stm32cube.ide.mcu.externaltools.gnu-tools-for-stm32.9-2020-q2-update.linux64_1.5.0.202011040924/tools/bin/../lib/gcc/arm-none-eabi/9.3.1/../../../../arm-none-eabi/lib/thumb/v7e-m+fp/hard/libc_nano.a(lib_a-nano-vfprintf.o)
                0x000000000800910a                __sfputs_r
 *fill*         0x000000000800912e        0x2 
 .text._vfprintf_r
                0x0000000008009130      0x260 /home/zez/.eclipse/com.st.stm32cube.ide.mcu.rcp.product_1.5.1_1935173079_linux_gtk_x86_64/plugins/com.st.stm32cube.ide.mcu.externaltools.gnu-tools-for-stm32.9-2020-q2-update.linux64_1.5.0.202011040924/tools/bin/../lib/gcc/arm-none-eabi/9.3.1/../../../../arm-none-eabi/lib/thumb/v7e-m+fp/hard/libc_nano.a(lib_a-nano-vfprintf.o)
                0x0000000008009130                _vfiprintf_r
                0x0000000008009130                _vfprintf_r
 .text._printf_common
                0x0000000008009390       0xda /home/zez/.eclipse/com.st.stm32cube.ide.mcu.rcp.product_1.5.1_1935173079_linux_gtk_x86_64/plugins/com.st.stm32cube.ide.mcu.externaltools.gnu-tools-for-stm32.9-2020-q2-update.linux64_1.5.0.202011040924/tools/bin/../lib/gcc/arm-none-eabi/9.3.1/../../../../arm-none-eabi/lib/thumb/v7e-m+fp/hard/libc_nano.a(lib_a-nano-vfprintf_i.o)
                0x0000000008009390                _printf_common
 *fill*         0x000000000800946a        0x2 
 .text._printf_i
                0x000000000800946c      0x24c /home/zez/.eclipse/com.st.stm32cube.ide.mcu.rcp.product_1.5.1_1935173079_linux_gtk_x86_64/plugins/com.st.stm32cube.ide.mcu.externaltools.gnu-tools-for-stm32.9-2020-q2-update.linux64_1.5.0.202011040924/tools/bin/../lib/gcc/arm-none-eabi/9.3.1/../../../../arm-none-eabi/lib/thumb/v7e-m+fp/hard/libc_nano.a(lib_a-nano-vfprintf_i.o)
                0x000000000800946c                _printf_i
 .text.__sread  0x00000000080096b8       0x22 /home/zez/.eclipse/com.st.stm32cube.ide.mcu.rcp.product_1.5.1_1935173079_linux_gtk_x86_64/plugins/com.st.stm32cube.ide.mcu.externaltools.gnu-tools-for-stm32.9-2020-q2-update.linux64_1.5.0.202011040924/tools/bin/../lib/gcc/arm-none-eabi/9.3.1/../../../../arm-none-eabi/lib/thumb/v7e-m+fp/hard/libc_nano.a(lib_a-stdio.o)
                0x00000000080096b8                __sread
 .text.__swrite
                0x00000000080096da       0x38 /home/zez/.eclipse/com.st.stm32cube.ide.mcu.rcp.product_1.5.1_1935173079_linux_gtk_x86_64/plugins/com.st.stm32cube.ide.mcu.externaltools.gnu-tools-for-stm32.9-2020-q2-update.linux64_1.5.0.202011040924/tools/bin/../lib/gcc/arm-none-eabi/9.3.1/../../../../arm-none-eabi/lib/thumb/v7e-m+fp/hard/libc_nano.a(lib_a-stdio.o)
                0x00000000080096da                __swrite
 .text.__sseek  0x0000000008009712       0x24 /home/zez/.eclipse/com.st.stm32cube.ide.mcu.rcp.product_1.5.1_1935173079_linux_gtk_x86_64/plugins/com.st.stm32cube.ide.mcu.externaltools.gnu-tools-for-stm32.9-2020-q2-update.linux64_1.5.0.202011040924/tools/bin/../lib/gcc/arm-none-eabi/9.3.1/../../../../arm-none-eabi/lib/thumb/v7e-m+fp/hard/libc_nano.a(lib_a-stdio.o)
                0x0000000008009712                __sseek
 .text.__sclose
                0x0000000008009736        0x8 /home/zez/.eclipse/com.st.stm32cube.ide.mcu.rcp.product_1.5.1_1935173079_linux_gtk_x86_64/plugins/com.st.stm32cube.ide.mcu.externaltools.gnu-tools-for-stm32.9-2020-q2-update.linux64_1.5.0.202011040924/tools/bin/../lib/gcc/arm-none-eabi/9.3.1/../../../../arm-none-eabi/lib/thumb/v7e-m+fp/hard/libc_nano.a(lib_a-stdio.o)
                0x0000000008009736                __sclose
 *fill*         0x000000000800973e        0x2 
 .text._write_r
                0x0000000008009740       0x24 /home/zez/.eclipse/com.st.stm32cube.ide.mcu.rcp.product_1.5.1_1935173079_linux_gtk_x86_64/plugins/com.st.stm32cube.ide.mcu.externaltools.gnu-tools-for-stm32.9-2020-q2-update.linux64_1.5.0.202011040924/tools/bin/../lib/gcc/arm-none-eabi/9.3.1/../../../../arm-none-eabi/lib/thumb/v7e-m+fp/hard/libc_nano.a(lib_a-writer.o)
                0x0000000008009740                _write_r
 .text.abort    0x0000000008009764        0xe /home/zez/.eclipse/com.st.stm32cube.ide.mcu.rcp.product_1.5.1_1935173079_linux_gtk_x86_64/plugins/com.st.stm32cube.ide.mcu.externaltools.gnu-tools-for-stm32.9-2020-q2-update.linux64_1.5.0.202011040924/tools/bin/../lib/gcc/arm-none-eabi/9.3.1/../../../../arm-none-eabi/lib/thumb/v7e-m+fp/hard/libc_nano.a(lib_a-abort.o)
                0x0000000008009764                abort
 *fill*         0x0000000008009772        0x2 
 .text._close_r
                0x0000000008009774       0x20 /home/zez/.eclipse/com.st.stm32cube.ide.mcu.rcp.product_1.5.1_1935173079_linux_gtk_x86_64/plugins/com.st.stm32cube.ide.mcu.externaltools.gnu-tools-for-stm32.9-2020-q2-update.linux64_1.5.0.202011040924/tools/bin/../lib/gcc/arm-none-eabi/9.3.1/../../../../arm-none-eabi/lib/thumb/v7e-m+fp/hard/libc_nano.a(lib_a-closer.o)
                0x0000000008009774                _close_r
 .text._fstat_r
                0x0000000008009794       0x24 /home/zez/.eclipse/com.st.stm32cube.ide.mcu.rcp.product_1.5.1_1935173079_linux_gtk_x86_64/plugins/com.st.stm32cube.ide.mcu.externaltools.gnu-tools-for-stm32.9-2020-q2-update.linux64_1.5.0.202011040924/tools/bin/../lib/gcc/arm-none-eabi/9.3.1/../../../../arm-none-eabi/lib/thumb/v7e-m+fp/hard/libc_nano.a(lib_a-fstatr.o)
                0x0000000008009794                _fstat_r
 .text._isatty_r
                0x00000000080097b8       0x20 /home/zez/.eclipse/com.st.stm32cube.ide.mcu.rcp.product_1.5.1_1935173079_linux_gtk_x86_64/plugins/com.st.stm32cube.ide.mcu.externaltools.gnu-tools-for-stm32.9-2020-q2-update.linux64_1.5.0.202011040924/tools/bin/../lib/gcc/arm-none-eabi/9.3.1/../../../../arm-none-eabi/lib/thumb/v7e-m+fp/hard/libc_nano.a(lib_a-isattyr.o)
                0x00000000080097b8                _isatty_r
 .text._lseek_r
                0x00000000080097d8       0x24 /home/zez/.eclipse/com.st.stm32cube.ide.mcu.rcp.product_1.5.1_1935173079_linux_gtk_x86_64/plugins/com.st.stm32cube.ide.mcu.externaltools.gnu-tools-for-stm32.9-2020-q2-update.linux64_1.5.0.202011040924/tools/bin/../lib/gcc/arm-none-eabi/9.3.1/../../../../arm-none-eabi/lib/thumb/v7e-m+fp/hard/libc_nano.a(lib_a-lseekr.o)
                0x00000000080097d8                _lseek_r
 .text.memmove  0x00000000080097fc       0x34 /home/zez/.eclipse/com.st.stm32cube.ide.mcu.rcp.product_1.5.1_1935173079_linux_gtk_x86_64/plugins/com.st.stm32cube.ide.mcu.externaltools.gnu-tools-for-stm32.9-2020-q2-update.linux64_1.5.0.202011040924/tools/bin/../lib/gcc/arm-none-eabi/9.3.1/../../../../arm-none-eabi/lib/thumb/v7e-m+fp/hard/libc_nano.a(lib_a-memmove.o)
                0x00000000080097fc                memmove
 .text._realloc_r
                0x0000000008009830       0x4c /home/zez/.eclipse/com.st.stm32cube.ide.mcu.rcp.product_1.5.1_1935173079_linux_gtk_x86_64/plugins/com.st.stm32cube.ide.mcu.externaltools.gnu-tools-for-stm32.9-2020-q2-update.linux64_1.5.0.202011040924/tools/bin/../lib/gcc/arm-none-eabi/9.3.1/../../../../arm-none-eabi/lib/thumb/v7e-m+fp/hard/libc_nano.a(lib_a-nano-reallocr.o)
                0x0000000008009830                _realloc_r
 .text._read_r  0x000000000800987c       0x24 /home/zez/.eclipse/com.st.stm32cube.ide.mcu.rcp.product_1.5.1_1935173079_linux_gtk_x86_64/plugins/com.st.stm32cube.ide.mcu.externaltools.gnu-tools-for-stm32.9-2020-q2-update.linux64_1.5.0.202011040924/tools/bin/../lib/gcc/arm-none-eabi/9.3.1/../../../../arm-none-eabi/lib/thumb/v7e-m+fp/hard/libc_nano.a(lib_a-readr.o)
                0x000000000800987c                _read_r
 .text._raise_r
                0x00000000080098a0       0x50 /home/zez/.eclipse/com.st.stm32cube.ide.mcu.rcp.product_1.5.1_1935173079_linux_gtk_x86_64/plugins/com.st.stm32cube.ide.mcu.externaltools.gnu-tools-for-stm32.9-2020-q2-update.linux64_1.5.0.202011040924/tools/bin/../lib/gcc/arm-none-eabi/9.3.1/../../../../arm-none-eabi/lib/thumb/v7e-m+fp/hard/libc_nano.a(lib_a-signal.o)
                0x00000000080098a0                _raise_r
 .text.raise    0x00000000080098f0       0x10 /home/zez/.eclipse/com.st.stm32cube.ide.mcu.rcp.product_1.5.1_1935173079_linux_gtk_x86_64/plugins/com.st.stm32cube.ide.mcu.externaltools.gnu-tools-for-stm32.9-2020-q2-update.linux64_1.5.0.202011040924/tools/bin/../lib/gcc/arm-none-eabi/9.3.1/../../../../arm-none-eabi/lib/thumb/v7e-m+fp/hard/libc_nano.a(lib_a-signal.o)
                0x00000000080098f0                raise
 .text._kill_r  0x0000000008009900       0x24 /home/zez/.eclipse/com.st.stm32cube.ide.mcu.rcp.product_1.5.1_1935173079_linux_gtk_x86_64/plugins/com.st.stm32cube.ide.mcu.externaltools.gnu-tools-for-stm32.9-2020-q2-update.linux64_1.5.0.202011040924/tools/bin/../lib/gcc/arm-none-eabi/9.3.1/../../../../arm-none-eabi/lib/thumb/v7e-m+fp/hard/libc_nano.a(lib_a-signalr.o)
                0x0000000008009900                _kill_r
 .text._getpid_r
                0x0000000008009924        0x4 /home/zez/.eclipse/com.st.stm32cube.ide.mcu.rcp.product_1.5.1_1935173079_linux_gtk_x86_64/plugins/com.st.stm32cube.ide.mcu.externaltools.gnu-tools-for-stm32.9-2020-q2-update.linux64_1.5.0.202011040924/tools/bin/../lib/gcc/arm-none-eabi/9.3.1/../../../../arm-none-eabi/lib/thumb/v7e-m+fp/hard/libc_nano.a(lib_a-signalr.o)
                0x0000000008009924                _getpid_r
 .text._malloc_usable_size_r
                0x0000000008009928       0x10 /home/zez/.eclipse/com.st.stm32cube.ide.mcu.rcp.product_1.5.1_1935173079_linux_gtk_x86_64/plugins/com.st.stm32cube.ide.mcu.externaltools.gnu-tools-for-stm32.9-2020-q2-update.linux64_1.5.0.202011040924/tools/bin/../lib/gcc/arm-none-eabi/9.3.1/../../../../arm-none-eabi/lib/thumb/v7e-m+fp/hard/libc_nano.a(lib_a-nano-msizer.o)
                0x0000000008009928                _malloc_usable_size_r
 *(.glue_7)
 .glue_7        0x0000000008009938        0x0 linker stubs
 *(.glue_7t)
 .glue_7t       0x0000000008009938        0x0 linker stubs
 *(.eh_frame)
 .eh_frame      0x0000000008009938        0x0 /home/zez/.eclipse/com.st.stm32cube.ide.mcu.rcp.product_1.5.1_1935173079_linux_gtk_x86_64/plugins/com.st.stm32cube.ide.mcu.externaltools.gnu-tools-for-stm32.9-2020-q2-update.linux64_1.5.0.202011040924/tools/bin/../lib/gcc/arm-none-eabi/9.3.1/thumb/v7e-m+fp/hard/crtbegin.o
 *(.init)
 .init          0x0000000008009938        0x4 /home/zez/.eclipse/com.st.stm32cube.ide.mcu.rcp.product_1.5.1_1935173079_linux_gtk_x86_64/plugins/com.st.stm32cube.ide.mcu.externaltools.gnu-tools-for-stm32.9-2020-q2-update.linux64_1.5.0.202011040924/tools/bin/../lib/gcc/arm-none-eabi/9.3.1/thumb/v7e-m+fp/hard/crti.o
                0x0000000008009938                _init
 .init          0x000000000800993c        0x8 /home/zez/.eclipse/com.st.stm32cube.ide.mcu.rcp.product_1.5.1_1935173079_linux_gtk_x86_64/plugins/com.st.stm32cube.ide.mcu.externaltools.gnu-tools-for-stm32.9-2020-q2-update.linux64_1.5.0.202011040924/tools/bin/../lib/gcc/arm-none-eabi/9.3.1/thumb/v7e-m+fp/hard/crtn.o
 *(.fini)
 .fini          0x0000000008009944        0x4 /home/zez/.eclipse/com.st.stm32cube.ide.mcu.rcp.product_1.5.1_1935173079_linux_gtk_x86_64/plugins/com.st.stm32cube.ide.mcu.externaltools.gnu-tools-for-stm32.9-2020-q2-update.linux64_1.5.0.202011040924/tools/bin/../lib/gcc/arm-none-eabi/9.3.1/thumb/v7e-m+fp/hard/crti.o
                0x0000000008009944                _fini
 .fini          0x0000000008009948        0x8 /home/zez/.eclipse/com.st.stm32cube.ide.mcu.rcp.product_1.5.1_1935173079_linux_gtk_x86_64/plugins/com.st.stm32cube.ide.mcu.externaltools.gnu-tools-for-stm32.9-2020-q2-update.linux64_1.5.0.202011040924/tools/bin/../lib/gcc/arm-none-eabi/9.3.1/thumb/v7e-m+fp/hard/crtn.o
                0x0000000008009950                . = ALIGN (0x4)
                0x0000000008009950                _etext = .

.vfp11_veneer   0x0000000008009950        0x0
 .vfp11_veneer  0x0000000008009950        0x0 linker stubs

.v4_bx          0x0000000008009950        0x0
 .v4_bx         0x0000000008009950        0x0 linker stubs

.iplt           0x0000000008009950        0x0
 .iplt          0x0000000008009950        0x0 /home/zez/.eclipse/com.st.stm32cube.ide.mcu.rcp.product_1.5.1_1935173079_linux_gtk_x86_64/plugins/com.st.stm32cube.ide.mcu.externaltools.gnu-tools-for-stm32.9-2020-q2-update.linux64_1.5.0.202011040924/tools/bin/../lib/gcc/arm-none-eabi/9.3.1/thumb/v7e-m+fp/hard/crtbegin.o

.rodata         0x0000000008009950     0x2a3c
                0x0000000008009950                . = ALIGN (0x4)
 *(.rodata)
 .rodata        0x0000000008009950      0x5fa Core/Src/httpParser.o
 *fill*         0x0000000008009f4a        0x2 
 .rodata        0x0000000008009f4c      0x7cd Core/Src/httpServer.o
 *fill*         0x000000000800a719        0x3 
 .rodata        0x000000000800a71c        0xf Core/Src/httpUtil.o
 *fill*         0x000000000800a72b        0x1 
 .rodata        0x000000000800a72c      0x4f0 Core/Src/main.o
 *(.rodata*)
 .rodata.Font7x10
                0x000000000800ac1c      0x76c Core/Src/fonts.o
                0x000000000800ac1c                Font7x10
 .rodata.Font11x18
                0x000000000800b388      0xd5c Core/Src/fonts.o
                0x000000000800b388                Font11x18
 .rodata.ERROR_HTML_PAGE
                0x000000000800c0e4       0x99 Core/Src/httpServer.o
 *fill*         0x000000000800c17d        0x3 
 .rodata.ERROR_REQUEST_PAGE
                0x000000000800c180       0x76 Core/Src/httpServer.o
 *fill*         0x000000000800c1f6        0x2 
 .rodata.AHBPrescTable
                0x000000000800c1f8       0x10 Core/Src/system_stm32l4xx.o
                0x000000000800c1f8                AHBPrescTable
 .rodata.APBPrescTable
                0x000000000800c208        0x8 Core/Src/system_stm32l4xx.o
                0x000000000800c208                APBPrescTable
 .rodata.MSIRangeTable
                0x000000000800c210       0x30 Core/Src/system_stm32l4xx.o
                0x000000000800c210                MSIRangeTable
 .rodata._global_impure_ptr
                0x000000000800c240        0x4 /home/zez/.eclipse/com.st.stm32cube.ide.mcu.rcp.product_1.5.1_1935173079_linux_gtk_x86_64/plugins/com.st.stm32cube.ide.mcu.externaltools.gnu-tools-for-stm32.9-2020-q2-update.linux64_1.5.0.202011040924/tools/bin/../lib/gcc/arm-none-eabi/9.3.1/../../../../arm-none-eabi/lib/thumb/v7e-m+fp/hard/libc_nano.a(lib_a-impure.o)
                0x000000000800c240                _global_impure_ptr
 .rodata.strtok.str1.1
                0x000000000800c244       0x78 /home/zez/.eclipse/com.st.stm32cube.ide.mcu.rcp.product_1.5.1_1935173079_linux_gtk_x86_64/plugins/com.st.stm32cube.ide.mcu.externaltools.gnu-tools-for-stm32.9-2020-q2-update.linux64_1.5.0.202011040924/tools/bin/../lib/gcc/arm-none-eabi/9.3.1/../../../../arm-none-eabi/lib/thumb/v7e-m+fp/hard/libc_nano.a(lib_a-strtok.o)
 .rodata.__assert_func.str1.1
                0x000000000800c2bc       0x3c /home/zez/.eclipse/com.st.stm32cube.ide.mcu.rcp.product_1.5.1_1935173079_linux_gtk_x86_64/plugins/com.st.stm32cube.ide.mcu.externaltools.gnu-tools-for-stm32.9-2020-q2-update.linux64_1.5.0.202011040924/tools/bin/../lib/gcc/arm-none-eabi/9.3.1/../../../../arm-none-eabi/lib/thumb/v7e-m+fp/hard/libc_nano.a(lib_a-assert.o)
                                         0x3d (size before relaxing)
 .rodata.__sf_fake_stderr
                0x000000000800c2f8       0x20 /home/zez/.eclipse/com.st.stm32cube.ide.mcu.rcp.product_1.5.1_1935173079_linux_gtk_x86_64/plugins/com.st.stm32cube.ide.mcu.externaltools.gnu-tools-for-stm32.9-2020-q2-update.linux64_1.5.0.202011040924/tools/bin/../lib/gcc/arm-none-eabi/9.3.1/../../../../arm-none-eabi/lib/thumb/v7e-m+fp/hard/libc_nano.a(lib_a-findfp.o)
                0x000000000800c2f8                __sf_fake_stderr
 .rodata.__sf_fake_stdin
                0x000000000800c318       0x20 /home/zez/.eclipse/com.st.stm32cube.ide.mcu.rcp.product_1.5.1_1935173079_linux_gtk_x86_64/plugins/com.st.stm32cube.ide.mcu.externaltools.gnu-tools-for-stm32.9-2020-q2-update.linux64_1.5.0.202011040924/tools/bin/../lib/gcc/arm-none-eabi/9.3.1/../../../../arm-none-eabi/lib/thumb/v7e-m+fp/hard/libc_nano.a(lib_a-findfp.o)
                0x000000000800c318                __sf_fake_stdin
 .rodata.__sf_fake_stdout
                0x000000000800c338       0x20 /home/zez/.eclipse/com.st.stm32cube.ide.mcu.rcp.product_1.5.1_1935173079_linux_gtk_x86_64/plugins/com.st.stm32cube.ide.mcu.externaltools.gnu-tools-for-stm32.9-2020-q2-update.linux64_1.5.0.202011040924/tools/bin/../lib/gcc/arm-none-eabi/9.3.1/../../../../arm-none-eabi/lib/thumb/v7e-m+fp/hard/libc_nano.a(lib_a-findfp.o)
                0x000000000800c338                __sf_fake_stdout
 .rodata._svfprintf_r.str1.1
                0x000000000800c358       0x11 /home/zez/.eclipse/com.st.stm32cube.ide.mcu.rcp.product_1.5.1_1935173079_linux_gtk_x86_64/plugins/com.st.stm32cube.ide.mcu.externaltools.gnu-tools-for-stm32.9-2020-q2-update.linux64_1.5.0.202011040924/tools/bin/../lib/gcc/arm-none-eabi/9.3.1/../../../../arm-none-eabi/lib/thumb/v7e-m+fp/hard/libc_nano.a(lib_a-nano-svfprintf.o)
 .rodata._vfprintf_r.str1.1
                0x000000000800c369       0x11 /home/zez/.eclipse/com.st.stm32cube.ide.mcu.rcp.product_1.5.1_1935173079_linux_gtk_x86_64/plugins/com.st.stm32cube.ide.mcu.externaltools.gnu-tools-for-stm32.9-2020-q2-update.linux64_1.5.0.202011040924/tools/bin/../lib/gcc/arm-none-eabi/9.3.1/../../../../arm-none-eabi/lib/thumb/v7e-m+fp/hard/libc_nano.a(lib_a-nano-vfprintf.o)
 .rodata._printf_i.str1.1
                0x000000000800c369       0x22 /home/zez/.eclipse/com.st.stm32cube.ide.mcu.rcp.product_1.5.1_1935173079_linux_gtk_x86_64/plugins/com.st.stm32cube.ide.mcu.externaltools.gnu-tools-for-stm32.9-2020-q2-update.linux64_1.5.0.202011040924/tools/bin/../lib/gcc/arm-none-eabi/9.3.1/../../../../arm-none-eabi/lib/thumb/v7e-m+fp/hard/libc_nano.a(lib_a-nano-vfprintf_i.o)
                0x000000000800c38c                . = ALIGN (0x4)
 *fill*         0x000000000800c38b        0x1 

.ARM.extab      0x000000000800c38c        0x0
                0x000000000800c38c                . = ALIGN (0x4)
 *(.ARM.extab* .gnu.linkonce.armextab.*)
                0x000000000800c38c                . = ALIGN (0x4)

.ARM            0x000000000800c38c        0x8
                0x000000000800c38c                . = ALIGN (0x4)
                0x000000000800c38c                __exidx_start = .
 *(.ARM.exidx*)
 .ARM.exidx     0x000000000800c38c        0x8 /home/zez/.eclipse/com.st.stm32cube.ide.mcu.rcp.product_1.5.1_1935173079_linux_gtk_x86_64/plugins/com.st.stm32cube.ide.mcu.externaltools.gnu-tools-for-stm32.9-2020-q2-update.linux64_1.5.0.202011040924/tools/bin/../lib/gcc/arm-none-eabi/9.3.1/thumb/v7e-m+fp/hard/libgcc.a(_udivmoddi4.o)
                0x000000000800c394                __exidx_end = .
                0x000000000800c394                . = ALIGN (0x4)

.rel.dyn        0x000000000800c394        0x0
 .rel.iplt      0x000000000800c394        0x0 /home/zez/.eclipse/com.st.stm32cube.ide.mcu.rcp.product_1.5.1_1935173079_linux_gtk_x86_64/plugins/com.st.stm32cube.ide.mcu.externaltools.gnu-tools-for-stm32.9-2020-q2-update.linux64_1.5.0.202011040924/tools/bin/../lib/gcc/arm-none-eabi/9.3.1/thumb/v7e-m+fp/hard/crtbegin.o

.preinit_array  0x000000000800c394        0x0
                0x000000000800c394                . = ALIGN (0x4)
                0x000000000800c394                PROVIDE (__preinit_array_start = .)
 *(.preinit_array*)
                0x000000000800c394                PROVIDE (__preinit_array_end = .)
                0x000000000800c394                . = ALIGN (0x4)

.init_array     0x000000000800c394        0x4
                0x000000000800c394                . = ALIGN (0x4)
                0x000000000800c394                PROVIDE (__init_array_start = .)
 *(SORT_BY_NAME(.init_array.*))
 *(.init_array*)
 .init_array    0x000000000800c394        0x4 /home/zez/.eclipse/com.st.stm32cube.ide.mcu.rcp.product_1.5.1_1935173079_linux_gtk_x86_64/plugins/com.st.stm32cube.ide.mcu.externaltools.gnu-tools-for-stm32.9-2020-q2-update.linux64_1.5.0.202011040924/tools/bin/../lib/gcc/arm-none-eabi/9.3.1/thumb/v7e-m+fp/hard/crtbegin.o
                0x000000000800c398                PROVIDE (__init_array_end = .)
                0x000000000800c398                . = ALIGN (0x4)

.fini_array     0x000000000800c398        0x4
                0x000000000800c398                . = ALIGN (0x4)
                [!provide]                        PROVIDE (__fini_array_start = .)
 *(SORT_BY_NAME(.fini_array.*))
 *(.fini_array*)
 .fini_array    0x000000000800c398        0x4 /home/zez/.eclipse/com.st.stm32cube.ide.mcu.rcp.product_1.5.1_1935173079_linux_gtk_x86_64/plugins/com.st.stm32cube.ide.mcu.externaltools.gnu-tools-for-stm32.9-2020-q2-update.linux64_1.5.0.202011040924/tools/bin/../lib/gcc/arm-none-eabi/9.3.1/thumb/v7e-m+fp/hard/crtbegin.o
                [!provide]                        PROVIDE (__fini_array_end = .)
                0x000000000800c39c                . = ALIGN (0x4)
                0x000000000800c39c                _sidata = LOADADDR (.data)

.data           0x0000000020000000      0x100 load address 0x000000000800c39c
                0x0000000020000000                . = ALIGN (0x4)
                0x0000000020000000                _sdata = .
 *(.data)
 *(.data*)
 .data.Font_7x10
                0x0000000020000000        0x8 Core/Src/fonts.o
                0x0000000020000000                Font_7x10
 .data.Font_11x18
                0x0000000020000008        0x8 Core/Src/fonts.o
                0x0000000020000008                Font_11x18
 .data.HTTPServer_ReStart
                0x0000000020000010        0x4 Core/Src/httpServer.o
                0x0000000020000010                HTTPServer_ReStart
 .data.HTTPServer_WDT_Reset
                0x0000000020000014        0x4 Core/Src/httpServer.o
                0x0000000020000014                HTTPServer_WDT_Reset
 .data.msg4     0x0000000020000018       0x32 Core/Src/main.o
                0x0000000020000018                msg4
 *fill*         0x000000002000004a        0x2 
 .data.msg      0x000000002000004c        0xd Core/Src/main.o
                0x000000002000004c                msg
 *fill*         0x0000000020000059        0x3 
 .data.ip_s     0x000000002000005c        0x4 Core/Src/main.o
                0x000000002000005c                ip_s
 .data.port_s   0x0000000020000060        0x2 Core/Src/main.o
                0x0000000020000060                port_s
 .data.port     0x0000000020000062        0x2 Core/Src/main.o
                0x0000000020000062                port
 .data.sock_any_port
                0x0000000020000064        0x2 Core/Src/socket.o
 *fill*         0x0000000020000066        0x2 
 .data.SystemCoreClock
                0x0000000020000068        0x4 Core/Src/system_stm32l4xx.o
                0x0000000020000068                SystemCoreClock
 .data.WIZCHIP  0x000000002000006c       0x28 Core/Src/wizchip_conf.o
                0x000000002000006c                WIZCHIP
 .data.uwTickPrio
                0x0000000020000094        0x4 Drivers/STM32L4xx_HAL_Driver/Src/stm32l4xx_hal.o
                0x0000000020000094                uwTickPrio
 .data.uwTickFreq
                0x0000000020000098        0x1 Drivers/STM32L4xx_HAL_Driver/Src/stm32l4xx_hal.o
                0x0000000020000098                uwTickFreq
 *fill*         0x0000000020000099        0x3 
 .data._impure_ptr
                0x000000002000009c        0x4 /home/zez/.eclipse/com.st.stm32cube.ide.mcu.rcp.product_1.5.1_1935173079_linux_gtk_x86_64/plugins/com.st.stm32cube.ide.mcu.externaltools.gnu-tools-for-stm32.9-2020-q2-update.linux64_1.5.0.202011040924/tools/bin/../lib/gcc/arm-none-eabi/9.3.1/../../../../arm-none-eabi/lib/thumb/v7e-m+fp/hard/libc_nano.a(lib_a-impure.o)
                0x000000002000009c                _impure_ptr
 .data.impure_data
                0x00000000200000a0       0x60 /home/zez/.eclipse/com.st.stm32cube.ide.mcu.rcp.product_1.5.1_1935173079_linux_gtk_x86_64/plugins/com.st.stm32cube.ide.mcu.externaltools.gnu-tools-for-stm32.9-2020-q2-update.linux64_1.5.0.202011040924/tools/bin/../lib/gcc/arm-none-eabi/9.3.1/../../../../arm-none-eabi/lib/thumb/v7e-m+fp/hard/libc_nano.a(lib_a-impure.o)
 *(.RamFunc)
 *(.RamFunc*)
                0x0000000020000100                . = ALIGN (0x4)
                0x0000000020000100                _edata = .

.igot.plt       0x0000000020000100        0x0 load address 0x000000000800c49c
 .igot.plt      0x0000000020000100        0x0 /home/zez/.eclipse/com.st.stm32cube.ide.mcu.rcp.product_1.5.1_1935173079_linux_gtk_x86_64/plugins/com.st.stm32cube.ide.mcu.externaltools.gnu-tools-for-stm32.9-2020-q2-update.linux64_1.5.0.202011040924/tools/bin/../lib/gcc/arm-none-eabi/9.3.1/thumb/v7e-m+fp/hard/crtbegin.o
                0x0000000020000100                . = ALIGN (0x4)

.bss            0x0000000020000100      0xbf4 load address 0x000000000800c49c
                0x0000000020000100                _sbss = .
                0x0000000020000100                __bss_start__ = _sbss
 *(.bss)
 .bss           0x0000000020000100       0x1c /home/zez/.eclipse/com.st.stm32cube.ide.mcu.rcp.product_1.5.1_1935173079_linux_gtk_x86_64/plugins/com.st.stm32cube.ide.mcu.externaltools.gnu-tools-for-stm32.9-2020-q2-update.linux64_1.5.0.202011040924/tools/bin/../lib/gcc/arm-none-eabi/9.3.1/thumb/v7e-m+fp/hard/crtbegin.o
 *(.bss*)
 .bss.HTTPSock_Num
                0x000000002000011c        0x8 Core/Src/httpServer.o
 .bss.http_request
                0x0000000020000124        0x4 Core/Src/httpServer.o
 .bss.parsed_http_request
                0x0000000020000128        0x4 Core/Src/httpServer.o
 .bss.http_response
                0x000000002000012c        0x4 Core/Src/httpServer.o
 .bss.total_content_cnt
                0x0000000020000130        0x2 Core/Src/httpServer.o
 *fill*         0x0000000020000132        0x2 
 .bss.httpServer_tick_1s
                0x0000000020000134        0x4 Core/Src/httpServer.o
                0x0000000020000134                httpServer_tick_1s
 .bss.HTTPSock_Status
                0x0000000020000138      0x4a0 Core/Src/httpServer.o
                0x0000000020000138                HTTPSock_Status
 .bss.UART1_rxBuffer
                0x00000000200005d8        0x6 Core/Src/main.o
                0x00000000200005d8                UART1_rxBuffer
 .bss.sock_io_mode
                0x00000000200005de        0x2 Core/Src/socket.o
 .bss.sock_is_sending
                0x00000000200005e0        0x2 Core/Src/socket.o
 *fill*         0x00000000200005e2        0x2 
 .bss.sock_remained_size
                0x00000000200005e4       0x10 Core/Src/socket.o
 .bss.sock_pack_info
                0x00000000200005f4        0x8 Core/Src/socket.o
                0x00000000200005f4                sock_pack_info
 .bss.SSD1306_Buffer
                0x00000000200005fc      0x410 Core/Src/ssd1306.o
 .bss.SSD1306   0x0000000020000a0c        0x6 Core/Src/ssd1306.o
 *fill*         0x0000000020000a12        0x2 
 .bss.__sbrk_heap_end
                0x0000000020000a14        0x4 Core/Src/sysmem.o
 .bss._DNS_     0x0000000020000a18        0x4 Core/Src/wizchip_conf.o
 .bss._DHCP_    0x0000000020000a1c        0x1 Core/Src/wizchip_conf.o
 *fill*         0x0000000020000a1d        0x3 
 .bss.__malloc_free_list
                0x0000000020000a20        0x4 /home/zez/.eclipse/com.st.stm32cube.ide.mcu.rcp.product_1.5.1_1935173079_linux_gtk_x86_64/plugins/com.st.stm32cube.ide.mcu.externaltools.gnu-tools-for-stm32.9-2020-q2-update.linux64_1.5.0.202011040924/tools/bin/../lib/gcc/arm-none-eabi/9.3.1/../../../../arm-none-eabi/lib/thumb/v7e-m+fp/hard/libc_nano.a(lib_a-nano-mallocr.o)
                0x0000000020000a20                __malloc_free_list
 .bss.__malloc_sbrk_start
                0x0000000020000a24        0x4 /home/zez/.eclipse/com.st.stm32cube.ide.mcu.rcp.product_1.5.1_1935173079_linux_gtk_x86_64/plugins/com.st.stm32cube.ide.mcu.externaltools.gnu-tools-for-stm32.9-2020-q2-update.linux64_1.5.0.202011040924/tools/bin/../lib/gcc/arm-none-eabi/9.3.1/../../../../arm-none-eabi/lib/thumb/v7e-m+fp/hard/libc_nano.a(lib_a-nano-mallocr.o)
                0x0000000020000a24                __malloc_sbrk_start
 *(COMMON)
 COMMON         0x0000000020000a28       0xf8 Core/Src/httpServer.o
                0x0000000020000a28                pHTTP_TX
                0x0000000020000a2c                pHTTP_RX
                0x0000000020000a30                web_content
 COMMON         0x0000000020000b20      0x1be Core/Src/main.o
                0x0000000020000b20                msg3
                0x0000000020000b26                ser_ptm
                0x0000000020000b27                ser_rcm
                0x0000000020000b28                ser_bfm
                0x0000000020000b58                pipi
                0x0000000020000b60                hi2c1
                0x0000000020000bac                msg1
                0x0000000020000bb4                msg2
                0x0000000020000bbc                huart1
                0x0000000020000c40                data
                0x0000000020000c44                hspi1
                0x0000000020000ca8                ser_pcm
                0x0000000020000caa                len
                0x0000000020000cac                vem
 *fill*         0x0000000020000cde        0x2 
 COMMON         0x0000000020000ce0        0x4 Drivers/STM32L4xx_HAL_Driver/Src/stm32l4xx_hal.o
                0x0000000020000ce0                uwTick
 COMMON         0x0000000020000ce4        0x9 /home/zez/.eclipse/com.st.stm32cube.ide.mcu.rcp.product_1.5.1_1935173079_linux_gtk_x86_64/plugins/com.st.stm32cube.ide.mcu.externaltools.gnu-tools-for-stm32.9-2020-q2-update.linux64_1.5.0.202011040924/tools/bin/../lib/gcc/arm-none-eabi/9.3.1/../../../../arm-none-eabi/lib/thumb/v7e-m+fp/hard/libc_nano.a(lib_a-lock.o)
                0x0000000020000ce4                __lock___atexit_recursive_mutex
                0x0000000020000ce5                __lock___arc4random_mutex
                0x0000000020000ce6                __lock___env_recursive_mutex
                0x0000000020000ce7                __lock___sinit_recursive_mutex
                0x0000000020000ce8                __lock___malloc_recursive_mutex
                0x0000000020000ce9                __lock___at_quick_exit_mutex
                0x0000000020000cea                __lock___dd_hash_mutex
                0x0000000020000ceb                __lock___tz_mutex
                0x0000000020000cec                __lock___sfp_recursive_mutex
 *fill*         0x0000000020000ced        0x3 
 COMMON         0x0000000020000cf0        0x4 /home/zez/.eclipse/com.st.stm32cube.ide.mcu.rcp.product_1.5.1_1935173079_linux_gtk_x86_64/plugins/com.st.stm32cube.ide.mcu.externaltools.gnu-tools-for-stm32.9-2020-q2-update.linux64_1.5.0.202011040924/tools/bin/../lib/gcc/arm-none-eabi/9.3.1/../../../../arm-none-eabi/lib/thumb/v7e-m+fp/hard/libc_nano.a(lib_a-reent.o)
                0x0000000020000cf0                errno
                0x0000000020000cf4                . = ALIGN (0x4)
                0x0000000020000cf4                _ebss = .
                0x0000000020000cf4                __bss_end__ = _ebss

._user_heap_stack
                0x0000000020000cf4      0x604 load address 0x000000000800c49c
                0x0000000020000cf8                . = ALIGN (0x8)
 *fill*         0x0000000020000cf4        0x4 
                [!provide]                        PROVIDE (end = .)
                0x0000000020000cf8                PROVIDE (_end = .)
                0x0000000020000ef8                . = (. + _Min_Heap_Size)
 *fill*         0x0000000020000cf8      0x200 
                0x00000000200012f8                . = (. + _Min_Stack_Size)
 *fill*         0x0000000020000ef8      0x400 
                0x00000000200012f8                . = ALIGN (0x8)

/DISCARD/
 libc.a(*)
 libm.a(*)
 libgcc.a(*)

.ARM.attributes
                0x0000000000000000       0x30
 *(.ARM.attributes)
 .ARM.attributes
                0x0000000000000000       0x1e /home/zez/.eclipse/com.st.stm32cube.ide.mcu.rcp.product_1.5.1_1935173079_linux_gtk_x86_64/plugins/com.st.stm32cube.ide.mcu.externaltools.gnu-tools-for-stm32.9-2020-q2-update.linux64_1.5.0.202011040924/tools/bin/../lib/gcc/arm-none-eabi/9.3.1/thumb/v7e-m+fp/hard/crti.o
 .ARM.attributes