Archive member included to satisfy reference by file (symbol)

/home/zez/.eclipse/com.st.stm32cube.ide.mcu.rcp.product_1.5.1_1935173079_linux_gtk_x86_64/plugins/com.st.stm32cube.ide.mcu.externaltools.gnu-tools-for-stm32.9-2020-q2-update.linux64_1.5.0.202011040924/tools/bin/../lib/gcc/arm-none-eabi/9.3.1/../../../../arm-none-eabi/lib/thumb/v7e-m+fp/hard/libc_nano.a(lib_a-errno.o)
                              Core/Src/syscalls.o (__errno)
/home/zez/.eclipse/com.st.stm32cube.ide.mcu.rcp.product_1.5.1_1935173079_linux_gtk_x86_64/plugins/com.st.stm32cube.ide.mcu.externaltools.gnu-tools-for-stm32.9-2020-q2-update.linux64_1.5.0.202011040924/tools/bin/../lib/gcc/arm-none-eabi/9.3.1/../../../../arm-none-eabi/lib/thumb/v7e-m+fp/hard/libc_nano.a(lib_a-exit.o)
                              /home/zez/.eclipse/com.st.stm32cube.ide.mcu.rcp.product_1.5.1_1935173079_linux_gtk_x86_64/plugins/com.st.stm32cube.ide.mcu.externaltools.gnu-tools-for-stm32.9-2020-q2-update.linux64_1.5.0.202011040924/tools/bin/../lib/gcc/arm-none-eabi/9.3.1/../../../../arm-none-eabi/lib/thumb/v7e-m+fp/hard/crt0.o (exit)
/home/zez/.eclipse/com.st.stm32cube.ide.mcu.rcp.product_1.5.1_1935173079_linux_gtk_x86_64/plugins/com.st.stm32cube.ide.mcu.externaltools.gnu-tools-for-stm32.9-2020-q2-update.linux64_1.5.0.202011040924/tools/bin/../lib/gcc/arm-none-eabi/9.3.1/../../../../arm-none-eabi/lib/thumb/v7e-m+fp/hard/libc_nano.a(lib_a-impure.o)
                              /home/zez/.eclipse/com.st.stm32cube.ide.mcu.rcp.product_1.5.1_1935173079_linux_gtk_x86_64/plugins/com.st.stm32cube.ide.mcu.externaltools.gnu-tools-for-stm32.9-2020-q2-update.linux64_1.5.0.202011040924/tools/bin/../lib/gcc/arm-none-eabi/9.3.1/../../../../arm-none-eabi/lib/thumb/v7e-m+fp/hard/libc_nano.a(lib_a-exit.o) (_global_impure_ptr)
/home/zez/.eclipse/com.st.stm32cube.ide.mcu.rcp.product_1.5.1_1935173079_linux_gtk_x86_64/plugins/com.st.stm32cube.ide.mcu.externaltools.gnu-tools-for-stm32.9-2020-q2-update.linux64_1.5.0.202011040924/tools/bin/../lib/gcc/arm-none-eabi/9.3.1/../../../../arm-none-eabi/lib/thumb/v7e-m+fp/hard/libc_nano.a(lib_a-init.o)
                              /home/zez/.eclipse/com.st.stm32cube.ide.mcu.rcp.product_1.5.1_1935173079_linux_gtk_x86_64/plugins/com.st.stm32cube.ide.mcu.externaltools.gnu-tools-for-stm32.9-2020-q2-update.linux64_1.5.0.202011040924/tools/bin/../lib/gcc/arm-none-eabi/9.3.1/../../../../arm-none-eabi/lib/thumb/v7e-m+fp/hard/crt0.o (__libc_init_array)
/home/zez/.eclipse/com.st.stm32cube.ide.mcu.rcp.product_1.5.1_1935173079_linux_gtk_x86_64/plugins/com.st.stm32cube.ide.mcu.externaltools.gnu-tools-for-stm32.9-2020-q2-update.linux64_1.5.0.202011040924/tools/bin/../lib/gcc/arm-none-eabi/9.3.1/../../../../arm-none-eabi/lib/thumb/v7e-m+fp/hard/libc_nano.a(lib_a-memset.o)
                              /home/zez/.eclipse/com.st.stm32cube.ide.mcu.rcp.product_1.5.1_1935173079_linux_gtk_x86_64/plugins/com.st.stm32cube.ide.mcu.externaltools.gnu-tools-for-stm32.9-2020-q2-update.linux64_1.5.0.202011040924/tools/bin/../lib/gcc/arm-none-eabi/9.3.1/../../../../arm-none-eabi/lib/thumb/v7e-m+fp/hard/crt0.o (memset)
/home/zez/.eclipse/com.st.stm32cube.ide.mcu.rcp.product_1.5.1_1935173079_linux_gtk_x86_64/plugins/com.st.stm32cube.ide.mcu.externaltools.gnu-tools-for-stm32.9-2020-q2-update.linux64_1.5.0.202011040924/tools/bin/../lib/gcc/arm-none-eabi/9.3.1/../../../../arm-none-eabi/lib/thumb/v7e-m+fp/hard/libc_nano.a(lib_a-sprintf.o)
                              Core/Src/main.o (sprintf)
/home/zez/.eclipse/com.st.stm32cube.ide.mcu.rcp.product_1.5.1_1935173079_linux_gtk_x86_64/plugins/com.st.stm32cube.ide.mcu.externaltools.gnu-tools-for-stm32.9-2020-q2-update.linux64_1.5.0.202011040924/tools/bin/../lib/gcc/arm-none-eabi/9.3.1/../../../../arm-none-eabi/lib/thumb/v7e-m+fp/hard/libc_nano.a(lib_a-strlen.o)
                              Core/Src/fonts.o (strlen)
/home/zez/.eclipse/com.st.stm32cube.ide.mcu.rcp.product_1.5.1_1935173079_linux_gtk_x86_64/plugins/com.st.stm32cube.ide.mcu.externaltools.gnu-tools-for-stm32.9-2020-q2-update.linux64_1.5.0.202011040924/tools/bin/../lib/gcc/arm-none-eabi/9.3.1/../../../../arm-none-eabi/lib/thumb/v7e-m+fp/hard/libc_nano.a(lib_a-vsnprintf.o)
                              Core/Src/main.o (vsnprintf)
/home/zez/.eclipse/com.st.stm32cube.ide.mcu.rcp.product_1.5.1_1935173079_linux_gtk_x86_64/plugins/com.st.stm32cube.ide.mcu.externaltools.gnu-tools-for-stm32.9-2020-q2-update.linux64_1.5.0.202011040924/tools/bin/../lib/gcc/arm-none-eabi/9.3.1/../../../../arm-none-eabi/lib/thumb/v7e-m+fp/hard/libc_nano.a(lib_a-nano-svfprintf.o)
                              /home/zez/.eclipse/com.st.stm32cube.ide.mcu.rcp.product_1.5.1_1935173079_linux_gtk_x86_64/plugins/com.st.stm32cube.ide.mcu.externaltools.gnu-tools-for-stm32.9-2020-q2-update.linux64_1.5.0.202011040924/tools/bin/../lib/gcc/arm-none-eabi/9.3.1/../../../../arm-none-eabi/lib/thumb/v7e-m+fp/hard/libc_nano.a(lib_a-sprintf.o) (_svfprintf_r)
[...]
Memory Configuration

Name             Origin             Length             Attributes
RAM              0x0000000020000000 0x000000000000a000 xrw
FLASH            0x0000000008000000 0x0000000000020000 xr
*default*        0x0000000000000000 0xffffffffffffffff

Linker script and memory map

LOAD /home/zez/.eclipse/com.st.stm32cube.ide.mcu.rcp.product_1.5.1_1935173079_linux_gtk_x86_64/plugins/com.st.stm32cube.ide.mcu.externaltools.gnu-tools-for-stm32.9-2020-q2-update.linux64_1.5.0.202011040924/tools/bin/../lib/gcc/arm-none-eabi/9.3.1/thumb/v7e-m+fp/hard/crti.o
LOAD /home/zez/.eclipse/com.st.stm32cube.ide.mcu.rcp.product_1.5.1_1935173079_linux_gtk_x86_64/plugins/com.st.stm32cube.ide.mcu.externaltools.gnu-tools-for-stm32.9-2020-q2-update.linux64_1.5.0.202011040924/tools/bin/../lib/gcc/arm-none-eabi/9.3.1/thumb/v7e-m+fp/hard/crtbegin.o
LOAD /home/zez/.eclipse/com.st.stm32cube.ide.mcu.rcp.product_1.5.1_1935173079_linux_gtk_x86_64/plugins/com.st.stm32cube.ide.mcu.externaltools.gnu-tools-for-stm32.9-2020-q2-update.linux64_1.5.0.202011040924/tools/bin/../lib/gcc/arm-none-eabi/9.3.1/../../../../arm-none-eabi/lib/thumb/v7e-m+fp/hard/crt0.o
LOAD Core/Src/fonts.o
LOAD Core/Src/main.o
LOAD Core/Src/rc522.o
LOAD Core/Src/ssd1306.o
LOAD Core/Src/stm32l4xx_hal_msp.o
LOAD Core/Src/stm32l4xx_it.o
LOAD Core/Src/syscalls.o
LOAD Core/Src/sysmem.o
LOAD Core/Src/system_stm32l4xx.o
LOAD Core/Startup/startup_stm32l412cbtxp.o
LOAD Drivers/STM32L4xx_HAL_Driver/Src/stm32l4xx_hal.o
LOAD Drivers/STM32L4xx_HAL_Driver/Src/stm32l4xx_hal_cortex.o
LOAD Drivers/STM32L4xx_HAL_Driver/Src/stm32l4xx_hal_dma.o
LOAD Drivers/STM32L4xx_HAL_Driver/Src/stm32l4xx_hal_dma_ex.o
LOAD Drivers/STM32L4xx_HAL_Driver/Src/stm32l4xx_hal_exti.o
LOAD Drivers/STM32L4xx_HAL_Driver/Src/stm32l4xx_hal_flash.o
LOAD Drivers/STM32L4xx_HAL_Driver/Src/stm32l4xx_hal_flash_ex.o
LOAD Drivers/STM32L4xx_HAL_Driver/Src/stm32l4xx_hal_flash_ramfunc.o
LOAD Drivers/STM32L4xx_HAL_Driver/Src/stm32l4xx_hal_gpio.o
LOAD Drivers/STM32L4xx_HAL_Driver/Src/stm32l4xx_hal_i2c.o
LOAD Drivers/STM32L4xx_HAL_Driver/Src/stm32l4xx_hal_i2c_ex.o
LOAD Drivers/STM32L4xx_HAL_Driver/Src/stm32l4xx_hal_pwr.o
LOAD Drivers/STM32L4xx_HAL_Driver/Src/stm32l4xx_hal_pwr_ex.o
LOAD Drivers/STM32L4xx_HAL_Driver/Src/stm32l4xx_hal_rcc.o
LOAD Drivers/STM32L4xx_HAL_Driver/Src/stm32l4xx_hal_rcc_ex.o
LOAD Drivers/STM32L4xx_HAL_Driver/Src/stm32l4xx_hal_spi.o
LOAD Drivers/STM32L4xx_HAL_Driver/Src/stm32l4xx_hal_spi_ex.o
LOAD Drivers/STM32L4xx_HAL_Driver/Src/stm32l4xx_hal_tim.o
LOAD Drivers/STM32L4xx_HAL_Driver/Src/stm32l4xx_hal_tim_ex.o
LOAD Drivers/STM32L4xx_HAL_Driver/Src/stm32l4xx_hal_uart.o
LOAD Drivers/STM32L4xx_HAL_Driver/Src/stm32l4xx_hal_uart_ex.o
START GROUP
LOAD /home/zez/.eclipse/com.st.stm32cube.ide.mcu.rcp.product_1.5.1_1935173079_linux_gtk_x86_64/plugins/com.st.stm32cube.ide.mcu.externaltools.gnu-tools-for-stm32.9-2020-q2-update.linux64_1.5.0.202011040924/tools/bin/../lib/gcc/arm-none-eabi/9.3.1/../../../../arm-none-eabi/lib/thumb/v7e-m+fp/hard/libc_nano.a
LOAD /home/zez/.eclipse/com.st.stm32cube.ide.mcu.rcp.product_1.5.1_1935173079_linux_gtk_x86_64/plugins/com.st.stm32cube.ide.mcu.externaltools.gnu-tools-for-stm32.9-2020-q2-update.linux64_1.5.0.202011040924/tools/bin/../lib/gcc/arm-none-eabi/9.3.1/../../../../arm-none-eabi/lib/thumb/v7e-m+fp/hard/libm.a
END GROUP
START GROUP
LOAD /home/zez/.eclipse/com.st.stm32cube.ide.mcu.rcp.product_1.5.1_1935173079_linux_gtk_x86_64/plugins/com.st.stm32cube.ide.mcu.externaltools.gnu-tools-for-stm32.9-2020-q2-update.linux64_1.5.0.202011040924/tools/bin/../lib/gcc/arm-none-eabi/9.3.1/thumb/v7e-m+fp/hard/libgcc.a
LOAD /home/zez/.eclipse/com.st.stm32cube.ide.mcu.rcp.product_1.5.1_1935173079_linux_gtk_x86_64/plugins/com.st.stm32cube.ide.mcu.externaltools.gnu-tools-for-stm32.9-2020-q2-update.linux64_1.5.0.202011040924/tools/bin/../lib/gcc/arm-none-eabi/9.3.1/../../../../arm-none-eabi/lib/thumb/v7e-m+fp/hard/libc_nano.a
END GROUP
START GROUP
LOAD /home/zez/.eclipse/com.st.stm32cube.ide.mcu.rcp.product_1.5.1_1935173079_linux_gtk_x86_64/plugins/com.st.stm32cube.ide.mcu.externaltools.gnu-tools-for-stm32.9-2020-q2-update.linux64_1.5.0.202011040924/tools/bin/../lib/gcc/arm-none-eabi/9.3.1/thumb/v7e-m+fp/hard/libgcc.a
LOAD /home/zez/.eclipse/com.st.stm32cube.ide.mcu.rcp.product_1.5.1_1935173079_linux_gtk_x86_64/plugins/com.st.stm32cube.ide.mcu.externaltools.gnu-tools-for-stm32.9-2020-q2-update.linux64_1.5.0.202011040924/tools/bin/../lib/gcc/arm-none-eabi/9.3.1/../../../../arm-none-eabi/lib/thumb/v7e-m+fp/hard/libc_nano.a
LOAD /home/zez/.eclipse/com.st.stm32cube.ide.mcu.rcp.product_1.5.1_1935173079_linux_gtk_x86_64/plugins/com.st.stm32cube.ide.mcu.externaltools.gnu-tools-for-stm32.9-2020-q2-update.linux64_1.5.0.202011040924/tools/bin/../lib/gcc/arm-none-eabi/9.3.1/../../../../arm-none-eabi/lib/thumb/v7e-m+fp/hard/libnosys.a
END GROUP
START GROUP
LOAD /home/zez/.eclipse/com.st.stm32cube.ide.mcu.rcp.product_1.5.1_1935173079_linux_gtk_x86_64/plugins/com.st.stm32cube.ide.mcu.externaltools.gnu-tools-for-stm32.9-2020-q2-update.linux64_1.5.0.202011040924/tools/bin/../lib/gcc/arm-none-eabi/9.3.1/thumb/v7e-m+fp/hard/libgcc.a
LOAD /home/zez/.eclipse/com.st.stm32cube.ide.mcu.rcp.product_1.5.1_1935173079_linux_gtk_x86_64/plugins/com.st.stm32cube.ide.mcu.externaltools.gnu-tools-for-stm32.9-2020-q2-update.linux64_1.5.0.202011040924/tools/bin/../lib/gcc/arm-none-eabi/9.3.1/../../../../arm-none-eabi/lib/thumb/v7e-m+fp/hard/libc_nano.a
LOAD /home/zez/.eclipse/com.st.stm32cube.ide.mcu.rcp.product_1.5.1_1935173079_linux_gtk_x86_64/plugins/com.st.stm32cube.ide.mcu.externaltools.gnu-tools-for-stm32.9-2020-q2-update.linux64_1.5.0.202011040924/tools/bin/../lib/gcc/arm-none-eabi/9.3.1/../../../../arm-none-eabi/lib/thumb/v7e-m+fp/hard/libnosys.a
END GROUP
LOAD /home/zez/.eclipse/com.st.stm32cube.ide.mcu.rcp.product_1.5.1_1935173079_linux_gtk_x86_64/plugins/com.st.stm32cube.ide.mcu.externaltools.gnu-tools-for-stm32.9-2020-q2-update.linux64_1.5.0.202011040924/tools/bin/../lib/gcc/arm-none-eabi/9.3.1/thumb/v7e-m+fp/hard/crtend.o
LOAD /home/zez/.eclipse/com.st.stm32cube.ide.mcu.rcp.product_1.5.1_1935173079_linux_gtk_x86_64/plugins/com.st.stm32cube.ide.mcu.externaltools.gnu-tools-for-stm32.9-2020-q2-update.linux64_1.5.0.202011040924/tools/bin/../lib/gcc/arm-none-eabi/9.3.1/thumb/v7e-m+fp/hard/crtn.o
                0x000000002000a000                _estack = (ORIGIN (RAM) + LENGTH (RAM))
                0x0000000000000200                _Min_Heap_Size = 0x200
                0x0000000000000400                _Min_Stack_Size = 0x400

.isr_vector     0x0000000008000000      0x18c
                0x0000000008000000                . = ALIGN (0x4)
 *(.isr_vector)
 .isr_vector    0x0000000008000000      0x18c Core/Startup/startup_stm32l412cbtxp.o
                0x0000000008000000                g_pfnVectors
                0x000000000800018c                . = ALIGN (0x4)

.text           0x0000000008000190     0x5b14
                0x0000000008000190                . = ALIGN (0x4)
 *(.text)
 .text          0x0000000008000190       0x40 /home/zez/.eclipse/com.st.stm32cube.ide.mcu.rcp.product_1.5.1_1935173079_linux_gtk_x86_64/plugins/com.st.stm32cube.ide.mcu.externaltools.gnu-tools-for-stm32.9-2020-q2-update.linux64_1.5.0.202011040924/tools/bin/../lib/gcc/arm-none-eabi/9.3.1/thumb/v7e-m+fp/hard/crtbegin.o
 .text          0x00000000080001d0       0xa0 /home/zez/.eclipse/com.st.stm32cube.ide.mcu.rcp.product_1.5.1_1935173079_linux_gtk_x86_64/plugins/com.st.stm32cube.ide.mcu.externaltools.gnu-tools-for-stm32.9-2020-q2-update.linux64_1.5.0.202011040924/tools/bin/../lib/gcc/arm-none-eabi/9.3.1/../../../../arm-none-eabi/lib/thumb/v7e-m+fp/hard/libc_nano.a(lib_a-memchr.o)
                0x00000000080001d0                memchr
 .text          0x0000000008000270       0x30 /home/zez/.eclipse/com.st.stm32cube.ide.mcu.rcp.product_1.5.1_1935173079_linux_gtk_x86_64/plugins/com.st.stm32cube.ide.mcu.externaltools.gnu-tools-for-stm32.9-2020-q2-update.linux64_1.5.0.202011040924/tools/bin/../lib/gcc/arm-none-eabi/9.3.1/thumb/v7e-m+fp/hard/libgcc.a(_aeabi_uldivmod.o)
                0x0000000008000270                __aeabi_uldivmod
 .text          0x00000000080002a0      0x2c4 /home/zez/.eclipse/com.st.stm32cube.ide.mcu.rcp.product_1.5.1_1935173079_linux_gtk_x86_64/plugins/com.st.stm32cube.ide.mcu.externaltools.gnu-tools-for-stm32.9-2020-q2-update.linux64_1.5.0.202011040924/tools/bin/../lib/gcc/arm-none-eabi/9.3.1/thumb/v7e-m+fp/hard/libgcc.a(_udivmoddi4.o)
                0x00000000080002a0                __udivmoddi4
 .text          0x0000000008000564        0x4 /home/zez/.eclipse/com.st.stm32cube.ide.mcu.rcp.product_1.5.1_1935173079_linux_gtk_x86_64/plugins/com.st.stm32cube.ide.mcu.externaltools.gnu-tools-for-stm32.9-2020-q2-update.linux64_1.5.0.202011040924/tools/bin/../lib/gcc/arm-none-eabi/9.3.1/thumb/v7e-m+fp/hard/libgcc.a(_dvmd_tls.o)
                0x0000000008000564                __aeabi_ldiv0
                0x0000000008000564                __aeabi_idiv0
 *(.text*)
 .text.tela     0x0000000008000568       0x3c Core/Src/main.o
                0x0000000008000568                tela
 .text.char_to_hex
                0x00000000080005a4       0x70 Core/Src/main.o
                0x00000000080005a4                char_to_hex
 .text.led      0x0000000008000614       0x4c Core/Src/main.o
                0x0000000008000614                led
 .text.main     0x0000000008000660      0x244 Core/Src/main.o
                0x0000000008000660                main
 .text.SystemClock_Config
                0x00000000080008a4       0xd4 Core/Src/main.o
                0x00000000080008a4                SystemClock_Config
 .text.MX_I2C1_Init
                0x0000000008000978       0x80 Core/Src/main.o
 .text.MX_SPI1_Init
                0x00000000080009f8       0x7c Core/Src/main.o
 .text.MX_USART1_UART_Init
                0x0000000008000a74       0x60 Core/Src/main.o
 .text.MX_GPIO_Init
                0x0000000008000ad4       0xc0 Core/Src/main.o
 .text.Error_Handler
                0x0000000008000b94        0xa Core/Src/main.o
                0x0000000008000b94                Error_Handler
 *fill*         0x0000000008000b9e        0x2 
 .text.SPI1SendByte
                0x0000000008000ba0       0x30 Core/Src/rc522.o
                0x0000000008000ba0                SPI1SendByte
 .text.SPI1_WriteReg
                0x0000000008000bd0       0x40 Core/Src/rc522.o
                0x0000000008000bd0                SPI1_WriteReg
 .text.SPI1_ReadReg
                0x0000000008000c10       0x3e Core/Src/rc522.o
                0x0000000008000c10                SPI1_ReadReg
 .text.MFRC522_WriteRegister
                0x0000000008000c4e       0x30 Core/Src/rc522.o
                0x0000000008000c4e                MFRC522_WriteRegister
 .text.MFRC522_ReadRegister
                0x0000000008000c7e       0x34 Core/Src/rc522.o
                0x0000000008000c7e                MFRC522_ReadRegister
 .text.MFRC522_SetBitMask
                0x0000000008000cb2       0x34 Core/Src/rc522.o
                0x0000000008000cb2                MFRC522_SetBitMask
 .text.MFRC522_ClearBitMask
                0x0000000008000ce6       0x3c Core/Src/rc522.o
                0x0000000008000ce6                MFRC522_ClearBitMask
 .text.MFRC522_Request
                0x0000000008000d22       0x4a Core/Src/rc522.o
                0x0000000008000d22                MFRC522_Request
 .text.MFRC522_ToCard
                0x0000000008000d6c      0x19e Core/Src/rc522.o
                0x0000000008000d6c                MFRC522_ToCard
 .text.MFRC522_Anticoll
                0x0000000008000f0a       0x7a Core/Src/rc522.o
                0x0000000008000f0a                MFRC522_Anticoll
 .text.MFRC522_Init
                0x0000000008000f84       0x48 Core/Src/rc522.o
                0x0000000008000f84                MFRC522_Init
 .text.MFRC522_Reset
                0x0000000008000fcc       0x10 Core/Src/rc522.o
                0x0000000008000fcc                MFRC522_Reset
 .text.MFRC522_AntennaOn
                0x0000000008000fdc       0x2a Core/Src/rc522.o
                0x0000000008000fdc                MFRC522_AntennaOn
 *fill*         0x0000000008001006        0x2 
 .text.SSD1306_Init
                0x0000000008001008      0x188 Core/Src/ssd1306.o
                0x0000000008001008                SSD1306_Init
 .text.SSD1306_UpdateScreen
                0x0000000008001190       0x64 Core/Src/ssd1306.o
                0x0000000008001190                SSD1306_UpdateScreen
 .text.SSD1306_Fill
                0x00000000080011f4       0x30 Core/Src/ssd1306.o
                0x00000000080011f4                SSD1306_Fill
 .text.SSD1306_DrawPixel
                0x0000000008001224       0xd4 Core/Src/ssd1306.o
                0x0000000008001224                SSD1306_DrawPixel
 .text.SSD1306_GotoXY
                0x00000000080012f8       0x2c Core/Src/ssd1306.o
                0x00000000080012f8                SSD1306_GotoXY
 .text.SSD1306_Putc
                0x0000000008001324      0x100 Core/Src/ssd1306.o
                0x0000000008001324                SSD1306_Putc
 .text.SSD1306_Puts
                0x0000000008001424       0x4a Core/Src/ssd1306.o
                0x0000000008001424                SSD1306_Puts
 .text.SSD1306_Clear
                0x000000000800146e       0x12 Core/Src/ssd1306.o
                0x000000000800146e                SSD1306_Clear
 .text.ssd1306_I2C_Init
                0x0000000008001480       0x2c Core/Src/ssd1306.o
                0x0000000008001480                ssd1306_I2C_Init
 .text.ssd1306_I2C_WriteMulti
                0x00000000080014ac       0x90 Core/Src/ssd1306.o
                0x00000000080014ac                ssd1306_I2C_WriteMulti
 .text.ssd1306_I2C_Write
                0x000000000800153c       0x3c Core/Src/ssd1306.o
                0x000000000800153c                ssd1306_I2C_Write
 .text.HAL_MspInit
                0x0000000008001578       0x48 Core/Src/stm32l4xx_hal_msp.o
                0x0000000008001578                HAL_MspInit
 .text.HAL_I2C_MspInit
                0x00000000080015c0       0x88 Core/Src/stm32l4xx_hal_msp.o
                0x00000000080015c0                HAL_I2C_MspInit
 .text.HAL_SPI_MspInit
                0x0000000008001648       0x88 Core/Src/stm32l4xx_hal_msp.o
                0x0000000008001648                HAL_SPI_MspInit
 .text.HAL_UART_MspInit
                0x00000000080016d0       0x98 Core/Src/stm32l4xx_hal_msp.o
                0x00000000080016d0                HAL_UART_MspInit
 .text.NMI_Handler
                0x0000000008001768        0x6 Core/Src/stm32l4xx_it.o
                0x0000000008001768                NMI_Handler
 .text.HardFault_Handler
                0x000000000800176e        0x6 Core/Src/stm32l4xx_it.o
                0x000000000800176e                HardFault_Handler
 .text.MemManage_Handler
                0x0000000008001774        0x6 Core/Src/stm32l4xx_it.o
                0x0000000008001774                MemManage_Handler
 .text.BusFault_Handler
                0x000000000800177a        0x6 Core/Src/stm32l4xx_it.o
                0x000000000800177a                BusFault_Handler
 .text.UsageFault_Handler
                0x0000000008001780        0x6 Core/Src/stm32l4xx_it.o
                0x0000000008001780                UsageFault_Handler
 .text.SVC_Handler
                0x0000000008001786        0xe Core/Src/stm32l4xx_it.o
                0x0000000008001786                SVC_Handler
 .text.DebugMon_Handler
                0x0000000008001794        0xe Core/Src/stm32l4xx_it.o
                0x0000000008001794                DebugMon_Handler
 .text.PendSV_Handler
                0x00000000080017a2        0xe Core/Src/stm32l4xx_it.o
                0x00000000080017a2                PendSV_Handler
 .text.SysTick_Handler
                0x00000000080017b0        0xc Core/Src/stm32l4xx_it.o
                0x00000000080017b0                SysTick_Handler
 .text.USART1_IRQHandler
                0x00000000080017bc       0x14 Core/Src/stm32l4xx_it.o
                0x00000000080017bc                USART1_IRQHandler
 .text._sbrk    0x00000000080017d0       0x6c Core/Src/sysmem.o
                0x00000000080017d0                _sbrk
 .text.SystemInit
                0x000000000800183c       0x64 Core/Src/system_stm32l4xx.o
                0x000000000800183c                SystemInit
 .text.Reset_Handler
                0x00000000080018a0       0x50 Core/Startup/startup_stm32l412cbtxp.o
                0x00000000080018a0                Reset_Handler
 .text.Default_Handler
                0x00000000080018f0        0x2 Core/Startup/startup_stm32l412cbtxp.o
                0x00000000080018f0                RTC_Alarm_IRQHandler
                0x00000000080018f0                EXTI2_IRQHandler
                0x00000000080018f0                TIM1_CC_IRQHandler
                0x00000000080018f0                TSC_IRQHandler
                0x00000000080018f0                TIM6_IRQHandler
                0x00000000080018f0                TAMP_STAMP_IRQHandler
                0x00000000080018f0                EXTI3_IRQHandler
                0x00000000080018f0                LPTIM2_IRQHandler
                0x00000000080018f0                I2C3_ER_IRQHandler
                0x00000000080018f0                EXTI0_IRQHandler
                0x00000000080018f0                I2C2_EV_IRQHandler
                0x00000000080018f0                FPU_IRQHandler
                0x00000000080018f0                TIM1_UP_TIM16_IRQHandler
                0x00000000080018f0                ADC1_2_IRQHandler
                0x00000000080018f0                SPI1_IRQHandler
                0x00000000080018f0                DMA2_Channel2_IRQHandler
                0x00000000080018f0                DMA1_Channel4_IRQHandler
                0x00000000080018f0                USART3_IRQHandler
                0x00000000080018f0                DMA1_Channel7_IRQHandler
                0x00000000080018f0                DMA2_Channel1_IRQHandler
                0x00000000080018f0                QUADSPI_IRQHandler
                0x00000000080018f0                I2C1_EV_IRQHandler
                0x00000000080018f0                DMA1_Channel6_IRQHandler
                0x00000000080018f0                DMA2_Channel4_IRQHandler
                0x00000000080018f0                RCC_IRQHandler
                0x00000000080018f0                TIM1_TRG_COM_IRQHandler
                0x00000000080018f0                DMA1_Channel1_IRQHandler
                0x00000000080018f0                Default_Handler
                0x00000000080018f0                DMA2_Channel7_IRQHandler
                0x00000000080018f0                EXTI15_10_IRQHandler
                0x00000000080018f0                I2C3_EV_IRQHandler
                0x00000000080018f0                USB_IRQHandler
                0x00000000080018f0                EXTI9_5_IRQHandler
                0x00000000080018f0                RTC_WKUP_IRQHandler
                0x00000000080018f0                PVD_PVM_IRQHandler
                0x00000000080018f0                SPI2_IRQHandler
                0x00000000080018f0                DMA2_Channel5_IRQHandler
                0x00000000080018f0                CRS_IRQHandler
                0x00000000080018f0                DMA1_Channel5_IRQHandler
                0x00000000080018f0                EXTI4_IRQHandler
                0x00000000080018f0                RNG_IRQHandler
                0x00000000080018f0                DMA1_Channel3_IRQHandler
                0x00000000080018f0                COMP_IRQHandler
                0x00000000080018f0                WWDG_IRQHandler
                0x00000000080018f0                LPUART1_IRQHandler
                0x00000000080018f0                DMA2_Channel6_IRQHandler
                0x00000000080018f0                TIM2_IRQHandler
                0x00000000080018f0                EXTI1_IRQHandler
                0x00000000080018f0                USART2_IRQHandler
                0x00000000080018f0                I2C2_ER_IRQHandler
                0x00000000080018f0                DMA1_Channel2_IRQHandler
                0x00000000080018f0                FLASH_IRQHandler
                0x00000000080018f0                I2C1_ER_IRQHandler
                0x00000000080018f0                LPTIM1_IRQHandler
                0x00000000080018f0                DMA2_Channel3_IRQHandler
                0x00000000080018f0                TIM1_BRK_TIM15_IRQHandler
 .text.HAL_Init
                0x00000000080018f2       0x30 Drivers/STM32L4xx_HAL_Driver/Src/stm32l4xx_hal.o
                0x00000000080018f2                HAL_Init
 *fill*         0x0000000008001922        0x2 
 .text.HAL_InitTick
                0x0000000008001924       0x78 Drivers/STM32L4xx_HAL_Driver/Src/stm32l4xx_hal.o
                0x0000000008001924                HAL_InitTick
 .text.HAL_IncTick
                0x000000000800199c       0x28 Drivers/STM32L4xx_HAL_Driver/Src/stm32l4xx_hal.o
                0x000000000800199c                HAL_IncTick
 .text.HAL_GetTick
                0x00000000080019c4       0x18 Drivers/STM32L4xx_HAL_Driver/Src/stm32l4xx_hal.o
                0x00000000080019c4                HAL_GetTick
 .text.HAL_Delay
                0x00000000080019dc       0x48 Drivers/STM32L4xx_HAL_Driver/Src/stm32l4xx_hal.o
                0x00000000080019dc                HAL_Delay
 .text.__NVIC_SetPriorityGrouping
                0x0000000008001a24       0x48 Drivers/STM32L4xx_HAL_Driver/Src/stm32l4xx_hal_cortex.o
 .text.__NVIC_GetPriorityGrouping
                0x0000000008001a6c       0x1c Drivers/STM32L4xx_HAL_Driver/Src/stm32l4xx_hal_cortex.o
 .text.__NVIC_EnableIRQ
                0x0000000008001a88       0x3c Drivers/STM32L4xx_HAL_Driver/Src/stm32l4xx_hal_cortex.o
 .text.__NVIC_SetPriority
                0x0000000008001ac4       0x54 Drivers/STM32L4xx_HAL_Driver/Src/stm32l4xx_hal_cortex.o
 .text.NVIC_EncodePriority
                0x0000000008001b18       0x66 Drivers/STM32L4xx_HAL_Driver/Src/stm32l4xx_hal_cortex.o
 *fill*         0x0000000008001b7e        0x2 
 .text.SysTick_Config
                0x0000000008001b80       0x44 Drivers/STM32L4xx_HAL_Driver/Src/stm32l4xx_hal_cortex.o
 .text.HAL_NVIC_SetPriorityGrouping
                0x0000000008001bc4       0x16 Drivers/STM32L4xx_HAL_Driver/Src/stm32l4xx_hal_cortex.o
                0x0000000008001bc4                HAL_NVIC_SetPriorityGrouping
 .text.HAL_NVIC_SetPriority
                0x0000000008001bda       0x38 Drivers/STM32L4xx_HAL_Driver/Src/stm32l4xx_hal_cortex.o
                0x0000000008001bda                HAL_NVIC_SetPriority
 .text.HAL_NVIC_EnableIRQ
                0x0000000008001c12       0x1c Drivers/STM32L4xx_HAL_Driver/Src/stm32l4xx_hal_cortex.o
                0x0000000008001c12                HAL_NVIC_EnableIRQ
 .text.HAL_SYSTICK_Config
                0x0000000008001c2e       0x18 Drivers/STM32L4xx_HAL_Driver/Src/stm32l4xx_hal_cortex.o
                0x0000000008001c2e                HAL_SYSTICK_Config
 .text.HAL_DMA_Abort
                0x0000000008001c46       0x7c Drivers/STM32L4xx_HAL_Driver/Src/stm32l4xx_hal_dma.o
                0x0000000008001c46                HAL_DMA_Abort
 .text.HAL_DMA_Abort_IT
                0x0000000008001cc2       0x82 Drivers/STM32L4xx_HAL_Driver/Src/stm32l4xx_hal_dma.o
                0x0000000008001cc2                HAL_DMA_Abort_IT
 .text.HAL_GPIO_Init
                0x0000000008001d44      0x2e4 Drivers/STM32L4xx_HAL_Driver/Src/stm32l4xx_hal_gpio.o
                0x0000000008001d44                HAL_GPIO_Init
 .text.HAL_GPIO_WritePin
                0x0000000008002028       0x30 Drivers/STM32L4xx_HAL_Driver/Src/stm32l4xx_hal_gpio.o
                0x0000000008002028                HAL_GPIO_WritePin
 .text.HAL_I2C_Init
                0x0000000008002058      0x11e Drivers/STM32L4xx_HAL_Driver/Src/stm32l4xx_hal_i2c.o
                0x0000000008002058                HAL_I2C_Init
 *fill*         0x0000000008002176        0x2 
 .text.HAL_I2C_Master_Transmit
                0x0000000008002178      0x1e8 Drivers/STM32L4xx_HAL_Driver/Src/stm32l4xx_hal_i2c.o
                0x0000000008002178                HAL_I2C_Master_Transmit
 .text.HAL_I2C_IsDeviceReady
                0x0000000008002360      0x20e Drivers/STM32L4xx_HAL_Driver/Src/stm32l4xx_hal_i2c.o
                0x0000000008002360                HAL_I2C_IsDeviceReady
 .text.I2C_Flush_TXDR
                0x000000000800256e       0x48 Drivers/STM32L4xx_HAL_Driver/Src/stm32l4xx_hal_i2c.o
 .text.I2C_WaitOnFlagUntilTimeout
                0x00000000080025b6       0x80 Drivers/STM32L4xx_HAL_Driver/Src/stm32l4xx_hal_i2c.o
 .text.I2C_WaitOnTXISFlagUntilTimeout
                0x0000000008002636       0x80 Drivers/STM32L4xx_HAL_Driver/Src/stm32l4xx_hal_i2c.o
 .text.I2C_WaitOnSTOPFlagUntilTimeout
                0x00000000080026b6       0x78 Drivers/STM32L4xx_HAL_Driver/Src/stm32l4xx_hal_i2c.o
 *fill*         0x000000000800272e        0x2 
 .text.I2C_IsAcknowledgeFailed
                0x0000000008002730       0xcc Drivers/STM32L4xx_HAL_Driver/Src/stm32l4xx_hal_i2c.o
 .text.I2C_TransferConfig
                0x00000000080027fc       0x5c Drivers/STM32L4xx_HAL_Driver/Src/stm32l4xx_hal_i2c.o
 .text.HAL_I2CEx_ConfigAnalogFilter
                0x0000000008002858       0x96 Drivers/STM32L4xx_HAL_Driver/Src/stm32l4xx_hal_i2c_ex.o
                0x0000000008002858                HAL_I2CEx_ConfigAnalogFilter
 .text.HAL_I2CEx_ConfigDigitalFilter
                0x00000000080028ee       0x98 Drivers/STM32L4xx_HAL_Driver/Src/stm32l4xx_hal_i2c_ex.o
                0x00000000080028ee                HAL_I2CEx_ConfigDigitalFilter
 *fill*         0x0000000008002986        0x2 
 .text.HAL_PWREx_GetVoltageRange
                0x0000000008002988       0x1c Drivers/STM32L4xx_HAL_Driver/Src/stm32l4xx_hal_pwr_ex.o
                0x0000000008002988                HAL_PWREx_GetVoltageRange
 .text.HAL_PWREx_ControlVoltageScaling
                0x00000000080029a4       0xac Drivers/STM32L4xx_HAL_Driver/Src/stm32l4xx_hal_pwr_ex.o
                0x00000000080029a4                HAL_PWREx_ControlVoltageScaling
 .text.HAL_RCC_OscConfig
                0x0000000008002a50      0x8cc Drivers/STM32L4xx_HAL_Driver/Src/stm32l4xx_hal_rcc.o
                0x0000000008002a50                HAL_RCC_OscConfig
 .text.HAL_RCC_ClockConfig
                0x000000000800331c      0x1c4 Drivers/STM32L4xx_HAL_Driver/Src/stm32l4xx_hal_rcc.o
                0x000000000800331c                HAL_RCC_ClockConfig
 .text.HAL_RCC_GetSysClockFreq
                0x00000000080034e0      0x118 Drivers/STM32L4xx_HAL_Driver/Src/stm32l4xx_hal_rcc.o
                0x00000000080034e0                HAL_RCC_GetSysClockFreq
 .text.HAL_RCC_GetHCLKFreq
                0x00000000080035f8       0x18 Drivers/STM32L4xx_HAL_Driver/Src/stm32l4xx_hal_rcc.o
                0x00000000080035f8                HAL_RCC_GetHCLKFreq
 .text.HAL_RCC_GetPCLK1Freq
                0x0000000008003610       0x2c Drivers/STM32L4xx_HAL_Driver/Src/stm32l4xx_hal_rcc.o
                0x0000000008003610                HAL_RCC_GetPCLK1Freq
 .text.HAL_RCC_GetPCLK2Freq
                0x000000000800363c       0x2c Drivers/STM32L4xx_HAL_Driver/Src/stm32l4xx_hal_rcc.o
                0x000000000800363c                HAL_RCC_GetPCLK2Freq
 .text.RCC_SetFlashLatencyFromMSIRange
                0x0000000008003668       0xc0 Drivers/STM32L4xx_HAL_Driver/Src/stm32l4xx_hal_rcc.o
 .text.HAL_RCCEx_PeriphCLKConfig
                0x0000000008003728      0x30c Drivers/STM32L4xx_HAL_Driver/Src/stm32l4xx_hal_rcc_ex.o
                0x0000000008003728                HAL_RCCEx_PeriphCLKConfig
 .text.HAL_SPI_Init
                0x0000000008003a34      0x146 Drivers/STM32L4xx_HAL_Driver/Src/stm32l4xx_hal_spi.o
                0x0000000008003a34                HAL_SPI_Init
 .text.HAL_SPI_TransmitReceive
                0x0000000008003b7a      0x426 Drivers/STM32L4xx_HAL_Driver/Src/stm32l4xx_hal_spi.o
                0x0000000008003b7a                HAL_SPI_TransmitReceive
 .text.SPI_WaitFlagStateUntilTimeout
                0x0000000008003fa0      0x110 Drivers/STM32L4xx_HAL_Driver/Src/stm32l4xx_hal_spi.o
 .text.SPI_WaitFifoStateUntilTimeout
                0x00000000080040b0      0x124 Drivers/STM32L4xx_HAL_Driver/Src/stm32l4xx_hal_spi.o
 .text.SPI_EndRxTxTransaction
                0x00000000080041d4       0x8c Drivers/STM32L4xx_HAL_Driver/Src/stm32l4xx_hal_spi.o
 .text.HAL_UART_Init
                0x0000000008004260       0x9c Drivers/STM32L4xx_HAL_Driver/Src/stm32l4xx_hal_uart.o
                0x0000000008004260                HAL_UART_Init
 .text.HAL_UART_Transmit
                0x00000000080042fc      0x128 Drivers/STM32L4xx_HAL_Driver/Src/stm32l4xx_hal_uart.o
                0x00000000080042fc                HAL_UART_Transmit
 .text.HAL_UART_Receive_IT
                0x0000000008004424       0x88 Drivers/STM32L4xx_HAL_Driver/Src/stm32l4xx_hal_uart.o
                0x0000000008004424                HAL_UART_Receive_IT
 .text.HAL_UART_IRQHandler
                0x00000000080044ac      0x404 Drivers/STM32L4xx_HAL_Driver/Src/stm32l4xx_hal_uart.o
                0x00000000080044ac                HAL_UART_IRQHandler
 .text.HAL_UART_TxCpltCallback
                0x00000000080048b0       0x14 Drivers/STM32L4xx_HAL_Driver/Src/stm32l4xx_hal_uart.o
                0x00000000080048b0                HAL_UART_TxCpltCallback
 .text.HAL_UART_RxCpltCallback
                0x00000000080048c4       0x14 Drivers/STM32L4xx_HAL_Driver/Src/stm32l4xx_hal_uart.o
                0x00000000080048c4                HAL_UART_RxCpltCallback
 .text.HAL_UART_ErrorCallback
                0x00000000080048d8       0x14 Drivers/STM32L4xx_HAL_Driver/Src/stm32l4xx_hal_uart.o
                0x00000000080048d8                HAL_UART_ErrorCallback
 .text.HAL_UARTEx_RxEventCallback
                0x00000000080048ec       0x18 Drivers/STM32L4xx_HAL_Driver/Src/stm32l4xx_hal_uart.o
                0x00000000080048ec                HAL_UARTEx_RxEventCallback
 .text.UART_SetConfig
                0x0000000008004904      0x468 Drivers/STM32L4xx_HAL_Driver/Src/stm32l4xx_hal_uart.o
                0x0000000008004904                UART_SetConfig
 .text.UART_AdvFeatureConfig
                0x0000000008004d6c      0x144 Drivers/STM32L4xx_HAL_Driver/Src/stm32l4xx_hal_uart.o
                0x0000000008004d6c                UART_AdvFeatureConfig
 .text.UART_CheckIdleState
                0x0000000008004eb0       0x92 Drivers/STM32L4xx_HAL_Driver/Src/stm32l4xx_hal_uart.o
                0x0000000008004eb0                UART_CheckIdleState
 .text.UART_WaitOnFlagUntilTimeout
                0x0000000008004f42       0xf8 Drivers/STM32L4xx_HAL_Driver/Src/stm32l4xx_hal_uart.o
                0x0000000008004f42                UART_WaitOnFlagUntilTimeout
 *fill*         0x000000000800503a        0x2 
 .text.UART_Start_Receive_IT
                0x000000000800503c      0x110 Drivers/STM32L4xx_HAL_Driver/Src/stm32l4xx_hal_uart.o
                0x000000000800503c                UART_Start_Receive_IT
 .text.UART_EndRxTransfer
                0x000000000800514c       0x5e Drivers/STM32L4xx_HAL_Driver/Src/stm32l4xx_hal_uart.o
 .text.UART_DMAAbortOnError
                0x00000000080051aa       0x2c Drivers/STM32L4xx_HAL_Driver/Src/stm32l4xx_hal_uart.o
 .text.UART_EndTransmit_IT
                0x00000000080051d6       0x32 Drivers/STM32L4xx_HAL_Driver/Src/stm32l4xx_hal_uart.o
 .text.UART_RxISR_8BIT
                0x0000000008005208       0xd8 Drivers/STM32L4xx_HAL_Driver/Src/stm32l4xx_hal_uart.o
 .text.UART_RxISR_16BIT
                0x00000000080052e0       0xd8 Drivers/STM32L4xx_HAL_Driver/Src/stm32l4xx_hal_uart.o
 .text.HAL_UARTEx_WakeupCallback
                0x00000000080053b8       0x14 Drivers/STM32L4xx_HAL_Driver/Src/stm32l4xx_hal_uart_ex.o
                0x00000000080053b8                HAL_UARTEx_WakeupCallback
 .text.__errno  0x00000000080053cc        0xc /home/zez/.eclipse/com.st.stm32cube.ide.mcu.rcp.product_1.5.1_1935173079_linux_gtk_x86_64/plugins/com.st.stm32cube.ide.mcu.externaltools.gnu-tools-for-stm32.9-2020-q2-update.linux64_1.5.0.202011040924/tools/bin/../lib/gcc/arm-none-eabi/9.3.1/../../../../arm-none-eabi/lib/thumb/v7e-m+fp/hard/libc_nano.a(lib_a-errno.o)
                0x00000000080053cc                __errno
 .text.__libc_init_array
                0x00000000080053d8       0x48 /home/zez/.eclipse/com.st.stm32cube.ide.mcu.rcp.product_1.5.1_1935173079_linux_gtk_x86_64/plugins/com.st.stm32cube.ide.mcu.externaltools.gnu-tools-for-stm32.9-2020-q2-update.linux64_1.5.0.202011040924/tools/bin/../lib/gcc/arm-none-eabi/9.3.1/../../../../arm-none-eabi/lib/thumb/v7e-m+fp/hard/libc_nano.a(lib_a-init.o)
                0x00000000080053d8                __libc_init_array
 .text.memset   0x0000000008005420       0x10 /home/zez/.eclipse/com.st.stm32cube.ide.mcu.rcp.product_1.5.1_1935173079_linux_gtk_x86_64/plugins/com.st.stm32cube.ide.mcu.externaltools.gnu-tools-for-stm32.9-2020-q2-update.linux64_1.5.0.202011040924/tools/bin/../lib/gcc/arm-none-eabi/9.3.1/../../../../arm-none-eabi/lib/thumb/v7e-m+fp/hard/libc_nano.a(lib_a-memset.o)
                0x0000000008005420                memset
 .text.sprintf  0x0000000008005430       0x40 /home/zez/.eclipse/com.st.stm32cube.ide.mcu.rcp.product_1.5.1_1935173079_linux_gtk_x86_64/plugins/com.st.stm32cube.ide.mcu.externaltools.gnu-tools-for-stm32.9-2020-q2-update.linux64_1.5.0.202011040924/tools/bin/../lib/gcc/arm-none-eabi/9.3.1/../../../../arm-none-eabi/lib/thumb/v7e-m+fp/hard/libc_nano.a(lib_a-sprintf.o)
                0x0000000008005430                sprintf
                0x0000000008005430                siprintf
 .text.__ssputs_r
                0x0000000008005470       0xb6 /home/zez/.eclipse/com.st.stm32cube.ide.mcu.rcp.product_1.5.1_1935173079_linux_gtk_x86_64/plugins/com.st.stm32cube.ide.mcu.externaltools.gnu-tools-for-stm32.9-2020-q2-update.linux64_1.5.0.202011040924/tools/bin/../lib/gcc/arm-none-eabi/9.3.1/../../../../arm-none-eabi/lib/thumb/v7e-m+fp/hard/libc_nano.a(lib_a-nano-svfprintf.o)
                0x0000000008005470                __ssputs_r
 *fill*         0x0000000008005526        0x2 
 .text._svfprintf_r
                0x0000000008005528      0x200 /home/zez/.eclipse/com.st.stm32cube.ide.mcu.rcp.product_1.5.1_1935173079_linux_gtk_x86_64/plugins/com.st.stm32cube.ide.mcu.externaltools.gnu-tools-for-stm32.9-2020-q2-update.linux64_1.5.0.202011040924/tools/bin/../lib/gcc/arm-none-eabi/9.3.1/../../../../arm-none-eabi/lib/thumb/v7e-m+fp/hard/libc_nano.a(lib_a-nano-svfprintf.o)
                0x0000000008005528                _svfprintf_r
                0x0000000008005528                _svfiprintf_r
 .text._printf_common
                0x0000000008005728       0xda /home/zez/.eclipse/com.st.stm32cube.ide.mcu.rcp.product_1.5.1_1935173079_linux_gtk_x86_64/plugins/com.st.stm32cube.ide.mcu.externaltools.gnu-tools-for-stm32.9-2020-q2-update.linux64_1.5.0.202011040924/tools/bin/../lib/gcc/arm-none-eabi/9.3.1/../../../../arm-none-eabi/lib/thumb/v7e-m+fp/hard/libc_nano.a(lib_a-nano-vfprintf_i.o)
                0x0000000008005728                _printf_common
 *fill*         0x0000000008005802        0x2 
 .text._printf_i
                0x0000000008005804      0x24c /home/zez/.eclipse/com.st.stm32cube.ide.mcu.rcp.product_1.5.1_1935173079_linux_gtk_x86_64/plugins/com.st.stm32cube.ide.mcu.externaltools.gnu-tools-for-stm32.9-2020-q2-update.linux64_1.5.0.202011040924/tools/bin/../lib/gcc/arm-none-eabi/9.3.1/../../../../arm-none-eabi/lib/thumb/v7e-m+fp/hard/libc_nano.a(lib_a-nano-vfprintf_i.o)
                0x0000000008005804                _printf_i
 .text.memcpy   0x0000000008005a50       0x1c /home/zez/.eclipse/com.st.stm32cube.ide.mcu.rcp.product_1.5.1_1935173079_linux_gtk_x86_64/plugins/com.st.stm32cube.ide.mcu.externaltools.gnu-tools-for-stm32.9-2020-q2-update.linux64_1.5.0.202011040924/tools/bin/../lib/gcc/arm-none-eabi/9.3.1/../../../../arm-none-eabi/lib/thumb/v7e-m+fp/hard/libc_nano.a(lib_a-memcpy-stub.o)
                0x0000000008005a50                memcpy
 .text.memmove  0x0000000008005a6c       0x34 /home/zez/.eclipse/com.st.stm32cube.ide.mcu.rcp.product_1.5.1_1935173079_linux_gtk_x86_64/plugins/com.st.stm32cube.ide.mcu.externaltools.gnu-tools-for-stm32.9-2020-q2-update.linux64_1.5.0.202011040924/tools/bin/../lib/gcc/arm-none-eabi/9.3.1/../../../../arm-none-eabi/lib/thumb/v7e-m+fp/hard/libc_nano.a(lib_a-memmove.o)
                0x0000000008005a6c                memmove
 .text._free_r  0x0000000008005aa0       0xa0 /home/zez/.eclipse/com.st.stm32cube.ide.mcu.rcp.product_1.5.1_1935173079_linux_gtk_x86_64/plugins/com.st.stm32cube.ide.mcu.externaltools.gnu-tools-for-stm32.9-2020-q2-update.linux64_1.5.0.202011040924/tools/bin/../lib/gcc/arm-none-eabi/9.3.1/../../../../arm-none-eabi/lib/thumb/v7e-m+fp/hard/libc_nano.a(lib_a-nano-freer.o)
                0x0000000008005aa0                _free_r
 .text._malloc_r
                0x0000000008005b40       0xb4 /home/zez/.eclipse/com.st.stm32cube.ide.mcu.rcp.product_1.5.1_1935173079_linux_gtk_x86_64/plugins/com.st.stm32cube.ide.mcu.externaltools.gnu-tools-for-stm32.9-2020-q2-update.linux64_1.5.0.202011040924/tools/bin/../lib/gcc/arm-none-eabi/9.3.1/../../../../arm-none-eabi/lib/thumb/v7e-m+fp/hard/libc_nano.a(lib_a-nano-mallocr.o)
                0x0000000008005b40                _malloc_r
 .text._realloc_r
                0x0000000008005bf4       0x4c /home/zez/.eclipse/com.st.stm32cube.ide.mcu.rcp.product_1.5.1_1935173079_linux_gtk_x86_64/plugins/com.st.stm32cube.ide.mcu.externaltools.gnu-tools-for-stm32.9-2020-q2-update.linux64_1.5.0.202011040924/tools/bin/../lib/gcc/arm-none-eabi/9.3.1/../../../../arm-none-eabi/lib/thumb/v7e-m+fp/hard/libc_nano.a(lib_a-nano-reallocr.o)
                0x0000000008005bf4                _realloc_r
 .text._sbrk_r  0x0000000008005c40       0x20 /home/zez/.eclipse/com.st.stm32cube.ide.mcu.rcp.product_1.5.1_1935173079_linux_gtk_x86_64/plugins/com.st.stm32cube.ide.mcu.externaltools.gnu-tools-for-stm32.9-2020-q2-update.linux64_1.5.0.202011040924/tools/bin/../lib/gcc/arm-none-eabi/9.3.1/../../../../arm-none-eabi/lib/thumb/v7e-m+fp/hard/libc_nano.a(lib_a-sbrkr.o)
                0x0000000008005c40                _sbrk_r
 .text.__malloc_lock
                0x0000000008005c60        0xc /home/zez/.eclipse/com.st.stm32cube.ide.mcu.rcp.product_1.5.1_1935173079_linux_gtk_x86_64/plugins/com.st.stm32cube.ide.mcu.externaltools.gnu-tools-for-stm32.9-2020-q2-update.linux64_1.5.0.202011040924/tools/bin/../lib/gcc/arm-none-eabi/9.3.1/../../../../arm-none-eabi/lib/thumb/v7e-m+fp/hard/libc_nano.a(lib_a-mlock.o)
                0x0000000008005c60                __malloc_lock
 .text.__malloc_unlock
                0x0000000008005c6c        0xc /home/zez/.eclipse/com.st.stm32cube.ide.mcu.rcp.product_1.5.1_1935173079_linux_gtk_x86_64/plugins/com.st.stm32cube.ide.mcu.externaltools.gnu-tools-for-stm32.9-2020-q2-update.linux64_1.5.0.202011040924/tools/bin/../lib/gcc/arm-none-eabi/9.3.1/../../../../arm-none-eabi/lib/thumb/v7e-m+fp/hard/libc_nano.a(lib_a-mlock.o)
                0x0000000008005c6c                __malloc_unlock
 .text._malloc_usable_size_r
                0x0000000008005c78       0x10 /home/zez/.eclipse/com.st.stm32cube.ide.mcu.rcp.product_1.5.1_1935173079_linux_gtk_x86_64/plugins/com.st.stm32cube.ide.mcu.externaltools.gnu-tools-for-stm32.9-2020-q2-update.linux64_1.5.0.202011040924/tools/bin/../lib/gcc/arm-none-eabi/9.3.1/../../../../arm-none-eabi/lib/thumb/v7e-m+fp/hard/libc_nano.a(lib_a-nano-msizer.o)
                0x0000000008005c78                _malloc_usable_size_r
 .text.__retarget_lock_acquire_recursive
                0x0000000008005c88        0x2 /home/zez/.eclipse/com.st.stm32cube.ide.mcu.rcp.product_1.5.1_1935173079_linux_gtk_x86_64/plugins/com.st.stm32cube.ide.mcu.externaltools.gnu-tools-for-stm32.9-2020-q2-update.linux64_1.5.0.202011040924/tools/bin/../lib/gcc/arm-none-eabi/9.3.1/../../../../arm-none-eabi/lib/thumb/v7e-m+fp/hard/libc_nano.a(lib_a-lock.o)
                0x0000000008005c88                __retarget_lock_acquire_recursive
 .text.__retarget_lock_release_recursive
                0x0000000008005c8a        0x2 /home/zez/.eclipse/com.st.stm32cube.ide.mcu.rcp.product_1.5.1_1935173079_linux_gtk_x86_64/plugins/com.st.stm32cube.ide.mcu.externaltools.gnu-tools-for-stm32.9-2020-q2-update.linux64_1.5.0.202011040924/tools/bin/../lib/gcc/arm-none-eabi/9.3.1/../../../../arm-none-eabi/lib/thumb/v7e-m+fp/hard/libc_nano.a(lib_a-lock.o)
                0x0000000008005c8a                __retarget_lock_release_recursive
 *(.glue_7)
 .glue_7        0x0000000008005c8c        0x0 linker stubs
 *(.glue_7t)
 .glue_7t       0x0000000008005c8c        0x0 linker stubs
 *(.eh_frame)
 .eh_frame      0x0000000008005c8c        0x0 /home/zez/.eclipse/com.st.stm32cube.ide.mcu.rcp.product_1.5.1_1935173079_linux_gtk_x86_64/plugins/com.st.stm32cube.ide.mcu.externaltools.gnu-tools-for-stm32.9-2020-q2-update.linux64_1.5.0.202011040924/tools/bin/../lib/gcc/arm-none-eabi/9.3.1/thumb/v7e-m+fp/hard/crtbegin.o
 *(.init)
 .init          0x0000000008005c8c        0x4 /home/zez/.eclipse/com.st.stm32cube.ide.mcu.rcp.product_1.5.1_1935173079_linux_gtk_x86_64/plugins/com.st.stm32cube.ide.mcu.externaltools.gnu-tools-for-stm32.9-2020-q2-update.linux64_1.5.0.202011040924/tools/bin/../lib/gcc/arm-none-eabi/9.3.1/thumb/v7e-m+fp/hard/crti.o
                0x0000000008005c8c                _init
 .init          0x0000000008005c90        0x8 /home/zez/.eclipse/com.st.stm32cube.ide.mcu.rcp.product_1.5.1_1935173079_linux_gtk_x86_64/plugins/com.st.stm32cube.ide.mcu.externaltools.gnu-tools-for-stm32.9-2020-q2-update.linux64_1.5.0.202011040924/tools/bin/../lib/gcc/arm-none-eabi/9.3.1/thumb/v7e-m+fp/hard/crtn.o
 *(.fini)
 .fini          0x0000000008005c98        0x4 /home/zez/.eclipse/com.st.stm32cube.ide.mcu.rcp.product_1.5.1_1935173079_linux_gtk_x86_64/plugins/com.st.stm32cube.ide.mcu.externaltools.gnu-tools-for-stm32.9-2020-q2-update.linux64_1.5.0.202011040924/tools/bin/../lib/gcc/arm-none-eabi/9.3.1/thumb/v7e-m+fp/hard/crti.o
                0x0000000008005c98                _fini
 .fini          0x0000000008005c9c        0x8 /home/zez/.eclipse/com.st.stm32cube.ide.mcu.rcp.product_1.5.1_1935173079_linux_gtk_x86_64/plugins/com.st.stm32cube.ide.mcu.externaltools.gnu-tools-for-stm32.9-2020-q2-update.linux64_1.5.0.202011040924/tools/bin/../lib/gcc/arm-none-eabi/9.3.1/thumb/v7e-m+fp/hard/crtn.o
                0x0000000008005ca4                . = ALIGN (0x4)
                0x0000000008005ca4                _etext = .

.vfp11_veneer   0x0000000008005ca4        0x0
 .vfp11_veneer  0x0000000008005ca4        0x0 linker stubs

.v4_bx          0x0000000008005ca4        0x0
 .v4_bx         0x0000000008005ca4        0x0 linker stubs

.iplt           0x0000000008005ca4        0x0
 .iplt          0x0000000008005ca4        0x0 /home/zez/.eclipse/com.st.stm32cube.ide.mcu.rcp.product_1.5.1_1935173079_linux_gtk_x86_64/plugins/com.st.stm32cube.ide.mcu.externaltools.gnu-tools-for-stm32.9-2020-q2-update.linux64_1.5.0.202011040924/tools/bin/../lib/gcc/arm-none-eabi/9.3.1/thumb/v7e-m+fp/hard/crtbegin.o

.rodata         0x0000000008005ca4     0x1570
                0x0000000008005ca4                . = ALIGN (0x4)
 *(.rodata)
 .rodata        0x0000000008005ca4       0x2c Core/Src/main.o
 *(.rodata*)
 .rodata.Font7x10
                0x0000000008005cd0      0x76c Core/Src/fonts.o
                0x0000000008005cd0                Font7x10
 .rodata.Font11x18
                0x000000000800643c      0xd5c Core/Src/fonts.o
                0x000000000800643c                Font11x18
 .rodata.AHBPrescTable
                0x0000000008007198       0x10 Core/Src/system_stm32l4xx.o
                0x0000000008007198                AHBPrescTable
 .rodata.APBPrescTable
                0x00000000080071a8        0x8 Core/Src/system_stm32l4xx.o
                0x00000000080071a8                APBPrescTable
 .rodata.MSIRangeTable
                0x00000000080071b0       0x30 Core/Src/system_stm32l4xx.o
                0x00000000080071b0                MSIRangeTable
 .rodata._svfprintf_r.str1.1
                0x00000000080071e0       0x11 /home/zez/.eclipse/com.st.stm32cube.ide.mcu.rcp.product_1.5.1_1935173079_linux_gtk_x86_64/plugins/com.st.stm32cube.ide.mcu.externaltools.gnu-tools-for-stm32.9-2020-q2-update.linux64_1.5.0.202011040924/tools/bin/../lib/gcc/arm-none-eabi/9.3.1/../../../../arm-none-eabi/lib/thumb/v7e-m+fp/hard/libc_nano.a(lib_a-nano-svfprintf.o)
 .rodata._printf_i.str1.1
                0x00000000080071f1       0x22 /home/zez/.eclipse/com.st.stm32cube.ide.mcu.rcp.product_1.5.1_1935173079_linux_gtk_x86_64/plugins/com.st.stm32cube.ide.mcu.externaltools.gnu-tools-for-stm32.9-2020-q2-update.linux64_1.5.0.202011040924/tools/bin/../lib/gcc/arm-none-eabi/9.3.1/../../../../arm-none-eabi/lib/thumb/v7e-m+fp/hard/libc_nano.a(lib_a-nano-vfprintf_i.o)
                0x0000000008007214                . = ALIGN (0x4)
 *fill*         0x0000000008007213        0x1 

.ARM.extab      0x0000000008007214        0x0
                0x0000000008007214                . = ALIGN (0x4)
 *(.ARM.extab* .gnu.linkonce.armextab.*)
                0x0000000008007214                . = ALIGN (0x4)

.ARM            0x0000000008007214        0x8
                0x0000000008007214                . = ALIGN (0x4)
                0x0000000008007214                __exidx_start = .
 *(.ARM.exidx*)
 .ARM.exidx     0x0000000008007214        0x8 /home/zez/.eclipse/com.st.stm32cube.ide.mcu.rcp.product_1.5.1_1935173079_linux_gtk_x86_64/plugins/com.st.stm32cube.ide.mcu.externaltools.gnu-tools-for-stm32.9-2020-q2-update.linux64_1.5.0.202011040924/tools/bin/../lib/gcc/arm-none-eabi/9.3.1/thumb/v7e-m+fp/hard/libgcc.a(_udivmoddi4.o)
                0x000000000800721c                __exidx_end = .
                0x000000000800721c                . = ALIGN (0x4)

.rel.dyn        0x000000000800721c        0x0
 .rel.iplt      0x000000000800721c        0x0 /home/zez/.eclipse/com.st.stm32cube.ide.mcu.rcp.product_1.5.1_1935173079_linux_gtk_x86_64/plugins/com.st.stm32cube.ide.mcu.externaltools.gnu-tools-for-stm32.9-2020-q2-update.linux64_1.5.0.202011040924/tools/bin/../lib/gcc/arm-none-eabi/9.3.1/thumb/v7e-m+fp/hard/crtbegin.o

.preinit_array  0x000000000800721c        0x0
                0x000000000800721c                . = ALIGN (0x4)
                0x000000000800721c                PROVIDE (__preinit_array_start = .)
 *(.preinit_array*)
                0x000000000800721c                PROVIDE (__preinit_array_end = .)
                0x000000000800721c                . = ALIGN (0x4)

.init_array     0x000000000800721c        0x4
                0x000000000800721c                . = ALIGN (0x4)
                0x000000000800721c                PROVIDE (__init_array_start = .)
 *(SORT_BY_NAME(.init_array.*))
 *(.init_array*)
 .init_array    0x000000000800721c        0x4 /home/zez/.eclipse/com.st.stm32cube.ide.mcu.rcp.product_1.5.1_1935173079_linux_gtk_x86_64/plugins/com.st.stm32cube.ide.mcu.externaltools.gnu-tools-for-stm32.9-2020-q2-update.linux64_1.5.0.202011040924/tools/bin/../lib/gcc/arm-none-eabi/9.3.1/thumb/v7e-m+fp/hard/crtbegin.o
                0x0000000008007220                PROVIDE (__init_array_end = .)
                0x0000000008007220                . = ALIGN (0x4)

.fini_array     0x0000000008007220        0x4
                0x0000000008007220                . = ALIGN (0x4)
                [!provide]                        PROVIDE (__fini_array_start = .)
 *(SORT_BY_NAME(.fini_array.*))
 *(.fini_array*)
 .fini_array    0x0000000008007220        0x4 /home/zez/.eclipse/com.st.stm32cube.ide.mcu.rcp.product_1.5.1_1935173079_linux_gtk_x86_64/plugins/com.st.stm32cube.ide.mcu.externaltools.gnu-tools-for-stm32.9-2020-q2-update.linux64_1.5.0.202011040924/tools/bin/../lib/gcc/arm-none-eabi/9.3.1/thumb/v7e-m+fp/hard/crtbegin.o
                [!provide]                        PROVIDE (__fini_array_end = .)
                0x0000000008007224                . = ALIGN (0x4)
                0x0000000008007224                _sidata = LOADADDR (.data)

.data           0x0000000020000000       0xdc load address 0x0000000008007224
                0x0000000020000000                . = ALIGN (0x4)
                0x0000000020000000                _sdata = .
 *(.data)
 *(.data*)
 .data.Font_7x10
                0x0000000020000000        0x8 Core/Src/fonts.o
                0x0000000020000000                Font_7x10
 .data.Font_11x18
                0x0000000020000008        0x8 Core/Src/fonts.o
                0x0000000020000008                Font_11x18
 .data.text1    0x0000000020000010       0x3f Core/Src/main.o
                0x0000000020000010                text1
 *fill*         0x000000002000004f        0x1 
 .data.txBuffer
                0x0000000020000050       0x12 Core/Src/main.o
                0x0000000020000050                txBuffer
 *fill*         0x0000000020000062        0x2 
 .data.memID    0x0000000020000064        0x8 Core/Src/main.o
                0x0000000020000064                memID
 .data.SystemCoreClock
                0x000000002000006c        0x4 Core/Src/system_stm32l4xx.o
                0x000000002000006c                SystemCoreClock
 .data.uwTickPrio
                0x0000000020000070        0x4 Drivers/STM32L4xx_HAL_Driver/Src/stm32l4xx_hal.o
                0x0000000020000070                uwTickPrio
 .data.uwTickFreq
                0x0000000020000074        0x1 Drivers/STM32L4xx_HAL_Driver/Src/stm32l4xx_hal.o
                0x0000000020000074                uwTickFreq
 *fill*         0x0000000020000075        0x3 
 .data._impure_ptr
                0x0000000020000078        0x4 /home/zez/.eclipse/com.st.stm32cube.ide.mcu.rcp.product_1.5.1_1935173079_linux_gtk_x86_64/plugins/com.st.stm32cube.ide.mcu.externaltools.gnu-tools-for-stm32.9-2020-q2-update.linux64_1.5.0.202011040924/tools/bin/../lib/gcc/arm-none-eabi/9.3.1/../../../../arm-none-eabi/lib/thumb/v7e-m+fp/hard/libc_nano.a(lib_a-impure.o)
                0x0000000020000078                _impure_ptr
 .data.impure_data
                0x000000002000007c       0x60 /home/zez/.eclipse/com.st.stm32cube.ide.mcu.rcp.product_1.5.1_1935173079_linux_gtk_x86_64/plugins/com.st.stm32cube.ide.mcu.externaltools.gnu-tools-for-stm32.9-2020-q2-update.linux64_1.5.0.202011040924/tools/bin/../lib/gcc/arm-none-eabi/9.3.1/../../../../arm-none-eabi/lib/thumb/v7e-m+fp/hard/libc_nano.a(lib_a-impure.o)
 *(.RamFunc)
 *(.RamFunc*)
                0x00000000200000dc                . = ALIGN (0x4)
                0x00000000200000dc                _edata = .

.igot.plt       0x00000000200000dc        0x0 load address 0x0000000008007300
 .igot.plt      0x00000000200000dc        0x0 /home/zez/.eclipse/com.st.stm32cube.ide.mcu.rcp.product_1.5.1_1935173079_linux_gtk_x86_64/plugins/com.st.stm32cube.ide.mcu.externaltools.gnu-tools-for-stm32.9-2020-q2-update.linux64_1.5.0.202011040924/tools/bin/../lib/gcc/arm-none-eabi/9.3.1/thumb/v7e-m+fp/hard/crtbegin.o
                0x00000000200000dc                . = ALIGN (0x4)

.bss            0x00000000200000dc      0x64c load address 0x0000000008007300
                0x00000000200000dc                _sbss = .
                0x00000000200000dc                __bss_start__ = _sbss
 *(.bss)
 .bss           0x00000000200000dc       0x1c /home/zez/.eclipse/com.st.stm32cube.ide.mcu.rcp.product_1.5.1_1935173079_linux_gtk_x86_64/plugins/com.st.stm32cube.ide.mcu.externaltools.gnu-tools-for-stm32.9-2020-q2-update.linux64_1.5.0.202011040924/tools/bin/../lib/gcc/arm-none-eabi/9.3.1/thumb/v7e-m+fp/hard/crtbegin.o
 *(.bss*)
 .bss.UART1_rxBuffer
                0x00000000200000f8        0x6 Core/Src/main.o
                0x00000000200000f8                UART1_rxBuffer
 *fill*         0x00000000200000fe        0x2 
 .bss.SSD1306_Buffer
                0x0000000020000100      0x410 Core/Src/ssd1306.o
 .bss.SSD1306   0x0000000020000510        0x6 Core/Src/ssd1306.o
 *fill*         0x0000000020000516        0x2 
 .bss.__sbrk_heap_end
                0x0000000020000518        0x4 Core/Src/sysmem.o
 .bss.__malloc_free_list
                0x000000002000051c        0x4 /home/zez/.eclipse/com.st.stm32cube.ide.mcu.rcp.product_1.5.1_1935173079_linux_gtk_x86_64/plugins/com.st.stm32cube.ide.mcu.externaltools.gnu-tools-for-stm32.9-2020-q2-update.linux64_1.5.0.202011040924/tools/bin/../lib/gcc/arm-none-eabi/9.3.1/../../../../arm-none-eabi/lib/thumb/v7e-m+fp/hard/libc_nano.a(lib_a-nano-mallocr.o)
                0x000000002000051c                __malloc_free_list
 .bss.__malloc_sbrk_start
                0x0000000020000520        0x4 /home/zez/.eclipse/com.st.stm32cube.ide.mcu.rcp.product_1.5.1_1935173079_linux_gtk_x86_64/plugins/com.st.stm32cube.ide.mcu.externaltools.gnu-tools-for-stm32.9-2020-q2-update.linux64_1.5.0.202011040924/tools/bin/../lib/gcc/arm-none-eabi/9.3.1/../../../../arm-none-eabi/lib/thumb/v7e-m+fp/hard/libc_nano.a(lib_a-nano-mallocr.o)
                0x0000000020000520                __malloc_sbrk_start
 *(COMMON)
 COMMON         0x0000000020000524      0x1ee Core/Src/main.o
                0x0000000020000524                msg3
                0x000000002000052a                b
                0x000000002000052b                j
                0x000000002000052c                ser_ptm
                0x000000002000052d                ser_rcm
                0x0000000020000530                ser_bfm
                0x0000000020000560                pipi
                0x0000000020000568                hi2c1
                0x00000000200005b4                msg1
                0x00000000200005ba                k
                0x00000000200005bc                msg2
                0x00000000200005c4                retstr
                0x00000000200005ce                en
                0x00000000200005cf                i
                0x00000000200005d0                lastID
                0x00000000200005d4                huart1
                0x0000000020000658                data
                0x000000002000065c                rxBuffer
                0x0000000020000664                comand
                0x0000000020000665                ok
                0x0000000020000668                hspi1
                0x00000000200006cc                str
                0x00000000200006dc                q
                0x00000000200006dd                ser_pcm
                0x00000000200006de                len
                0x00000000200006e0                vem
 *fill*         0x0000000020000712        0x2 
 COMMON         0x0000000020000714        0x4 Drivers/STM32L4xx_HAL_Driver/Src/stm32l4xx_hal.o
                0x0000000020000714                uwTick
 COMMON         0x0000000020000718        0x4 /home/zez/.eclipse/com.st.stm32cube.ide.mcu.rcp.product_1.5.1_1935173079_linux_gtk_x86_64/plugins/com.st.stm32cube.ide.mcu.externaltools.gnu-tools-for-stm32.9-2020-q2-update.linux64_1.5.0.202011040924/tools/bin/../lib/gcc/arm-none-eabi/9.3.1/../../../../arm-none-eabi/lib/thumb/v7e-m+fp/hard/libc_nano.a(lib_a-reent.o)
                0x0000000020000718                errno
 COMMON         0x000000002000071c        0x9 /home/zez/.eclipse/com.st.stm32cube.ide.mcu.rcp.product_1.5.1_1935173079_linux_gtk_x86_64/plugins/com.st.stm32cube.ide.mcu.externaltools.gnu-tools-for-stm32.9-2020-q2-update.linux64_1.5.0.202011040924/tools/bin/../lib/gcc/arm-none-eabi/9.3.1/../../../../arm-none-eabi/lib/thumb/v7e-m+fp/hard/libc_nano.a(lib_a-lock.o)
                0x000000002000071c                __lock___atexit_recursive_mutex
                0x000000002000071d                __lock___arc4random_mutex
                0x000000002000071e                __lock___env_recursive_mutex
                0x000000002000071f                __lock___sinit_recursive_mutex
                0x0000000020000720                __lock___malloc_recursive_mutex
                0x0000000020000721                __lock___at_quick_exit_mutex
                0x0000000020000722                __lock___dd_hash_mutex
                0x0000000020000723                __lock___tz_mutex
                0x0000000020000724                __lock___sfp_recursive_mutex
                0x0000000020000728                . = ALIGN (0x4)
 *fill*         0x0000000020000725        0x3 
                0x0000000020000728                _ebss = .
                0x0000000020000728                __bss_end__ = _ebss

._user_heap_stack
                0x0000000020000728      0x600 load address 0x0000000008007300
                0x0000000020000728                . = ALIGN (0x8)
                [!provide]                        PROVIDE (end = .)
                0x0000000020000728                PROVIDE (_end = .)
                0x0000000020000928                . = (. + _Min_Heap_Size)
 *fill*         0x0000000020000728      0x200 
                0x0000000020000d28                . = (. + _Min_Stack_Size)
 *fill*         0x0000000020000928      0x400 
                0x0000000020000d28                . = ALIGN (0x8)

/DISCARD/
 libc.a(*)
 libm.a(*)
 libgcc.a(*)

.ARM.attributes
                0x0000000000000000       0x30
 *(.ARM.attributes)
 .ARM.attributes
                0x0000000000000000       0x1e /home/zez/.eclipse/com.st.stm32cube.ide.mcu.rcp.product_1.5.1_1935173079_linux_gtk_x86_64/plugins/com.st.stm32cube.ide.mcu.externaltools.gnu-tools-for-stm32.9-2020-q2-update.linux64_1.5.0.202011040924/tools/bin/../lib/gcc/arm-none-eabi/9.3.1/thumb/v7e-m+fp/hard/crti.o
 .ARM.attributes
                0x000000000000001e       0x34 /home/zez/.eclipse/com.st.stm32cube.ide.mcu.rcp.product_1.5.1_1935173079_linux_gtk_x86_64/plugins/com.st.stm32cube.ide.mcu.externaltools.gnu-tools-for-stm32.9-2020-q2-update.linux64_1.5.0.202011040924/tools/bin/../lib/gcc/arm-none-eabi/9.3.1/thumb/v7e-m+fp/hard/crtbegin.o
 .ARM.attributes
                0x0000000000000052       0x34 Core/Src/fonts.o
 .ARM.attributes
                0x0000000000000086       0x34 Core/Src/main.o
 .ARM.attributes
                0x00000000000000ba       0x34 Core/Src/rc522.o
 .ARM.attributes
                0x00000000000000ee       0x34 Core/Src/ssd1306.o
 .ARM.attributes
                0x0000000000000122       0x34 Core/Src/stm32l4xx_hal_msp.o
 .ARM.attributes
                0x0000000000000156       0x34 Core/Src/stm32l4xx_it.o
 .ARM.attributes
                0x000000000000018a       0x34 Core/Src/sysmem.o
 .ARM.attributes
                0x00000000000001be       0x34 Core/Src/system_stm32l4xx.o
 .ARM.attributes
                0x00000000000001f2       0x21 Core/Startup/startup_stm32l412cbtxp.o
 .ARM.attributes
                0x0000000000000213       0x34 Drivers/STM32L4xx_HAL_Driver/Src/stm32l4xx_hal.o
 .ARM.attributes
                0x0000000000000247       0x34 Drivers/STM32L4xx_HAL_Driver/Src/stm32l4xx_hal_cortex.o
 .ARM.attributes
                0x000000000000027b       0x34 Drivers/STM32L4xx_HAL_Driver/Src/stm32l4xx_hal_dma.o
 .ARM.attributes
                0x00000000000002af       0x34 Drivers/STM32L4xx_HAL_Driver/Src/stm32l4xx_hal_gpio.o
 .ARM.attributes
                0x00000000000002e3       0x34 Drivers/STM32L4xx_HAL_Driver/Src/stm32l4xx_hal_i2c.o
 .ARM.attributes
                0x0000000000000317       0x34 Drivers/STM32L4xx_HAL_Driver/Src/stm32l4xx_hal_i2c_ex.o
 .ARM.attributes
                0x000000000000034b       0x34 Drivers/STM32L4xx_HAL_Driver/Src/stm32l4xx_hal_pwr_ex.o
 .ARM.attributes
                0x000000000000037f       0x34 Drivers/STM32L4xx_HAL_Driver/Src/stm32l4xx_hal_rcc.o
 .ARM.attributes
                0x00000000000003b3       0x34 Drivers/STM32L4xx_HAL_Driver/Src/stm32l4xx_hal_rcc_ex.o
 .ARM.attributes
                0x00000000000003e7       0x34 Drivers/STM32L4xx_HAL_Driver/Src/stm32l4xx_hal_spi.o
 .ARM.attributes
                0x000000000000041b       0x34 Drivers/STM32L4xx_HAL_Driver/Src/stm32l4xx_hal_uart.o
 .ARM.attributes
                0x000000000000044f       0x34 Drivers/STM32L4xx_HAL_Driver/Src/stm32l4xx_hal_uart_ex.o
 .ARM.attributes
                0x0000000000000483       0x34 /home/zez/.eclipse/com.st.stm32cube.ide.mcu.rcp.product_1.5.1_1935173079_linux_gtk_x86_64/plugins/com.st.stm32cube.ide.mcu.externaltools.gnu-tools-for-stm32.9-2020-q2-update.linux64_1.5.0.202011040924/tools/bin/../lib/gcc/arm-none-eabi/9.3.1/../../../../arm-none-eabi/lib/thumb/v7e-m+fp/hard/libc_nano.a(lib_a-errno.o)
 .ARM.attributes
                0x00000000000004b7       0x32 /home/zez/.eclipse/com.st.stm32cube.ide.mcu.rcp.product_1.5.1_1935173079_linux_gtk_x86_64/plugins/com.st.stm32cube.ide.mcu.externaltools.gnu-tools-for-stm32.9-2020-q2-update.linux64_1.5.0.202011040924/tools/bin/../lib/gcc/arm-none-eabi/9.3.1/../../../../arm-none-eabi/lib/thumb/v7e-m+fp/hard/libc_nano.a(lib_a-impure.o)
 .ARM.attributes
                0x00000000000004e9       0x34 /home/zez/.eclipse/com.st.stm32cube.ide.mcu.rcp.product_1.5.1_1935173079_linux_gtk_x86_64/plugins/com.st.stm32cube.ide.mcu.externaltools.gnu-tools-for-stm32.9-2020-q2-update.linux64_1.5.0.202011040924/tools/bin/../lib/gcc/arm-none-eabi/9.3.1/../../../../arm-none-eabi/lib/thumb/v7e-m+fp/hard/libc_nano.a(lib_a-init.o)
 .ARM.attributes
                0x000000000000051d       0x34 /home/zez/.eclipse/com.st.stm32cube.ide.mcu.rcp.product_1.5.1_1935173079_linux_gtk_x86_64/plugins/com.st.stm32cube.ide.mcu.externaltools.gnu-tools-for-stm32.9-2020-q2-update.linux64_1.5.0.202011040924/tools/bin/../lib/gcc/arm-none-eabi/9.3.1/../../../../arm-none-eabi/lib/thumb/v7e-m+fp/hard/libc_nano.a(lib_a-memset.o)
 .ARM.attributes
                0x0000000000000551       0x34 /home/zez/.eclipse/com.st.stm32cube.ide.mcu.rcp.product_1.5.1_1935173079_linux_gtk_x86_64/plugins/com.st.stm32cube.ide.mcu.externaltools.gnu-tools-for-stm32.9-2020-q2-update.linux64_1.5.0.202011040924/tools/bin/../lib/gcc/arm-none-eabi/9.3.1/../../../../arm-none-eabi/lib/thumb/v7e-m+fp/hard/libc_nano.a(lib_a-sprintf.o)
 .ARM.attributes
                0x0000000000000585       0x34 /home/zez/.eclipse/com.st.stm32cube.ide.mcu.rcp.product_1.5.1_1935173079_linux_gtk_x86_64/plugins/com.st.stm32cube.ide.mcu.externaltools.gnu-tools-for-stm32.9-2020-q2-update.linux64_1.5.0.202011040924/tools/bin/../lib/gcc/arm-none-eabi/9.3.1/../../../../arm-none-eabi/lib/thumb/v7e-m+fp/hard/libc_nano.a(lib_a-nano-svfprintf.o)
 .ARM.attributes
                0x00000000000005b9       0x34 /home/zez/.eclipse/com.st.stm32cube.ide.mcu.rcp.product_1.5.1_1935173079_linux_gtk_x86_64/plugins/com.st.stm32cube.ide.mcu.externaltools.gnu-tools-for-stm32.9-2020-q2-update.linux64_1.5.0.202011040924/tools/bin/../lib/gcc/arm-none-eabi/9.3.1/../../../../arm-none-eabi/lib/thumb/v7e-m+fp/hard/libc_nano.a(lib_a-nano-vfprintf_i.o)
 .ARM.attributes
                0x00000000000005ed       0x1c /home/zez/.eclipse/com.st.stm32cube.ide.mcu.rcp.product_1.5.1_1935173079_linux_gtk_x86_64/plugins/com.st.stm32cube.ide.mcu.externaltools.gnu-tools-for-stm32.9-2020-q2-update.linux64_1.5.0.202011040924/tools/bin/../lib/gcc/arm-none-eabi/9.3.1/../../../../arm-none-eabi/lib/thumb/v7e-m+fp/hard/libc_nano.a(lib_a-memchr.o)
 .ARM.attributes
                0x0000000000000609       0x34 /home/zez/.eclipse/com.st.stm32cube.ide.mcu.rcp.product_1.5.1_1935173079_linux_gtk_x86_64/plugins/com.st.stm32cube.ide.mcu.externaltools.gnu-tools-for-stm32.9-2020-q2-update.linux64_1.5.0.202011040924/tools/bin/../lib/gcc/arm-none-eabi/9.3.1/../../../../arm-none-eabi/lib/thumb/v7e-m+fp/hard/libc_nano.a(lib_a-memcpy-stub.o)
 .ARM.attributes
                0x000000000000063d       0x34 /home/zez/.eclipse/com.st.stm32cube.ide.mcu.rcp.product_1.5.1_1935173079_linux_gtk_x86_64/plugins/com.st.stm32cube.ide.mcu.externaltools.gnu-tools-for-stm32.9-2020-q2-update.linux64_1.5.0.202011040924/tools/bin/../lib/gcc/arm-none-eabi/9.3.1/../../../../arm-none-eabi/lib/thumb/v7e-m+fp/hard/libc_nano.a(lib_a-memmove.o)
 .ARM.attributes
                0x0000000000000671       0x34 /home/zez/.eclipse/com.st.stm32cube.ide.mcu.rcp.product_1.5.1_1935173079_linux_gtk_x86_64/plugins/com.st.stm32cube.ide.mcu.externaltools.gnu-tools-for-stm32.9-2020-q2-update.linux64_1.5.0.202011040924/tools/bin/../lib/gcc/arm-none-eabi/9.3.1/../../../../arm-none-eabi/lib/thumb/v7e-m+fp/hard/libc_nano.a(lib_a-nano-freer.o)
 .ARM.attributes
                0x00000000000006a5       0x34 /home/zez/.eclipse/com.st.stm32cube.ide.mcu.rcp.product_1.5.1_1935173079_linux_gtk_x86_64/plugins/com.st.stm32cube.ide.mcu.externaltools.gnu-tools-for-stm32.9-2020-q2-update.linux64_1.5.0.202011040924/tools/bin/../lib/gcc/arm-none-eabi/9.3.1/../../../../arm-none-eabi/lib/thumb/v7e-m+fp/hard/libc_nano.a(lib_a-nano-mallocr.o)
 .ARM.attributes
                0x00000000000006d9       0x34 /home/zez/.eclipse/com.st.stm32cube.ide.mcu.rcp.product_1.5.1_1935173079_linux_gtk_x86_64/plugins/com.st.stm32cube.ide.mcu.externaltools.gnu-tools-for-stm32.9-2020-q2-update.linux64_1.5.0.202011040924/tools/bin/../lib/gcc/arm-none-eabi/9.3.1/../../../../arm-none-eabi/lib/thumb/v7e-m+fp/hard/libc_nano.a(lib_a-nano-reallocr.o)
 .ARM.attributes
                0x000000000000070d       0x34 /home/zez/.eclipse/com.st.stm32cube.ide.mcu.rcp.product_1.5.1_1935173079_linux_gtk_x86_64/plugins/com.st.stm32cube.ide.mcu.externaltools.gnu-tools-for-stm32.9-2020-q2-update.linux64_1.5.0.202011040924/tools/bin/../lib/gcc/arm-none-eabi/9.3.1/../../../../arm-none-eabi/lib/thumb/v7e-m+fp/hard/libc_nano.a(lib_a-sbrkr.o)
 .ARM.attributes
                0x0000000000000741       0x34 /home/zez/.eclipse/com.st.stm32cube.ide.mcu.rcp.product_1.5.1_1935173079_linux_gtk_x86_64/plugins/com.st.stm32cube.ide.mcu.externaltools.gnu-tools-for-stm32.9-2020-q2-update.linux64_1.5.0.202011040924/tools/bin/../lib/gcc/arm-none-eabi/9.3.1/../../../../arm-none-eabi/lib/thumb/v7e-m+fp/hard/libc_nano.a(lib_a-mlock.o)
 .ARM.attributes
                0x0000000000000775       0x34 /home/zez/.eclipse/com.st.stm32cube.ide.mcu.rcp.product_1.5.1_1935173079_linux_gtk_x86_64/plugins/com.st.stm32cube.ide.mcu.externaltools.gnu-tools-for-stm32.9-2020-q2-update.linux64_1.5.0.202011040924/tools/bin/../lib/gcc/arm-none-eabi/9.3.1/../../../../arm-none-eabi/lib/thumb/v7e-m+fp/hard/libc_nano.a(lib_a-nano-msizer.o)
 .ARM.attributes
                0x00000000000007a9       0x34 /home/zez/.eclipse/com.st.stm32cube.ide.mcu.rcp.product_1.5.1_1935173079_linux_gtk_x86_64/plugins/com.st.stm32cube.ide.mcu.externaltools.gnu-tools-for-stm32.9-2020-q2-update.linux64_1.5.0.202011040924/tools/bin/../lib/gcc/arm-none-eabi/9.3.1/../../../../arm-none-eabi/lib/thumb/v7e-m+fp/hard/libc_nano.a(lib_a-reent.o)
 .ARM.attributes
                0x00000000000007dd       0x34 /home/zez/.eclipse/com.st.stm32cube.ide.mcu.rcp.product_1.5.1_1935173079_linux_gtk_x86_64/plugins/com.st.stm32cube.ide.mcu.externaltools.gnu-tools-for-stm32.9-2020-q2-update.linux64_1.5.0.202011040924/tools/bin/../lib/gcc/arm-none-eabi/9.3.1/../../../../arm-none-eabi/lib/thumb/v7e-m+fp/hard/libc_nano.a(lib_a-lock.o)
 .ARM.attributes
                0x0000000000000811       0x1e /home/zez/.eclipse/com.st.stm32cube.ide.mcu.rcp.product_1.5.1_1935173079_linux_gtk_x86_64/plugins/com.st.stm32cube.ide.mcu.externaltools.gnu-tools-for-stm32.9-2020-q2-update.linux64_1.5.0.202011040924/tools/bin/../lib/gcc/arm-none-eabi/9.3.1/thumb/v7e-m+fp/hard/libgcc.a(_aeabi_uldivmod.o)
 .ARM.attributes
                0x000000000000082f       0x34 /home/zez/.eclipse/com.st.stm32cube.ide.mcu.rcp.product_1.5.1_1935173079_linux_gtk_x86_64/plugins/com.st.stm32cube.ide.mcu.externaltools.gnu-tools-for-stm32.9-2020-q2-update.linux64_1.5.0.202011040924/tools/bin/../lib/gcc/arm-none-eabi/9.3.1/thumb/v7e-m+fp/hard/libgcc.a(_udivmoddi4.o)
 .ARM.attributes
                0x0000000000000863       0x1e /home/zez/.eclipse/com.st.stm32cube.ide.mcu.rcp.product_1.5.1_1935173079_linux_gtk_x86_64/plugins/com.st.stm32cube.ide.mcu.externaltools.gnu-tools-for-stm32.9-2020-q2-update.linux64_1.5.0.202011040924/tools/bin/../lib/gcc/arm-none-eabi/9.3.1/thumb/v7e-m+fp/hard/libgcc.a(_dvmd_tls.o)
 .ARM.attributes
                0x0000000000000881       0x1e /home/zez/.eclipse/com.st.stm32cube.ide.mcu.rcp.product_1.5.1_1935173079_linux_gtk_x86_64/plugins/com.st.stm32cube.ide.mcu.externaltools.gnu-tools-for-stm32.9-2020-q2-update.linux64_1.5.0.202011040924/tools/bin/../lib/gcc/arm-none-eabi/9.3.1/thumb/v7e-m+fp/hard/crtn.o
OUTPUT(mc522_412.elf elf32-littlearm)
LOAD linker stubs
LOAD /home/zez/.eclipse/com.st.stm32cube.ide.mcu.rcp.product_1.5.1_1935173079_linux_gtk_x86_64/plugins/com.st.stm32cube.ide.mcu.externaltools.gnu-tools-for-stm32.9-2020-q2-update.linux64_1.5.0.202011040924/tools/bin/../lib/gcc/arm-none-eabi/9.3.1/../../../../arm-none-eabi/lib/thumb/v7e-m+fp/hard/libc.a
LOAD /home/zez/.eclipse/com.st.stm32cube.ide.mcu.rcp.product_1.5.1_1935173079_linux_gtk_x86_64/plugins/com.st.stm32cube.ide.mcu.externaltools.gnu-tools-for-stm32.9-2020-q2-update.linux64_1.5.0.202011040924/tools/bin/../lib/gcc/arm-none-eabi/9.3.1/../../../../arm-none-eabi/lib/thumb/v7e-m+fp/hard/libm.a
LOAD /home/zez/.eclipse/com.st.stm32cube.ide.mcu.rcp.product_1.5.1_1935173079_linux_gtk_x86_64/plugins/com.st.stm32cube.ide.mcu.externaltools.gnu-tools-for-stm32.9-2020-q2-update.linux64_1.5.0.202011040924/tools/bin/../lib/gcc/arm-none-eabi/9.3.1/thumb/v7e-m+fp/hard/libgcc.a

.debug_info     0x0000000000000000    0x15105
 .debug_info    0x0000000000000000      0xd24 Core/Src/fonts.o
 .debug_info    0x0000000000000d24     0x22a7 Core/Src/main.o
 .debug_info    0x0000000000002fcb      0xf2c Core/Src/rc522.o
 .debug_info    0x0000000000003ef7     0x1b8e Core/Src/ssd1306.o
 .debug_info    0x0000000000005a85     0x14e3 Core/Src/stm32l4xx_hal_msp.o
 .debug_info    0x0000000000006f68      0x922 Core/Src/stm32l4xx_it.o
 .debug_info    0x000000000000788a      0xa25 Core/Src/sysmem.o
 .debug_info    0x00000000000082af      0x787 Core/Src/system_stm32l4xx.o
 .debug_info    0x0000000000008a36       0x22 Core/Startup/startup_stm32l412cbtxp.o
 .debug_info    0x0000000000008a58      0xb44 Drivers/STM32L4xx_HAL_Driver/Src/stm32l4xx_hal.o
 .debug_info    0x000000000000959c      0xf98 Drivers/STM32L4xx_HAL_Driver/Src/stm32l4xx_hal_cortex.o
 .debug_info    0x000000000000a534      0x973 Drivers/STM32L4xx_HAL_Driver/Src/stm32l4xx_hal_dma.o
 .debug_info    0x000000000000aea7      0xa5f Drivers/STM32L4xx_HAL_Driver/Src/stm32l4xx_hal_gpio.o
 .debug_info    0x000000000000b906     0x22fd Drivers/STM32L4xx_HAL_Driver/Src/stm32l4xx_hal_i2c.o
 .debug_info    0x000000000000dc03      0xc37 Drivers/STM32L4xx_HAL_Driver/Src/stm32l4xx_hal_i2c_ex.o
 .debug_info    0x000000000000e83a      0xbc7 Drivers/STM32L4xx_HAL_Driver/Src/stm32l4xx_hal_pwr_ex.o
 .debug_info    0x000000000000f401      0xdd3 Drivers/STM32L4xx_HAL_Driver/Src/stm32l4xx_hal_rcc.o
 .debug_info    0x00000000000101d4      0xf01 Drivers/STM32L4xx_HAL_Driver/Src/stm32l4xx_hal_rcc_ex.o
 .debug_info    0x00000000000110d5     0x18f8 Drivers/STM32L4xx_HAL_Driver/Src/stm32l4xx_hal_spi.o
 .debug_info    0x00000000000129cd     0x1ad1 Drivers/STM32L4xx_HAL_Driver/Src/stm32l4xx_hal_uart.o
 .debug_info    0x000000000001449e      0xc67 Drivers/STM32L4xx_HAL_Driver/Src/stm32l4xx_hal_uart_ex.o

.debug_abbrev   0x0000000000000000     0x2c91
 .debug_abbrev  0x0000000000000000      0x208 Core/Src/fonts.o
 .debug_abbrev  0x0000000000000208      0x39c Core/Src/main.o
 .debug_abbrev  0x00000000000005a4      0x26a Core/Src/rc522.o
 .debug_abbrev  0x000000000000080e      0x35a Core/Src/ssd1306.o
 .debug_abbrev  0x0000000000000b68      0x1ed Core/Src/stm32l4xx_hal_msp.o
 .debug_abbrev  0x0000000000000d55      0x163 Core/Src/stm32l4xx_it.o
 .debug_abbrev  0x0000000000000eb8      0x1bf Core/Src/sysmem.o
 .debug_abbrev  0x0000000000001077      0x165 Core/Src/system_stm32l4xx.o
 .debug_abbrev  0x00000000000011dc       0x12 Core/Startup/startup_stm32l412cbtxp.o
 .debug_abbrev  0x00000000000011ee      0x20b Drivers/STM32L4xx_HAL_Driver/Src/stm32l4xx_hal.o
 .debug_abbrev  0x00000000000013f9      0x33c Drivers/STM32L4xx_HAL_Driver/Src/stm32l4xx_hal_cortex.o
 .debug_abbrev  0x0000000000001735      0x201 Drivers/STM32L4xx_HAL_Driver/Src/stm32l4xx_hal_dma.o
 .debug_abbrev  0x0000000000001936      0x1e8 Drivers/STM32L4xx_HAL_Driver/Src/stm32l4xx_hal_gpio.o
 .debug_abbrev  0x0000000000001b1e      0x256 Drivers/STM32L4xx_HAL_Driver/Src/stm32l4xx_hal_i2c.o
 .debug_abbrev  0x0000000000001d74      0x1dd Drivers/STM32L4xx_HAL_Driver/Src/stm32l4xx_hal_i2c_ex.o
 .debug_abbrev  0x0000000000001f51      0x1f3 Drivers/STM32L4xx_HAL_Driver/Src/stm32l4xx_hal_pwr_ex.o
 .debug_abbrev  0x0000000000002144      0x280 Drivers/STM32L4xx_HAL_Driver/Src/stm32l4xx_hal_rcc.o
 .debug_abbrev  0x00000000000023c4      0x230 Drivers/STM32L4xx_HAL_Driver/Src/stm32l4xx_hal_rcc_ex.o
 .debug_abbrev  0x00000000000025f4      0x254 Drivers/STM32L4xx_HAL_Driver/Src/stm32l4xx_hal_spi.o
 .debug_abbrev  0x0000000000002848      0x23f Drivers/STM32L4xx_HAL_Driver/Src/stm32l4xx_hal_uart.o
 .debug_abbrev  0x0000000000002a87      0x20a Drivers/STM32L4xx_HAL_Driver/Src/stm32l4xx_hal_uart_ex.o

.debug_aranges  0x0000000000000000     0x1068
 .debug_aranges
                0x0000000000000000       0x20 Core/Src/fonts.o
 .debug_aranges
                0x0000000000000020       0x78 Core/Src/main.o
 .debug_aranges
                0x0000000000000098       0xc8 Core/Src/rc522.o
 .debug_aranges
                0x0000000000000160       0xf8 Core/Src/ssd1306.o
 .debug_aranges
                0x0000000000000258       0x50 Core/Src/stm32l4xx_hal_msp.o
 .debug_aranges
                0x00000000000002a8       0x68 Core/Src/stm32l4xx_it.o
 .debug_aranges
                0x0000000000000310       0x20 Core/Src/sysmem.o
 .debug_aranges
                0x0000000000000330       0x28 Core/Src/system_stm32l4xx.o
 .debug_aranges
                0x0000000000000358       0x28 Core/Startup/startup_stm32l412cbtxp.o
 .debug_aranges
                0x0000000000000380      0x108 Drivers/STM32L4xx_HAL_Driver/Src/stm32l4xx_hal.o
 .debug_aranges
                0x0000000000000488      0x118 Drivers/STM32L4xx_HAL_Driver/Src/stm32l4xx_hal_cortex.o
 .debug_aranges
                0x00000000000005a0       0x80 Drivers/STM32L4xx_HAL_Driver/Src/stm32l4xx_hal_dma.o
 .debug_aranges
                0x0000000000000620       0x58 Drivers/STM32L4xx_HAL_Driver/Src/stm32l4xx_hal_gpio.o
 .debug_aranges
                0x0000000000000678      0x290 Drivers/STM32L4xx_HAL_Driver/Src/stm32l4xx_hal_i2c.o
 .debug_aranges
                0x0000000000000908       0x48 Drivers/STM32L4xx_HAL_Driver/Src/stm32l4xx_hal_i2c_ex.o
 .debug_aranges
                0x0000000000000950      0x148 Drivers/STM32L4xx_HAL_Driver/Src/stm32l4xx_hal_pwr_ex.o
 .debug_aranges
                0x0000000000000a98       0x88 Drivers/STM32L4xx_HAL_Driver/Src/stm32l4xx_hal_rcc.o
 .debug_aranges
                0x0000000000000b20       0xd0 Drivers/STM32L4xx_HAL_Driver/Src/stm32l4xx_hal_rcc_ex.o
 .debug_aranges
                0x0000000000000bf0      0x1d8 Drivers/STM32L4xx_HAL_Driver/Src/stm32l4xx_hal_spi.o
 .debug_aranges
                0x0000000000000dc8      0x228 Drivers/STM32L4xx_HAL_Driver/Src/stm32l4xx_hal_uart.o
 .debug_aranges
                0x0000000000000ff0       0x78 Drivers/STM32L4xx_HAL_Driver/Src/stm32l4xx_hal_uart_ex.o

.debug_ranges   0x0000000000000000      0xf50
 .debug_ranges  0x0000000000000000       0x10 Core/Src/fonts.o
 .debug_ranges  0x0000000000000010       0x68 Core/Src/main.o
 .debug_ranges  0x0000000000000078       0xb8 Core/Src/rc522.o
 .debug_ranges  0x0000000000000130       0xe8 Core/Src/ssd1306.o
 .debug_ranges  0x0000000000000218       0x40 Core/Src/stm32l4xx_hal_msp.o
 .debug_ranges  0x0000000000000258       0x58 Core/Src/stm32l4xx_it.o
 .debug_ranges  0x00000000000002b0       0x10 Core/Src/sysmem.o
 .debug_ranges  0x00000000000002c0       0x18 Core/Src/system_stm32l4xx.o
 .debug_ranges  0x00000000000002d8       0x20 Core/Startup/startup_stm32l412cbtxp.o
 .debug_ranges  0x00000000000002f8       0xf8 Drivers/STM32L4xx_HAL_Driver/Src/stm32l4xx_hal.o
 .debug_ranges  0x00000000000003f0      0x108 Drivers/STM32L4xx_HAL_Driver/Src/stm32l4xx_hal_cortex.o
 .debug_ranges  0x00000000000004f8       0x70 Drivers/STM32L4xx_HAL_Driver/Src/stm32l4xx_hal_dma.o
 .debug_ranges  0x0000000000000568       0x48 Drivers/STM32L4xx_HAL_Driver/Src/stm32l4xx_hal_gpio.o
 .debug_ranges  0x00000000000005b0      0x280 Drivers/STM32L4xx_HAL_Driver/Src/stm32l4xx_hal_i2c.o
 .debug_ranges  0x0000000000000830       0x38 Drivers/STM32L4xx_HAL_Driver/Src/stm32l4xx_hal_i2c_ex.o
 .debug_ranges  0x0000000000000868      0x138 Drivers/STM32L4xx_HAL_Driver/Src/stm32l4xx_hal_pwr_ex.o
 .debug_ranges  0x00000000000009a0       0x78 Drivers/STM32L4xx_HAL_Driver/Src/stm32l4xx_hal_rcc.o
 .debug_ranges  0x0000000000000a18       0xc0 Drivers/STM32L4xx_HAL_Driver/Src/stm32l4xx_hal_rcc_ex.o
 .debug_ranges  0x0000000000000ad8      0x1c8 Drivers/STM32L4xx_HAL_Driver/Src/stm32l4xx_hal_spi.o
 .debug_ranges  0x0000000000000ca0      0x248 Drivers/STM32L4xx_HAL_Driver/Src/stm32l4xx_hal_uart.o
 .debug_ranges  0x0000000000000ee8       0x68 Drivers/STM32L4xx_HAL_Driver/Src/stm32l4xx_hal_uart_ex.o

.debug_macro    0x0000000000000000    0x1b1d2
 .debug_macro   0x0000000000000000      0x2b1 Core/Src/fonts.o
 .debug_macro   0x00000000000002b1      0xaa8 Core/Src/fonts.o
 .debug_macro   0x0000000000000d59      0x1ad Core/Src/fonts.o
 .debug_macro   0x0000000000000f06       0x2e Core/Src/fonts.o
 .debug_macro   0x0000000000000f34       0x28 Core/Src/fonts.o
 .debug_macro   0x0000000000000f5c       0x22 Core/Src/fonts.o
 .debug_macro   0x0000000000000f7e       0x8e Core/Src/fonts.o
 .debug_macro   0x000000000000100c       0x51 Core/Src/fonts.o
 .debug_macro   0x000000000000105d      0x103 Core/Src/fonts.o
 .debug_macro   0x0000000000001160       0x6a Core/Src/fonts.o
 .debug_macro   0x00000000000011ca      0x1df Core/Src/fonts.o
 .debug_macro   0x00000000000013a9       0x1c Core/Src/fonts.o
 .debug_macro   0x00000000000013c5       0x22 Core/Src/fonts.o
 .debug_macro   0x00000000000013e7      0x101 Core/Src/fonts.o
 .debug_macro   0x00000000000014e8     0x1011 Core/Src/fonts.o
 .debug_macro   0x00000000000024f9      0x11f Core/Src/fonts.o
 .debug_macro   0x0000000000002618     0xe4aa Core/Src/fonts.o
 .debug_macro   0x0000000000010ac2       0x43 Core/Src/fonts.o
 .debug_macro   0x0000000000010b05     0x3890 Core/Src/fonts.o
 .debug_macro   0x0000000000014395      0x174 Core/Src/fonts.o
 .debug_macro   0x0000000000014509       0x5c Core/Src/fonts.o
 .debug_macro   0x0000000000014565     0x101f Core/Src/fonts.o
 .debug_macro   0x0000000000015584      0x494 Core/Src/fonts.o
 .debug_macro   0x0000000000015a18      0x13d Core/Src/fonts.o
 .debug_macro   0x0000000000015b55       0xd7 Core/Src/fonts.o
 .debug_macro   0x0000000000015c2c      0x26b Core/Src/fonts.o
 .debug_macro   0x0000000000015e97      0x23d Core/Src/fonts.o
 .debug_macro   0x00000000000160d4      0x21d Core/Src/fonts.o
 .debug_macro   0x00000000000162f1      0x375 Core/Src/fonts.o
 .debug_macro   0x0000000000016666       0xd6 Core/Src/fonts.o
 .debug_macro   0x000000000001673c      0x22c Core/Src/fonts.o
 .debug_macro   0x0000000000016968       0x61 Core/Src/fonts.o
 .debug_macro   0x00000000000169c9       0xa5 Core/Src/fonts.o
 .debug_macro   0x0000000000016a6e      0x122 Core/Src/fonts.o
 .debug_macro   0x0000000000016b90      0x365 Core/Src/fonts.o
 .debug_macro   0x0000000000016ef5      0x2fe Core/Src/fonts.o
 .debug_macro   0x00000000000171f3      0x5ba Core/Src/fonts.o
 .debug_macro   0x00000000000177ad       0x44 Core/Src/fonts.o
 .debug_macro   0x00000000000177f1      0x221 Core/Src/fonts.o
 .debug_macro   0x0000000000017a12       0x52 Core/Src/fonts.o
 .debug_macro   0x0000000000017a64       0x18 Core/Src/fonts.o
 .debug_macro   0x0000000000017a7c       0x3c Core/Src/fonts.o
 .debug_macro   0x0000000000017ab8       0x34 Core/Src/fonts.o
 .debug_macro   0x0000000000017aec       0x16 Core/Src/fonts.o
 .debug_macro   0x0000000000017b02       0x43 Core/Src/fonts.o
 .debug_macro   0x0000000000017b45       0x34 Core/Src/fonts.o
 .debug_macro   0x0000000000017b79       0x10 Core/Src/fonts.o
 .debug_macro   0x0000000000017b89       0x58 Core/Src/fonts.o
 .debug_macro   0x0000000000017be1       0x71 Core/Src/fonts.o
 .debug_macro   0x0000000000017c52       0x1c Core/Src/fonts.o
 .debug_macro   0x0000000000017c6e      0x12a Core/Src/fonts.o
 .debug_macro   0x0000000000017d98      0x333 Core/Src/fonts.o
 .debug_macro   0x00000000000180cb       0x10 Core/Src/fonts.o
 .debug_macro   0x00000000000180db       0x35 Core/Src/fonts.o
 .debug_macro   0x0000000000018110       0x20 Core/Src/fonts.o
 .debug_macro   0x0000000000018130      0x3fb Core/Src/main.o
 .debug_macro   0x000000000001852b       0x22 Core/Src/main.o
 .debug_macro   0x000000000001854d       0x1c Core/Src/main.o
 .debug_macro   0x0000000000018569       0x10 Core/Src/main.o
 .debug_macro   0x0000000000018579       0x10 Core/Src/main.o
 .debug_macro   0x0000000000018589       0x1c Core/Src/main.o
 .debug_macro   0x00000000000185a5       0x52 Core/Src/main.o
 .debug_macro   0x00000000000185f7       0x22 Core/Src/main.o
 .debug_macro   0x0000000000018619       0x10 Core/Src/main.o
 .debug_macro   0x0000000000018629       0x40 Core/Src/main.o
 .debug_macro   0x0000000000018669       0xd5 Core/Src/main.o
 .debug_macro   0x000000000001873e       0x1c Core/Src/main.o
 .debug_macro   0x000000000001875a       0x3d Core/Src/main.o
 .debug_macro   0x0000000000018797       0x16 Core/Src/main.o
 .debug_macro   0x00000000000187ad      0x145 Core/Src/main.o
 .debug_macro   0x00000000000188f2       0x16 Core/Src/main.o
 .debug_macro   0x0000000000018908       0x16 Core/Src/main.o
 .debug_macro   0x000000000001891e       0x29 Core/Src/main.o
 .debug_macro   0x0000000000018947       0x1d Core/Src/main.o
 .debug_macro   0x0000000000018964      0x226 Core/Src/main.o
 .debug_macro   0x0000000000018b8a      0x1e2 Core/Src/rc522.o
 .debug_macro   0x0000000000018d6c      0x33c Core/Src/ssd1306.o
 .debug_macro   0x00000000000190a8      0x1e3 Core/Src/stm32l4xx_hal_msp.o
 .debug_macro   0x000000000001928b      0x1ed Core/Src/stm32l4xx_it.o
 .debug_macro   0x0000000000019478       0xff Core/Src/sysmem.o
 .debug_macro   0x0000000000019577      0x23b Core/Src/sysmem.o
 .debug_macro   0x00000000000197b2      0x1d9 Core/Src/system_stm32l4xx.o
 .debug_macro   0x000000000001998b      0x221 Drivers/STM32L4xx_HAL_Driver/Src/stm32l4xx_hal.o
 .debug_macro   0x0000000000019bac      0x1d9 Drivers/STM32L4xx_HAL_Driver/Src/stm32l4xx_hal_cortex.o
 .debug_macro   0x0000000000019d85      0x1d9 Drivers/STM32L4xx_HAL_Driver/Src/stm32l4xx_hal_dma.o
 .debug_macro   0x0000000000019f5e      0x218 Drivers/STM32L4xx_HAL_Driver/Src/stm32l4xx_hal_gpio.o
 .debug_macro   0x000000000001a176      0x29e Drivers/STM32L4xx_HAL_Driver/Src/stm32l4xx_hal_i2c.o
 .debug_macro   0x000000000001a414      0x1d9 Drivers/STM32L4xx_HAL_Driver/Src/stm32l4xx_hal_i2c_ex.o
 .debug_macro   0x000000000001a5ed      0x1fd Drivers/STM32L4xx_HAL_Driver/Src/stm32l4xx_hal_pwr_ex.o
 .debug_macro   0x000000000001a7ea      0x21b Drivers/STM32L4xx_HAL_Driver/Src/stm32l4xx_hal_rcc.o
 .debug_macro   0x000000000001aa05      0x20f Drivers/STM32L4xx_HAL_Driver/Src/stm32l4xx_hal_rcc_ex.o
 .debug_macro   0x000000000001ac14      0x1e1 Drivers/STM32L4xx_HAL_Driver/Src/stm32l4xx_hal_spi.o
 .debug_macro   0x000000000001adf5      0x204 Drivers/STM32L4xx_HAL_Driver/Src/stm32l4xx_hal_uart.o
 .debug_macro   0x000000000001aff9      0x1d9 Drivers/STM32L4xx_HAL_Driver/Src/stm32l4xx_hal_uart_ex.o

.debug_line     0x0000000000000000    0x13ea9
 .debug_line    0x0000000000000000      0x96d Core/Src/fonts.o
 .debug_line    0x000000000000096d      0xe87 Core/Src/main.o
 .debug_line    0x00000000000017f4      0xdb9 Core/Src/rc522.o
 .debug_line    0x00000000000025ad     0x1140 Core/Src/ssd1306.o
 .debug_line    0x00000000000036ed      0x8bc Core/Src/stm32l4xx_hal_msp.o
 .debug_line    0x0000000000003fa9      0x8ab Core/Src/stm32l4xx_it.o
 .debug_line    0x0000000000004854      0x606 Core/Src/sysmem.o
 .debug_line    0x0000000000004e5a      0x881 Core/Src/system_stm32l4xx.o
 .debug_line    0x00000000000056db       0x88 Core/Startup/startup_stm32l412cbtxp.o
 .debug_line    0x0000000000005763      0xb2d Drivers/STM32L4xx_HAL_Driver/Src/stm32l4xx_hal.o
 .debug_line    0x0000000000006290      0xd67 Drivers/STM32L4xx_HAL_Driver/Src/stm32l4xx_hal_cortex.o
 .debug_line    0x0000000000006ff7      0xd9f Drivers/STM32L4xx_HAL_Driver/Src/stm32l4xx_hal_dma.o
 .debug_line    0x0000000000007d96      0xbcf Drivers/STM32L4xx_HAL_Driver/Src/stm32l4xx_hal_gpio.o
 .debug_line    0x0000000000008965     0x3391 Drivers/STM32L4xx_HAL_Driver/Src/stm32l4xx_hal_i2c.o
 .debug_line    0x000000000000bcf6      0x9ee Drivers/STM32L4xx_HAL_Driver/Src/stm32l4xx_hal_i2c_ex.o
 .debug_line    0x000000000000c6e4      0xd1d Drivers/STM32L4xx_HAL_Driver/Src/stm32l4xx_hal_pwr_ex.o
 .debug_line    0x000000000000d401     0x108b Drivers/STM32L4xx_HAL_Driver/Src/stm32l4xx_hal_rcc.o
 .debug_line    0x000000000000e48c     0x107e Drivers/STM32L4xx_HAL_Driver/Src/stm32l4xx_hal_rcc_ex.o
 .debug_line    0x000000000000f50a     0x1fe9 Drivers/STM32L4xx_HAL_Driver/Src/stm32l4xx_hal_spi.o
 .debug_line    0x00000000000114f3     0x1e09 Drivers/STM32L4xx_HAL_Driver/Src/stm32l4xx_hal_uart.o
 .debug_line    0x00000000000132fc      0xbad Drivers/STM32L4xx_HAL_Driver/Src/stm32l4xx_hal_uart_ex.o

.debug_str      0x0000000000000000    0xa5258
 .debug_str     0x0000000000000000    0x9e08c Core/Src/fonts.o
                                      0x9e401 (size before relaxing)
 .debug_str     0x000000000009e08c     0x27ec Core/Src/main.o
                                      0xa0ca6 (size before relaxing)
 .debug_str     0x00000000000a0878      0x279 Core/Src/rc522.o
                                      0x9c0ac (size before relaxing)
 .debug_str     0x00000000000a0af1      0x528 Core/Src/ssd1306.o
                                      0x9eea3 (size before relaxing)
 .debug_str     0x00000000000a1019      0x3f8 Core/Src/stm32l4xx_hal_msp.o
                                      0x9bf30 (size before relaxing)
 .debug_str     0x00000000000a1411       0xcf Core/Src/stm32l4xx_it.o
                                      0x9b5e9 (size before relaxing)
 .debug_str     0x00000000000a14e0      0x4e9 Core/Src/sysmem.o
                                       0x6294 (size before relaxing)
 .debug_str     0x00000000000a19c9       0xb8 Core/Src/system_stm32l4xx.o
                                      0x9b326 (size before relaxing)
 .debug_str     0x00000000000a1a81       0x37 Core/Startup/startup_stm32l412cbtxp.o
                                         0x66 (size before relaxing)
 .debug_str     0x00000000000a1ab8      0x4c8 Drivers/STM32L4xx_HAL_Driver/Src/stm32l4xx_hal.o
                                      0x9bbec (size before relaxing)
 .debug_str     0x00000000000a1f80      0x389 Drivers/STM32L4xx_HAL_Driver/Src/stm32l4xx_hal_cortex.o
                                      0x9ba4b (size before relaxing)
 .debug_str     0x00000000000a2309      0x258 Drivers/STM32L4xx_HAL_Driver/Src/stm32l4xx_hal_dma.o
                                      0x9b598 (size before relaxing)
 .debug_str     0x00000000000a2561      0x236 Drivers/STM32L4xx_HAL_Driver/Src/stm32l4xx_hal_gpio.o
                                      0x9b5bb (size before relaxing)
 .debug_str     0x00000000000a2797      0xd44 Drivers/STM32L4xx_HAL_Driver/Src/stm32l4xx_hal_i2c.o
                                      0x9c451 (size before relaxing)
 .debug_str     0x00000000000a34db       0xb8 Drivers/STM32L4xx_HAL_Driver/Src/stm32l4xx_hal_i2c_ex.o
                                      0x9b84a (size before relaxing)
 .debug_str     0x00000000000a3593      0x4cc Drivers/STM32L4xx_HAL_Driver/Src/stm32l4xx_hal_pwr_ex.o
                                      0x9b858 (size before relaxing)
 .debug_str     0x00000000000a3a5f      0x394 Drivers/STM32L4xx_HAL_Driver/Src/stm32l4xx_hal_rcc.o
                                      0x9b8c9 (size before relaxing)
 .debug_str     0x00000000000a3df3      0x48c Drivers/STM32L4xx_HAL_Driver/Src/stm32l4xx_hal_rcc_ex.o
                                      0x9ba28 (size before relaxing)
 .debug_str     0x00000000000a427f      0x571 Drivers/STM32L4xx_HAL_Driver/Src/stm32l4xx_hal_spi.o
                                      0x9baf3 (size before relaxing)
 .debug_str     0x00000000000a47f0      0x88b Drivers/STM32L4xx_HAL_Driver/Src/stm32l4xx_hal_uart.o
                                      0x9bf85 (size before relaxing)
 .debug_str     0x00000000000a507b      0x1dd Drivers/STM32L4xx_HAL_Driver/Src/stm32l4xx_hal_uart_ex.o
                                      0x9b794 (size before relaxing)

.comment        0x0000000000000000       0x53
 .comment       0x0000000000000000       0x53 Core/Src/fonts.o
                                         0x54 (size before relaxing)
 .comment       0x0000000000000053       0x54 Core/Src/main.o
 .comment       0x0000000000000053       0x54 Core/Src/rc522.o
 .comment       0x0000000000000053       0x54 Core/Src/ssd1306.o
 .comment       0x0000000000000053       0x54 Core/Src/stm32l4xx_hal_msp.o
 .comment       0x0000000000000053       0x54 Core/Src/stm32l4xx_it.o
 .comment       0x0000000000000053       0x54 Core/Src/sysmem.o
 .comment       0x0000000000000053       0x54 Core/Src/system_stm32l4xx.o
 .comment       0x0000000000000053       0x54 Drivers/STM32L4xx_HAL_Driver/Src/stm32l4xx_hal.o
 .comment       0x0000000000000053       0x54 Drivers/STM32L4xx_HAL_Driver/Src/stm32l4xx_hal_cortex.o
 .comment       0x0000000000000053       0x54 Drivers/STM32L4xx_HAL_Driver/Src/stm32l4xx_hal_dma.o
 .comment       0x0000000000000053       0x54 Drivers/STM32L4xx_HAL_Driver/Src/stm32l4xx_hal_gpio.o
 .comment       0x0000000000000053       0x54 Drivers/STM32L4xx_HAL_Driver/Src/stm32l4xx_hal_i2c.o
 .comment       0x0000000000000053       0x54 Drivers/STM32L4xx_HAL_Driver/Src/stm32l4xx_hal_i2c_ex.o
 .comment       0x0000000000000053       0x54 Drivers/STM32L4xx_HAL_Driver/Src/stm32l4xx_hal_pwr_ex.o
 .comment       0x0000000000000053       0x54 Drivers/STM32L4xx_HAL_Driver/Src/stm32l4xx_hal_rcc.o
 .comment       0x0000000000000053       0x54 Drivers/STM32L4xx_HAL_Driver/Src/stm32l4xx_hal_rcc_ex.o
 .comment       0x0000000000000053       0x54 Drivers/STM32L4xx_HAL_Driver/Src/stm32l4xx_hal_spi.o
 .comment       0x0000000000000053       0x54 Drivers/STM32L4xx_HAL_Driver/Src/stm32l4xx_hal_uart.o
 .comment       0x0000000000000053       0x54 Drivers/STM32L4xx_HAL_Driver/Src/stm32l4xx_hal_uart_ex.o

.debug_frame    0x0000000000000000     0x47a8
 .debug_frame   0x0000000000000000       0x38 Core/Src/fonts.o
 .debug_frame   0x0000000000000038      0x1b0 Core/Src/main.o
 .debug_frame   0x00000000000001e8      0x324 Core/Src/rc522.o
 .debug_frame   0x000000000000050c      0x418 Core/Src/ssd1306.o
 .debug_frame   0x0000000000000924      0x110 Core/Src/stm32l4xx_hal_msp.o
 .debug_frame   0x0000000000000a34      0x120 Core/Src/stm32l4xx_it.o
 .debug_frame   0x0000000000000b54       0x34 Core/Src/sysmem.o
 .debug_frame   0x0000000000000b88       0x58 Core/Src/system_stm32l4xx.o
 .debug_frame   0x0000000000000be0      0x3dc Drivers/STM32L4xx_HAL_Driver/Src/stm32l4xx_hal.o
 .debug_frame   0x0000000000000fbc      0x498 Drivers/STM32L4xx_HAL_Driver/Src/stm32l4xx_hal_cortex.o
 .debug_frame   0x0000000000001454      0x204 Drivers/STM32L4xx_HAL_Driver/Src/stm32l4xx_hal_dma.o
 .debug_frame   0x0000000000001658      0x14c Drivers/STM32L4xx_HAL_Driver/Src/stm32l4xx_hal_gpio.o
 .debug_frame   0x00000000000017a4      0xbe8 Drivers/STM32L4xx_HAL_Driver/Src/stm32l4xx_hal_i2c.o
 .debug_frame   0x000000000000238c      0x100 Drivers/STM32L4xx_HAL_Driver/Src/stm32l4xx_hal_i2c_ex.o
 .debug_frame   0x000000000000248c      0x524 Drivers/STM32L4xx_HAL_Driver/Src/stm32l4xx_hal_pwr_ex.o
 .debug_frame   0x00000000000029b0      0x1f4 Drivers/STM32L4xx_HAL_Driver/Src/stm32l4xx_hal_rcc.o
 .debug_frame   0x0000000000002ba4      0x33c Drivers/STM32L4xx_HAL_Driver/Src/stm32l4xx_hal_rcc_ex.o
 .debug_frame   0x0000000000002ee0      0x860 Drivers/STM32L4xx_HAL_Driver/Src/stm32l4xx_hal_spi.o
 .debug_frame   0x0000000000003740      0x9e4 Drivers/STM32L4xx_HAL_Driver/Src/stm32l4xx_hal_uart.o
 .debug_frame   0x0000000000004124      0x1e0 Drivers/STM32L4xx_HAL_Driver/Src/stm32l4xx_hal_uart_ex.o
 .debug_frame   0x0000000000004304       0x20 /home/zez/.eclipse/com.st.stm32cube.ide.mcu.rcp.product_1.5.1_1935173079_linux_gtk_x86_64/plugins/com.st.stm32cube.ide.mcu.externaltools.gnu-tools-for-stm32.9-2020-q2-update.linux64_1.5.0.202011040924/tools/bin/../lib/gcc/arm-none-eabi/9.3.1/../../../../arm-none-eabi/lib/thumb/v7e-m+fp/hard/libc_nano.a(lib_a-errno.o)
 .debug_frame   0x0000000000004324       0x2c /home/zez/.eclipse/com.st.stm32cube.ide.mcu.rcp.product_1.5.1_1935173079_linux_gtk_x86_64/plugins/com.st.stm32cube.ide.mcu.externaltools.gnu-tools-for-stm32.9-2020-q2-update.linux64_1.5.0.202011040924/tools/bin/../lib/gcc/arm-none-eabi/9.3.1/../../../../arm-none-eabi/lib/thumb/v7e-m+fp/hard/libc_nano.a(lib_a-init.o)
 .debug_frame   0x0000000000004350       0x20 /home/zez/.eclipse/com.st.stm32cube.ide.mcu.rcp.product_1.5.1_1935173079_linux_gtk_x86_64/plugins/com.st.stm32cube.ide.mcu.externaltools.gnu-tools-for-stm32.9-2020-q2-update.linux64_1.5.0.202011040924/tools/bin/../lib/gcc/arm-none-eabi/9.3.1/../../../../arm-none-eabi/lib/thumb/v7e-m+fp/hard/libc_nano.a(lib_a-memset.o)
 .debug_frame   0x0000000000004370       0x6c /home/zez/.eclipse/com.st.stm32cube.ide.mcu.rcp.product_1.5.1_1935173079_linux_gtk_x86_64/plugins/com.st.stm32cube.ide.mcu.externaltools.gnu-tools-for-stm32.9-2020-q2-update.linux64_1.5.0.202011040924/tools/bin/../lib/gcc/arm-none-eabi/9.3.1/../../../../arm-none-eabi/lib/thumb/v7e-m+fp/hard/libc_nano.a(lib_a-sprintf.o)
 .debug_frame   0x00000000000043dc       0x90 /home/zez/.eclipse/com.st.stm32cube.ide.mcu.rcp.product_1.5.1_1935173079_linux_gtk_x86_64/plugins/com.st.stm32cube.ide.mcu.externaltools.gnu-tools-for-stm32.9-2020-q2-update.linux64_1.5.0.202011040924/tools/bin/../lib/gcc/arm-none-eabi/9.3.1/../../../../arm-none-eabi/lib/thumb/v7e-m+fp/hard/libc_nano.a(lib_a-nano-svfprintf.o)
 .debug_frame   0x000000000000446c       0x60 /home/zez/.eclipse/com.st.stm32cube.ide.mcu.rcp.product_1.5.1_1935173079_linux_gtk_x86_64/plugins/com.st.stm32cube.ide.mcu.externaltools.gnu-tools-for-stm32.9-2020-q2-update.linux64_1.5.0.202011040924/tools/bin/../lib/gcc/arm-none-eabi/9.3.1/../../../../arm-none-eabi/lib/thumb/v7e-m+fp/hard/libc_nano.a(lib_a-nano-vfprintf_i.o)