Archive member included to satisfy reference by file (symbol)

/home/zez/.eclipse/com.st.stm32cube.ide.mcu.rcp.product_1.5.1_1935173079_linux_gtk_x86_64/plugins/com.st.stm32cube.ide.mcu.externaltools.gnu-tools-for-stm32.9-2020-q2-update.linux64_1.5.0.202011040924/tools/bin/../lib/gcc/arm-none-eabi/9.3.1/../../../../arm-none-eabi/lib/thumb/v7e-m+fp/hard/libc_nano.a(lib_a-errno.o)
                              Core/Src/syscalls.o (__errno)
/home/zez/.eclipse/com.st.stm32cube.ide.mcu.rcp.product_1.5.1_1935173079_linux_gtk_x86_64/plugins/com.st.stm32cube.ide.mcu.externaltools.gnu-tools-for-stm32.9-2020-q2-update.linux64_1.5.0.202011040924/tools/bin/../lib/gcc/arm-none-eabi/9.3.1/../../../../arm-none-eabi/lib/thumb/v7e-m+fp/hard/libc_nano.a(lib_a-exit.o)
                              /home/zez/.eclipse/com.st.stm32cube.ide.mcu.rcp.product_1.5.1_1935173079_linux_gtk_x86_64/plugins/com.st.stm32cube.ide.mcu.externaltools.gnu-tools-for-stm32.9-2020-q2-update.linux64_1.5.0.202011040924/tools/bin/../lib/gcc/arm-none-eabi/9.3.1/../../../../arm-none-eabi/lib/thumb/v7e-m+fp/hard/crt0.o (exit)
/home/zez/.eclipse/com.st.stm32cube.ide.mcu.rcp.product_1.5.1_1935173079_linux_gtk_x86_64/plugins/com.st.stm32cube.ide.mcu.externaltools.gnu-tools-for-stm32.9-2020-q2-update.linux64_1.5.0.202011040924/tools/bin/../lib/gcc/arm-none-eabi/9.3.1/../../../../arm-none-eabi/lib/thumb/v7e-m+fp/hard/libc_nano.a(lib_a-impure.o)
                              /home/zez/.eclipse/com.st.stm32cube.ide.mcu.rcp.product_1.5.1_1935173079_linux_gtk_x86_64/plugins/com.st.stm32cube.ide.mcu.externaltools.gnu-tools-for-stm32.9-2020-q2-update.linux64_1.5.0.202011040924/tools/bin/../lib/gcc/arm-none-eabi/9.3.1/../../../../arm-none-eabi/lib/thumb/v7e-m+fp/hard/libc_nano.a(lib_a-exit.o) (_global_impure_ptr)
/home/zez/.eclipse/com.st.stm32cube.ide.mcu.rcp.product_1.5.1_1935173079_linux_gtk_x86_64/plugins/com.st.stm32cube.ide.mcu.externaltools.gnu-tools-for-stm32.9-2020-q2-update.linux64_1.5.0.202011040924/tools/bin/../lib/gcc/arm-none-eabi/9.3.1/../../../../arm-none-eabi/lib/thumb/v7e-m+fp/hard/libc_nano.a(lib_a-init.o)
                              /home/zez/.eclipse/com.st.stm32cube.ide.mcu.rcp.product_1.5.1_1935173079_linux_gtk_x86_64/plugins/com.st.stm32cube.ide.mcu.externaltools.gnu-tools-for-stm32.9-2020-q2-update.linux64_1.5.0.202011040924/tools/bin/../lib/gcc/arm-none-eabi/9.3.1/../../../../arm-none-eabi/lib/thumb/v7e-m+fp/hard/crt0.o (__libc_init_array)
/home/zez/.eclipse/com.st.stm32cube.ide.mcu.rcp.product_1.5.1_1935173079_linux_gtk_x86_64/plugins/com.st.stm32cube.ide.mcu.externaltools.gnu-tools-for-stm32.9-2020-q2-update.linux64_1.5.0.202011040924/tools/bin/../lib/gcc/arm-none-eabi/9.3.1/../../../../arm-none-eabi/lib/thumb/v7e-m+fp/hard/libc_nano.a(lib_a-memset.o)
                              /home/zez/.eclipse/com.st.stm32cube.ide.mcu.rcp.product_1.5.1_1935173079_linux_gtk_x86_64/plugins/com.st.stm32cube.ide.mcu.externaltools.gnu-tools-for-stm32.9-2020-q2-update.linux64_1.5.0.202011040924/tools/bin/../lib/gcc/arm-none-eabi/9.3.1/../../../../arm-none-eabi/lib/thumb/v7e-m+fp/hard/crt0.o (memset)
/home/zez/.eclipse/com.st.stm32cube.ide.mcu.rcp.product_1.5.1_1935173079_linux_gtk_x86_64/plugins/com.st.stm32cube.ide.mcu.externaltools.gnu-tools-for-stm32.9-2020-q2-update.linux64_1.5.0.202011040924/tools/bin/../lib/gcc/arm-none-eabi/9.3.1/../../../../arm-none-eabi/lib/thumb/v7e-m+fp/hard/libc_nano.a(lib_a-strlen.o)
                              Core/Src/main.o (strlen)
/home/zez/.eclipse/com.st.stm32cube.ide.mcu.rcp.product_1.5.1_1935173079_linux_gtk_x86_64/plugins/com.st.stm32cube.ide.mcu.externaltools.gnu-tools-for-stm32.9-2020-q2-update.linux64_1.5.0.202011040924/tools/bin/../lib/gcc/arm-none-eabi/9.3.1/../../../../arm-none-eabi/lib/thumb/v7e-m+fp/hard/libc_nano.a(lib_a-vsnprintf.o)
                              Core/Src/main.o (vsnprintf)
/home/zez/.eclipse/com.st.stm32cube.ide.mcu.rcp.product_1.5.1_1935173079_linux_gtk_x86_64/plugins/com.st.stm32cube.ide.mcu.externaltools.gnu-tools-for-stm32.9-2020-q2-update.linux64_1.5.0.202011040924/tools/bin/../lib/gcc/arm-none-eabi/9.3.1/../../../../arm-none-eabi/lib/thumb/v7e-m+fp/hard/libc_nano.a(lib_a-nano-svfprintf.o)
                              /home/zez/.eclipse/com.st.stm32cube.ide.mcu.rcp.product_1.5.1_1935173079_linux_gtk_x86_64/plugins/com.st.stm32cube.ide.mcu.externaltools.gnu-tools-for-stm32.9-2020-q2-update.linux64_1.5.0.202011040924/tools/bin/../lib/gcc/arm-none-eabi/9.3.1/../../../../arm-none-eabi/lib/thumb/v7e-m+fp/hard/libc_nano.a(lib_a-vsnprintf.o) (_svfprintf_r)
/home/zez/.eclipse/com.st.stm32cube.ide.mcu.rcp.product_1.5.1_1935173079_linux_gtk_x86_64/plugins/com.st.stm32cube.ide.mcu.externaltools.gnu-tools-for-stm32.9-2020-q2-update.linux64_1.5.0.202011040924/tools/bin/../lib/gcc/arm-none-eabi/9.3.1/../../../../arm-none-eabi/lib/thumb/v7e-m+fp/hard/libc_nano.a(lib_a-nano-vfprintf_i.o)
[...]
Memory Configuration

Name             Origin             Length             Attributes
RAM              0x0000000020000000 0x000000000000a000 xrw
FLASH            0x0000000008000000 0x0000000000020000 xr
*default*        0x0000000000000000 0xffffffffffffffff

Linker script and memory map

LOAD /home/zez/.eclipse/com.st.stm32cube.ide.mcu.rcp.product_1.5.1_1935173079_linux_gtk_x86_64/plugins/com.st.stm32cube.ide.mcu.externaltools.gnu-tools-for-stm32.9-2020-q2-update.linux64_1.5.0.202011040924/tools/bin/../lib/gcc/arm-none-eabi/9.3.1/thumb/v7e-m+fp/hard/crti.o
LOAD /home/zez/.eclipse/com.st.stm32cube.ide.mcu.rcp.product_1.5.1_1935173079_linux_gtk_x86_64/plugins/com.st.stm32cube.ide.mcu.externaltools.gnu-tools-for-stm32.9-2020-q2-update.linux64_1.5.0.202011040924/tools/bin/../lib/gcc/arm-none-eabi/9.3.1/thumb/v7e-m+fp/hard/crtbegin.o
LOAD /home/zez/.eclipse/com.st.stm32cube.ide.mcu.rcp.product_1.5.1_1935173079_linux_gtk_x86_64/plugins/com.st.stm32cube.ide.mcu.externaltools.gnu-tools-for-stm32.9-2020-q2-update.linux64_1.5.0.202011040924/tools/bin/../lib/gcc/arm-none-eabi/9.3.1/../../../../arm-none-eabi/lib/thumb/v7e-m+fp/hard/crt0.o
LOAD Core/Src/fonts.o
LOAD Core/Src/ili9341.o
LOAD Core/Src/ili9341_touch.o
LOAD Core/Src/main.o
LOAD Core/Src/stm32l4xx_hal_msp.o
LOAD Core/Src/stm32l4xx_it.o
LOAD Core/Src/syscalls.o
LOAD Core/Src/sysmem.o
LOAD Core/Src/system_stm32l4xx.o
LOAD Core/Startup/startup_stm32l412cbtxp.o
LOAD Drivers/STM32L4xx_HAL_Driver/Src/stm32l4xx_hal.o
LOAD Drivers/STM32L4xx_HAL_Driver/Src/stm32l4xx_hal_cortex.o
LOAD Drivers/STM32L4xx_HAL_Driver/Src/stm32l4xx_hal_dma.o
LOAD Drivers/STM32L4xx_HAL_Driver/Src/stm32l4xx_hal_dma_ex.o
LOAD Drivers/STM32L4xx_HAL_Driver/Src/stm32l4xx_hal_exti.o
LOAD Drivers/STM32L4xx_HAL_Driver/Src/stm32l4xx_hal_flash.o
LOAD Drivers/STM32L4xx_HAL_Driver/Src/stm32l4xx_hal_flash_ex.o
LOAD Drivers/STM32L4xx_HAL_Driver/Src/stm32l4xx_hal_flash_ramfunc.o
LOAD Drivers/STM32L4xx_HAL_Driver/Src/stm32l4xx_hal_gpio.o
LOAD Drivers/STM32L4xx_HAL_Driver/Src/stm32l4xx_hal_i2c.o
LOAD Drivers/STM32L4xx_HAL_Driver/Src/stm32l4xx_hal_i2c_ex.o
LOAD Drivers/STM32L4xx_HAL_Driver/Src/stm32l4xx_hal_pwr.o
LOAD Drivers/STM32L4xx_HAL_Driver/Src/stm32l4xx_hal_pwr_ex.o
LOAD Drivers/STM32L4xx_HAL_Driver/Src/stm32l4xx_hal_rcc.o
LOAD Drivers/STM32L4xx_HAL_Driver/Src/stm32l4xx_hal_rcc_ex.o
LOAD Drivers/STM32L4xx_HAL_Driver/Src/stm32l4xx_hal_spi.o
LOAD Drivers/STM32L4xx_HAL_Driver/Src/stm32l4xx_hal_spi_ex.o
LOAD Drivers/STM32L4xx_HAL_Driver/Src/stm32l4xx_hal_tim.o
LOAD Drivers/STM32L4xx_HAL_Driver/Src/stm32l4xx_hal_tim_ex.o
LOAD Drivers/STM32L4xx_HAL_Driver/Src/stm32l4xx_hal_uart.o
LOAD Drivers/STM32L4xx_HAL_Driver/Src/stm32l4xx_hal_uart_ex.o
START GROUP
LOAD /home/zez/.eclipse/com.st.stm32cube.ide.mcu.rcp.product_1.5.1_1935173079_linux_gtk_x86_64/plugins/com.st.stm32cube.ide.mcu.externaltools.gnu-tools-for-stm32.9-2020-q2-update.linux64_1.5.0.202011040924/tools/bin/../lib/gcc/arm-none-eabi/9.3.1/../../../../arm-none-eabi/lib/thumb/v7e-m+fp/hard/libc_nano.a
LOAD /home/zez/.eclipse/com.st.stm32cube.ide.mcu.rcp.product_1.5.1_1935173079_linux_gtk_x86_64/plugins/com.st.stm32cube.ide.mcu.externaltools.gnu-tools-for-stm32.9-2020-q2-update.linux64_1.5.0.202011040924/tools/bin/../lib/gcc/arm-none-eabi/9.3.1/../../../../arm-none-eabi/lib/thumb/v7e-m+fp/hard/libm.a
END GROUP
START GROUP
LOAD /home/zez/.eclipse/com.st.stm32cube.ide.mcu.rcp.product_1.5.1_1935173079_linux_gtk_x86_64/plugins/com.st.stm32cube.ide.mcu.externaltools.gnu-tools-for-stm32.9-2020-q2-update.linux64_1.5.0.202011040924/tools/bin/../lib/gcc/arm-none-eabi/9.3.1/thumb/v7e-m+fp/hard/libgcc.a
LOAD /home/zez/.eclipse/com.st.stm32cube.ide.mcu.rcp.product_1.5.1_1935173079_linux_gtk_x86_64/plugins/com.st.stm32cube.ide.mcu.externaltools.gnu-tools-for-stm32.9-2020-q2-update.linux64_1.5.0.202011040924/tools/bin/../lib/gcc/arm-none-eabi/9.3.1/../../../../arm-none-eabi/lib/thumb/v7e-m+fp/hard/libc_nano.a
END GROUP
START GROUP
LOAD /home/zez/.eclipse/com.st.stm32cube.ide.mcu.rcp.product_1.5.1_1935173079_linux_gtk_x86_64/plugins/com.st.stm32cube.ide.mcu.externaltools.gnu-tools-for-stm32.9-2020-q2-update.linux64_1.5.0.202011040924/tools/bin/../lib/gcc/arm-none-eabi/9.3.1/thumb/v7e-m+fp/hard/libgcc.a
LOAD /home/zez/.eclipse/com.st.stm32cube.ide.mcu.rcp.product_1.5.1_1935173079_linux_gtk_x86_64/plugins/com.st.stm32cube.ide.mcu.externaltools.gnu-tools-for-stm32.9-2020-q2-update.linux64_1.5.0.202011040924/tools/bin/../lib/gcc/arm-none-eabi/9.3.1/../../../../arm-none-eabi/lib/thumb/v7e-m+fp/hard/libc_nano.a
LOAD /home/zez/.eclipse/com.st.stm32cube.ide.mcu.rcp.product_1.5.1_1935173079_linux_gtk_x86_64/plugins/com.st.stm32cube.ide.mcu.externaltools.gnu-tools-for-stm32.9-2020-q2-update.linux64_1.5.0.202011040924/tools/bin/../lib/gcc/arm-none-eabi/9.3.1/../../../../arm-none-eabi/lib/thumb/v7e-m+fp/hard/libnosys.a
END GROUP
START GROUP
LOAD /home/zez/.eclipse/com.st.stm32cube.ide.mcu.rcp.product_1.5.1_1935173079_linux_gtk_x86_64/plugins/com.st.stm32cube.ide.mcu.externaltools.gnu-tools-for-stm32.9-2020-q2-update.linux64_1.5.0.202011040924/tools/bin/../lib/gcc/arm-none-eabi/9.3.1/thumb/v7e-m+fp/hard/libgcc.a
LOAD /home/zez/.eclipse/com.st.stm32cube.ide.mcu.rcp.product_1.5.1_1935173079_linux_gtk_x86_64/plugins/com.st.stm32cube.ide.mcu.externaltools.gnu-tools-for-stm32.9-2020-q2-update.linux64_1.5.0.202011040924/tools/bin/../lib/gcc/arm-none-eabi/9.3.1/../../../../arm-none-eabi/lib/thumb/v7e-m+fp/hard/libc_nano.a
LOAD /home/zez/.eclipse/com.st.stm32cube.ide.mcu.rcp.product_1.5.1_1935173079_linux_gtk_x86_64/plugins/com.st.stm32cube.ide.mcu.externaltools.gnu-tools-for-stm32.9-2020-q2-update.linux64_1.5.0.202011040924/tools/bin/../lib/gcc/arm-none-eabi/9.3.1/../../../../arm-none-eabi/lib/thumb/v7e-m+fp/hard/libnosys.a
END GROUP
LOAD /home/zez/.eclipse/com.st.stm32cube.ide.mcu.rcp.product_1.5.1_1935173079_linux_gtk_x86_64/plugins/com.st.stm32cube.ide.mcu.externaltools.gnu-tools-for-stm32.9-2020-q2-update.linux64_1.5.0.202011040924/tools/bin/../lib/gcc/arm-none-eabi/9.3.1/thumb/v7e-m+fp/hard/crtend.o
LOAD /home/zez/.eclipse/com.st.stm32cube.ide.mcu.rcp.product_1.5.1_1935173079_linux_gtk_x86_64/plugins/com.st.stm32cube.ide.mcu.externaltools.gnu-tools-for-stm32.9-2020-q2-update.linux64_1.5.0.202011040924/tools/bin/../lib/gcc/arm-none-eabi/9.3.1/thumb/v7e-m+fp/hard/crtn.o
                0x000000002000a000                _estack = (ORIGIN (RAM) + LENGTH (RAM))
                0x0000000000000200                _Min_Heap_Size = 0x200
                0x0000000000000400                _Min_Stack_Size = 0x400

.isr_vector     0x0000000008000000      0x18c
                0x0000000008000000                . = ALIGN (0x4)
 *(.isr_vector)
 .isr_vector    0x0000000008000000      0x18c Core/Startup/startup_stm32l412cbtxp.o
                0x0000000008000000                g_pfnVectors
                0x000000000800018c                . = ALIGN (0x4)

.text           0x000000000800018c     0x4178
                0x000000000800018c                . = ALIGN (0x4)
 *(.text)
 .text          0x000000000800018c       0x40 /home/zez/.eclipse/com.st.stm32cube.ide.mcu.rcp.product_1.5.1_1935173079_linux_gtk_x86_64/plugins/com.st.stm32cube.ide.mcu.externaltools.gnu-tools-for-stm32.9-2020-q2-update.linux64_1.5.0.202011040924/tools/bin/../lib/gcc/arm-none-eabi/9.3.1/thumb/v7e-m+fp/hard/crtbegin.o
 .text          0x00000000080001cc       0x30 /home/zez/.eclipse/com.st.stm32cube.ide.mcu.rcp.product_1.5.1_1935173079_linux_gtk_x86_64/plugins/com.st.stm32cube.ide.mcu.externaltools.gnu-tools-for-stm32.9-2020-q2-update.linux64_1.5.0.202011040924/tools/bin/../lib/gcc/arm-none-eabi/9.3.1/thumb/v7e-m+fp/hard/libgcc.a(_aeabi_uldivmod.o)
                0x00000000080001cc                __aeabi_uldivmod
 .text          0x00000000080001fc      0x2c4 /home/zez/.eclipse/com.st.stm32cube.ide.mcu.rcp.product_1.5.1_1935173079_linux_gtk_x86_64/plugins/com.st.stm32cube.ide.mcu.externaltools.gnu-tools-for-stm32.9-2020-q2-update.linux64_1.5.0.202011040924/tools/bin/../lib/gcc/arm-none-eabi/9.3.1/thumb/v7e-m+fp/hard/libgcc.a(_udivmoddi4.o)
                0x00000000080001fc                __udivmoddi4
 .text          0x00000000080004c0        0x4 /home/zez/.eclipse/com.st.stm32cube.ide.mcu.rcp.product_1.5.1_1935173079_linux_gtk_x86_64/plugins/com.st.stm32cube.ide.mcu.externaltools.gnu-tools-for-stm32.9-2020-q2-update.linux64_1.5.0.202011040924/tools/bin/../lib/gcc/arm-none-eabi/9.3.1/thumb/v7e-m+fp/hard/libgcc.a(_dvmd_tls.o)
                0x00000000080004c0                __aeabi_ldiv0
                0x00000000080004c0                __aeabi_idiv0
 *(.text*)
 .text.ILI9341_Select
                0x00000000080004c4       0x14 Core/Src/ili9341.o
 .text.ILI9341_Unselect
                0x00000000080004d8       0x14 Core/Src/ili9341.o
                0x00000000080004d8                ILI9341_Unselect
 .text.ILI9341_Reset
                0x00000000080004ec       0x28 Core/Src/ili9341.o
 .text.ILI9341_WriteCommand
                0x0000000008000514       0x30 Core/Src/ili9341.o
 .text.ILI9341_WriteData
                0x0000000008000544       0x58 Core/Src/ili9341.o
 .text.ILI9341_SetAddressWindow
                0x000000000800059c       0x90 Core/Src/ili9341.o
 .text.ILI9341_Init
                0x000000000800062c      0x25c Core/Src/ili9341.o
                0x000000000800062c                ILI9341_Init
 .text.ILI9341_DrawPixel
                0x0000000008000888       0x62 Core/Src/ili9341.o
                0x0000000008000888                ILI9341_DrawPixel
 .text.ILI9341_WriteChar
                0x00000000080008ea       0xea Core/Src/ili9341.o
 .text.ILI9341_WriteString
                0x00000000080009d4       0x96 Core/Src/ili9341.o
                0x00000000080009d4                ILI9341_WriteString
 *fill*         0x0000000008000a6a        0x2 
 .text.ILI9341_FillRectangle
                0x0000000008000a6c       0xdc Core/Src/ili9341.o
                0x0000000008000a6c                ILI9341_FillRectangle
 .text.ILI9341_FillScreen
                0x0000000008000b48       0x24 Core/Src/ili9341.o
                0x0000000008000b48                ILI9341_FillScreen
 .text.ILI9341_InvertColors
                0x0000000008000b6c       0x2c Core/Src/ili9341.o
                0x0000000008000b6c                ILI9341_InvertColors
 .text.ILI9341_TouchUnselect
                0x0000000008000b98       0x16 Core/Src/ili9341_touch.o
                0x0000000008000b98                ILI9341_TouchUnselect
 *fill*         0x0000000008000bae        0x2 
 .text.main     0x0000000008000bb0      0x2b0 Core/Src/main.o
                0x0000000008000bb0                main
 .text.SystemClock_Config
                0x0000000008000e60       0xd4 Core/Src/main.o
                0x0000000008000e60                SystemClock_Config
 .text.MX_I2C1_Init
                0x0000000008000f34       0x80 Core/Src/main.o
 .text.MX_SPI1_Init
                0x0000000008000fb4       0x7c Core/Src/main.o
 .text.MX_USART1_UART_Init
                0x0000000008001030       0x60 Core/Src/main.o
 .text.MX_GPIO_Init
                0x0000000008001090       0xc0 Core/Src/main.o
 .text.Error_Handler
                0x0000000008001150        0xa Core/Src/main.o
                0x0000000008001150                Error_Handler
 *fill*         0x000000000800115a        0x2 
 .text.HAL_MspInit
                0x000000000800115c       0x48 Core/Src/stm32l4xx_hal_msp.o
                0x000000000800115c                HAL_MspInit
 .text.HAL_I2C_MspInit
                0x00000000080011a4       0x88 Core/Src/stm32l4xx_hal_msp.o
                0x00000000080011a4                HAL_I2C_MspInit
 .text.HAL_SPI_MspInit
                0x000000000800122c       0x88 Core/Src/stm32l4xx_hal_msp.o
                0x000000000800122c                HAL_SPI_MspInit
 .text.HAL_UART_MspInit
                0x00000000080012b4       0x98 Core/Src/stm32l4xx_hal_msp.o
                0x00000000080012b4                HAL_UART_MspInit
 .text.NMI_Handler
                0x000000000800134c        0x6 Core/Src/stm32l4xx_it.o
                0x000000000800134c                NMI_Handler
 .text.HardFault_Handler
                0x0000000008001352        0x6 Core/Src/stm32l4xx_it.o
                0x0000000008001352                HardFault_Handler
 .text.MemManage_Handler
                0x0000000008001358        0x6 Core/Src/stm32l4xx_it.o
                0x0000000008001358                MemManage_Handler
 .text.BusFault_Handler
                0x000000000800135e        0x6 Core/Src/stm32l4xx_it.o
                0x000000000800135e                BusFault_Handler
 .text.UsageFault_Handler
                0x0000000008001364        0x6 Core/Src/stm32l4xx_it.o
                0x0000000008001364                UsageFault_Handler
 .text.SVC_Handler
                0x000000000800136a        0xe Core/Src/stm32l4xx_it.o
                0x000000000800136a                SVC_Handler
 .text.DebugMon_Handler
                0x0000000008001378        0xe Core/Src/stm32l4xx_it.o
                0x0000000008001378                DebugMon_Handler
 .text.PendSV_Handler
                0x0000000008001386        0xe Core/Src/stm32l4xx_it.o
                0x0000000008001386                PendSV_Handler
 .text.SysTick_Handler
                0x0000000008001394        0xc Core/Src/stm32l4xx_it.o
                0x0000000008001394                SysTick_Handler
 .text.USART1_IRQHandler
                0x00000000080013a0       0x14 Core/Src/stm32l4xx_it.o
                0x00000000080013a0                USART1_IRQHandler
 .text.SystemInit
                0x00000000080013b4       0x64 Core/Src/system_stm32l4xx.o
                0x00000000080013b4                SystemInit
 .text.Reset_Handler
                0x0000000008001418       0x50 Core/Startup/startup_stm32l412cbtxp.o
                0x0000000008001418                Reset_Handler
 .text.Default_Handler
                0x0000000008001468        0x2 Core/Startup/startup_stm32l412cbtxp.o
                0x0000000008001468                RTC_Alarm_IRQHandler
                0x0000000008001468                EXTI2_IRQHandler
                0x0000000008001468                TIM1_CC_IRQHandler
                0x0000000008001468                TSC_IRQHandler
                0x0000000008001468                TIM6_IRQHandler
                0x0000000008001468                TAMP_STAMP_IRQHandler
                0x0000000008001468                EXTI3_IRQHandler
                0x0000000008001468                LPTIM2_IRQHandler
                0x0000000008001468                I2C3_ER_IRQHandler
                0x0000000008001468                EXTI0_IRQHandler
                0x0000000008001468                I2C2_EV_IRQHandler
                0x0000000008001468                FPU_IRQHandler
                0x0000000008001468                TIM1_UP_TIM16_IRQHandler
                0x0000000008001468                ADC1_2_IRQHandler
                0x0000000008001468                SPI1_IRQHandler
                0x0000000008001468                DMA2_Channel2_IRQHandler
                0x0000000008001468                DMA1_Channel4_IRQHandler
                0x0000000008001468                USART3_IRQHandler
                0x0000000008001468                DMA1_Channel7_IRQHandler
                0x0000000008001468                DMA2_Channel1_IRQHandler
                0x0000000008001468                QUADSPI_IRQHandler
                0x0000000008001468                I2C1_EV_IRQHandler
                0x0000000008001468                DMA1_Channel6_IRQHandler
                0x0000000008001468                DMA2_Channel4_IRQHandler
                0x0000000008001468                RCC_IRQHandler
                0x0000000008001468                TIM1_TRG_COM_IRQHandler
                0x0000000008001468                DMA1_Channel1_IRQHandler
                0x0000000008001468                Default_Handler
                0x0000000008001468                DMA2_Channel7_IRQHandler
                0x0000000008001468                EXTI15_10_IRQHandler
                0x0000000008001468                I2C3_EV_IRQHandler
                0x0000000008001468                USB_IRQHandler
                0x0000000008001468                EXTI9_5_IRQHandler
                0x0000000008001468                RTC_WKUP_IRQHandler
                0x0000000008001468                PVD_PVM_IRQHandler
                0x0000000008001468                SPI2_IRQHandler
                0x0000000008001468                DMA2_Channel5_IRQHandler
                0x0000000008001468                CRS_IRQHandler
                0x0000000008001468                DMA1_Channel5_IRQHandler
                0x0000000008001468                EXTI4_IRQHandler
                0x0000000008001468                RNG_IRQHandler
                0x0000000008001468                DMA1_Channel3_IRQHandler
                0x0000000008001468                COMP_IRQHandler
                0x0000000008001468                WWDG_IRQHandler
                0x0000000008001468                LPUART1_IRQHandler
                0x0000000008001468                DMA2_Channel6_IRQHandler
                0x0000000008001468                TIM2_IRQHandler
                0x0000000008001468                EXTI1_IRQHandler
                0x0000000008001468                USART2_IRQHandler
                0x0000000008001468                I2C2_ER_IRQHandler
                0x0000000008001468                DMA1_Channel2_IRQHandler
                0x0000000008001468                FLASH_IRQHandler
                0x0000000008001468                I2C1_ER_IRQHandler
                0x0000000008001468                LPTIM1_IRQHandler
                0x0000000008001468                DMA2_Channel3_IRQHandler
                0x0000000008001468                TIM1_BRK_TIM15_IRQHandler
 .text.HAL_Init
                0x000000000800146a       0x30 Drivers/STM32L4xx_HAL_Driver/Src/stm32l4xx_hal.o
                0x000000000800146a                HAL_Init
 *fill*         0x000000000800149a        0x2 
 .text.HAL_InitTick
                0x000000000800149c       0x78 Drivers/STM32L4xx_HAL_Driver/Src/stm32l4xx_hal.o
                0x000000000800149c                HAL_InitTick
 .text.HAL_IncTick
                0x0000000008001514       0x28 Drivers/STM32L4xx_HAL_Driver/Src/stm32l4xx_hal.o
                0x0000000008001514                HAL_IncTick
 .text.HAL_GetTick
                0x000000000800153c       0x18 Drivers/STM32L4xx_HAL_Driver/Src/stm32l4xx_hal.o
                0x000000000800153c                HAL_GetTick
 .text.HAL_Delay
                0x0000000008001554       0x48 Drivers/STM32L4xx_HAL_Driver/Src/stm32l4xx_hal.o
                0x0000000008001554                HAL_Delay
 .text.__NVIC_SetPriorityGrouping
                0x000000000800159c       0x48 Drivers/STM32L4xx_HAL_Driver/Src/stm32l4xx_hal_cortex.o
 .text.__NVIC_GetPriorityGrouping
                0x00000000080015e4       0x1c Drivers/STM32L4xx_HAL_Driver/Src/stm32l4xx_hal_cortex.o
 .text.__NVIC_EnableIRQ
                0x0000000008001600       0x3c Drivers/STM32L4xx_HAL_Driver/Src/stm32l4xx_hal_cortex.o
 .text.__NVIC_SetPriority
                0x000000000800163c       0x54 Drivers/STM32L4xx_HAL_Driver/Src/stm32l4xx_hal_cortex.o
 .text.NVIC_EncodePriority
                0x0000000008001690       0x66 Drivers/STM32L4xx_HAL_Driver/Src/stm32l4xx_hal_cortex.o
 *fill*         0x00000000080016f6        0x2 
 .text.SysTick_Config
                0x00000000080016f8       0x44 Drivers/STM32L4xx_HAL_Driver/Src/stm32l4xx_hal_cortex.o
 .text.HAL_NVIC_SetPriorityGrouping
                0x000000000800173c       0x16 Drivers/STM32L4xx_HAL_Driver/Src/stm32l4xx_hal_cortex.o
                0x000000000800173c                HAL_NVIC_SetPriorityGrouping
 .text.HAL_NVIC_SetPriority
                0x0000000008001752       0x38 Drivers/STM32L4xx_HAL_Driver/Src/stm32l4xx_hal_cortex.o
                0x0000000008001752                HAL_NVIC_SetPriority
 .text.HAL_NVIC_EnableIRQ
                0x000000000800178a       0x1c Drivers/STM32L4xx_HAL_Driver/Src/stm32l4xx_hal_cortex.o
                0x000000000800178a                HAL_NVIC_EnableIRQ
 .text.HAL_SYSTICK_Config
                0x00000000080017a6       0x18 Drivers/STM32L4xx_HAL_Driver/Src/stm32l4xx_hal_cortex.o
                0x00000000080017a6                HAL_SYSTICK_Config
 .text.HAL_DMA_Abort
                0x00000000080017be       0x7c Drivers/STM32L4xx_HAL_Driver/Src/stm32l4xx_hal_dma.o
                0x00000000080017be                HAL_DMA_Abort
 .text.HAL_DMA_Abort_IT
                0x000000000800183a       0x82 Drivers/STM32L4xx_HAL_Driver/Src/stm32l4xx_hal_dma.o
                0x000000000800183a                HAL_DMA_Abort_IT
 .text.HAL_GPIO_Init
                0x00000000080018bc      0x2e4 Drivers/STM32L4xx_HAL_Driver/Src/stm32l4xx_hal_gpio.o
                0x00000000080018bc                HAL_GPIO_Init
 .text.HAL_GPIO_WritePin
                0x0000000008001ba0       0x30 Drivers/STM32L4xx_HAL_Driver/Src/stm32l4xx_hal_gpio.o
                0x0000000008001ba0                HAL_GPIO_WritePin
 .text.HAL_I2C_Init
                0x0000000008001bd0      0x11e Drivers/STM32L4xx_HAL_Driver/Src/stm32l4xx_hal_i2c.o
                0x0000000008001bd0                HAL_I2C_Init
 .text.HAL_I2CEx_ConfigAnalogFilter
                0x0000000008001cee       0x96 Drivers/STM32L4xx_HAL_Driver/Src/stm32l4xx_hal_i2c_ex.o
                0x0000000008001cee                HAL_I2CEx_ConfigAnalogFilter
 .text.HAL_I2CEx_ConfigDigitalFilter
                0x0000000008001d84       0x98 Drivers/STM32L4xx_HAL_Driver/Src/stm32l4xx_hal_i2c_ex.o
                0x0000000008001d84                HAL_I2CEx_ConfigDigitalFilter
 .text.HAL_PWREx_GetVoltageRange
                0x0000000008001e1c       0x1c Drivers/STM32L4xx_HAL_Driver/Src/stm32l4xx_hal_pwr_ex.o
                0x0000000008001e1c                HAL_PWREx_GetVoltageRange
 .text.HAL_PWREx_ControlVoltageScaling
                0x0000000008001e38       0xac Drivers/STM32L4xx_HAL_Driver/Src/stm32l4xx_hal_pwr_ex.o
                0x0000000008001e38                HAL_PWREx_ControlVoltageScaling
 .text.HAL_RCC_OscConfig
                0x0000000008001ee4      0x8cc Drivers/STM32L4xx_HAL_Driver/Src/stm32l4xx_hal_rcc.o
                0x0000000008001ee4                HAL_RCC_OscConfig
 .text.HAL_RCC_ClockConfig
                0x00000000080027b0      0x1c4 Drivers/STM32L4xx_HAL_Driver/Src/stm32l4xx_hal_rcc.o
                0x00000000080027b0                HAL_RCC_ClockConfig
 .text.HAL_RCC_GetSysClockFreq
                0x0000000008002974      0x118 Drivers/STM32L4xx_HAL_Driver/Src/stm32l4xx_hal_rcc.o
                0x0000000008002974                HAL_RCC_GetSysClockFreq
 .text.HAL_RCC_GetHCLKFreq
                0x0000000008002a8c       0x18 Drivers/STM32L4xx_HAL_Driver/Src/stm32l4xx_hal_rcc.o
                0x0000000008002a8c                HAL_RCC_GetHCLKFreq
 .text.HAL_RCC_GetPCLK1Freq
                0x0000000008002aa4       0x2c Drivers/STM32L4xx_HAL_Driver/Src/stm32l4xx_hal_rcc.o
                0x0000000008002aa4                HAL_RCC_GetPCLK1Freq
 .text.HAL_RCC_GetPCLK2Freq
                0x0000000008002ad0       0x2c Drivers/STM32L4xx_HAL_Driver/Src/stm32l4xx_hal_rcc.o
                0x0000000008002ad0                HAL_RCC_GetPCLK2Freq
 .text.RCC_SetFlashLatencyFromMSIRange
                0x0000000008002afc       0xc0 Drivers/STM32L4xx_HAL_Driver/Src/stm32l4xx_hal_rcc.o
 .text.HAL_RCCEx_PeriphCLKConfig
                0x0000000008002bbc      0x30c Drivers/STM32L4xx_HAL_Driver/Src/stm32l4xx_hal_rcc_ex.o
                0x0000000008002bbc                HAL_RCCEx_PeriphCLKConfig
 .text.HAL_SPI_Init
                0x0000000008002ec8      0x146 Drivers/STM32L4xx_HAL_Driver/Src/stm32l4xx_hal_spi.o
                0x0000000008002ec8                HAL_SPI_Init
 .text.HAL_SPI_Transmit
                0x000000000800300e      0x2dc Drivers/STM32L4xx_HAL_Driver/Src/stm32l4xx_hal_spi.o
                0x000000000800300e                HAL_SPI_Transmit
 *fill*         0x00000000080032ea        0x2 
 .text.SPI_WaitFlagStateUntilTimeout
                0x00000000080032ec      0x110 Drivers/STM32L4xx_HAL_Driver/Src/stm32l4xx_hal_spi.o
 .text.SPI_WaitFifoStateUntilTimeout
                0x00000000080033fc      0x124 Drivers/STM32L4xx_HAL_Driver/Src/stm32l4xx_hal_spi.o
 .text.SPI_EndRxTxTransaction
                0x0000000008003520       0x8c Drivers/STM32L4xx_HAL_Driver/Src/stm32l4xx_hal_spi.o
 .text.HAL_UART_Init
                0x00000000080035ac       0x9c Drivers/STM32L4xx_HAL_Driver/Src/stm32l4xx_hal_uart.o
                0x00000000080035ac                HAL_UART_Init
 .text.HAL_UART_IRQHandler
                0x0000000008003648      0x404 Drivers/STM32L4xx_HAL_Driver/Src/stm32l4xx_hal_uart.o
                0x0000000008003648                HAL_UART_IRQHandler
 .text.HAL_UART_TxCpltCallback
                0x0000000008003a4c       0x14 Drivers/STM32L4xx_HAL_Driver/Src/stm32l4xx_hal_uart.o
                0x0000000008003a4c                HAL_UART_TxCpltCallback
 .text.HAL_UART_ErrorCallback
                0x0000000008003a60       0x14 Drivers/STM32L4xx_HAL_Driver/Src/stm32l4xx_hal_uart.o
                0x0000000008003a60                HAL_UART_ErrorCallback
 .text.HAL_UARTEx_RxEventCallback
                0x0000000008003a74       0x18 Drivers/STM32L4xx_HAL_Driver/Src/stm32l4xx_hal_uart.o
                0x0000000008003a74                HAL_UARTEx_RxEventCallback
 .text.UART_SetConfig
                0x0000000008003a8c      0x468 Drivers/STM32L4xx_HAL_Driver/Src/stm32l4xx_hal_uart.o
                0x0000000008003a8c                UART_SetConfig
 .text.UART_AdvFeatureConfig
                0x0000000008003ef4      0x144 Drivers/STM32L4xx_HAL_Driver/Src/stm32l4xx_hal_uart.o
                0x0000000008003ef4                UART_AdvFeatureConfig
 .text.UART_CheckIdleState
                0x0000000008004038       0x92 Drivers/STM32L4xx_HAL_Driver/Src/stm32l4xx_hal_uart.o
                0x0000000008004038                UART_CheckIdleState
 .text.UART_WaitOnFlagUntilTimeout
                0x00000000080040ca       0xf8 Drivers/STM32L4xx_HAL_Driver/Src/stm32l4xx_hal_uart.o
                0x00000000080040ca                UART_WaitOnFlagUntilTimeout
 .text.UART_EndRxTransfer
                0x00000000080041c2       0x5e Drivers/STM32L4xx_HAL_Driver/Src/stm32l4xx_hal_uart.o
 .text.UART_DMAAbortOnError
                0x0000000008004220       0x2c Drivers/STM32L4xx_HAL_Driver/Src/stm32l4xx_hal_uart.o
 .text.UART_EndTransmit_IT
                0x000000000800424c       0x32 Drivers/STM32L4xx_HAL_Driver/Src/stm32l4xx_hal_uart.o
 .text.HAL_UARTEx_WakeupCallback
                0x000000000800427e       0x14 Drivers/STM32L4xx_HAL_Driver/Src/stm32l4xx_hal_uart_ex.o
                0x000000000800427e                HAL_UARTEx_WakeupCallback
 *fill*         0x0000000008004292        0x2 
 .text.__libc_init_array
                0x0000000008004294       0x48 /home/zez/.eclipse/com.st.stm32cube.ide.mcu.rcp.product_1.5.1_1935173079_linux_gtk_x86_64/plugins/com.st.stm32cube.ide.mcu.externaltools.gnu-tools-for-stm32.9-2020-q2-update.linux64_1.5.0.202011040924/tools/bin/../lib/gcc/arm-none-eabi/9.3.1/../../../../arm-none-eabi/lib/thumb/v7e-m+fp/hard/libc_nano.a(lib_a-init.o)
                0x0000000008004294                __libc_init_array
 .text.memset   0x00000000080042dc       0x10 /home/zez/.eclipse/com.st.stm32cube.ide.mcu.rcp.product_1.5.1_1935173079_linux_gtk_x86_64/plugins/com.st.stm32cube.ide.mcu.externaltools.gnu-tools-for-stm32.9-2020-q2-update.linux64_1.5.0.202011040924/tools/bin/../lib/gcc/arm-none-eabi/9.3.1/../../../../arm-none-eabi/lib/thumb/v7e-m+fp/hard/libc_nano.a(lib_a-memset.o)
                0x00000000080042dc                memset
 *(.glue_7)
 .glue_7        0x00000000080042ec        0x0 linker stubs
 *(.glue_7t)
 .glue_7t       0x00000000080042ec        0x0 linker stubs
 *(.eh_frame)
 .eh_frame      0x00000000080042ec        0x0 /home/zez/.eclipse/com.st.stm32cube.ide.mcu.rcp.product_1.5.1_1935173079_linux_gtk_x86_64/plugins/com.st.stm32cube.ide.mcu.externaltools.gnu-tools-for-stm32.9-2020-q2-update.linux64_1.5.0.202011040924/tools/bin/../lib/gcc/arm-none-eabi/9.3.1/thumb/v7e-m+fp/hard/crtbegin.o
 *(.init)
 .init          0x00000000080042ec        0x4 /home/zez/.eclipse/com.st.stm32cube.ide.mcu.rcp.product_1.5.1_1935173079_linux_gtk_x86_64/plugins/com.st.stm32cube.ide.mcu.externaltools.gnu-tools-for-stm32.9-2020-q2-update.linux64_1.5.0.202011040924/tools/bin/../lib/gcc/arm-none-eabi/9.3.1/thumb/v7e-m+fp/hard/crti.o
                0x00000000080042ec                _init
 .init          0x00000000080042f0        0x8 /home/zez/.eclipse/com.st.stm32cube.ide.mcu.rcp.product_1.5.1_1935173079_linux_gtk_x86_64/plugins/com.st.stm32cube.ide.mcu.externaltools.gnu-tools-for-stm32.9-2020-q2-update.linux64_1.5.0.202011040924/tools/bin/../lib/gcc/arm-none-eabi/9.3.1/thumb/v7e-m+fp/hard/crtn.o
 *(.fini)
 .fini          0x00000000080042f8        0x4 /home/zez/.eclipse/com.st.stm32cube.ide.mcu.rcp.product_1.5.1_1935173079_linux_gtk_x86_64/plugins/com.st.stm32cube.ide.mcu.externaltools.gnu-tools-for-stm32.9-2020-q2-update.linux64_1.5.0.202011040924/tools/bin/../lib/gcc/arm-none-eabi/9.3.1/thumb/v7e-m+fp/hard/crti.o
                0x00000000080042f8                _fini
 .fini          0x00000000080042fc        0x8 /home/zez/.eclipse/com.st.stm32cube.ide.mcu.rcp.product_1.5.1_1935173079_linux_gtk_x86_64/plugins/com.st.stm32cube.ide.mcu.externaltools.gnu-tools-for-stm32.9-2020-q2-update.linux64_1.5.0.202011040924/tools/bin/../lib/gcc/arm-none-eabi/9.3.1/thumb/v7e-m+fp/hard/crtn.o
                0x0000000008004304                . = ALIGN (0x4)
                0x0000000008004304                _etext = .

.vfp11_veneer   0x0000000008004304        0x0
 .vfp11_veneer  0x0000000008004304        0x0 linker stubs

.v4_bx          0x0000000008004304        0x0
 .v4_bx         0x0000000008004304        0x0 linker stubs

.iplt           0x0000000008004304        0x0
 .iplt          0x0000000008004304        0x0 /home/zez/.eclipse/com.st.stm32cube.ide.mcu.rcp.product_1.5.1_1935173079_linux_gtk_x86_64/plugins/com.st.stm32cube.ide.mcu.externaltools.gnu-tools-for-stm32.9-2020-q2-update.linux64_1.5.0.202011040924/tools/bin/../lib/gcc/arm-none-eabi/9.3.1/thumb/v7e-m+fp/hard/crtbegin.o

.rodata         0x0000000008004304     0x2960
                0x0000000008004304                . = ALIGN (0x4)
 *(.rodata)
 .rodata        0x0000000008004304       0x33 Core/Src/ili9341.o
 *fill*         0x0000000008004337        0x1 
 .rodata        0x0000000008004338       0xce Core/Src/main.o
 *(.rodata*)
 *fill*         0x0000000008004406        0x2 
 .rodata.Font7x10
                0x0000000008004408      0x76c Core/Src/fonts.o
 .rodata.Font11x18
                0x0000000008004b74      0xd5c Core/Src/fonts.o
 .rodata.Font16x26
                0x00000000080058d0     0x134c Core/Src/fonts.o
 .rodata.AHBPrescTable
                0x0000000008006c1c       0x10 Core/Src/system_stm32l4xx.o
                0x0000000008006c1c                AHBPrescTable
 .rodata.APBPrescTable
                0x0000000008006c2c        0x8 Core/Src/system_stm32l4xx.o
                0x0000000008006c2c                APBPrescTable
 .rodata.MSIRangeTable
                0x0000000008006c34       0x30 Core/Src/system_stm32l4xx.o
                0x0000000008006c34                MSIRangeTable
                0x0000000008006c64                . = ALIGN (0x4)

.ARM.extab      0x0000000008006c64        0x0
                0x0000000008006c64                . = ALIGN (0x4)
 *(.ARM.extab* .gnu.linkonce.armextab.*)
                0x0000000008006c64                . = ALIGN (0x4)

.ARM            0x0000000008006c64        0x8
                0x0000000008006c64                . = ALIGN (0x4)
                0x0000000008006c64                __exidx_start = .
 *(.ARM.exidx*)
 .ARM.exidx     0x0000000008006c64        0x8 /home/zez/.eclipse/com.st.stm32cube.ide.mcu.rcp.product_1.5.1_1935173079_linux_gtk_x86_64/plugins/com.st.stm32cube.ide.mcu.externaltools.gnu-tools-for-stm32.9-2020-q2-update.linux64_1.5.0.202011040924/tools/bin/../lib/gcc/arm-none-eabi/9.3.1/thumb/v7e-m+fp/hard/libgcc.a(_udivmoddi4.o)
                0x0000000008006c6c                __exidx_end = .
                0x0000000008006c6c                . = ALIGN (0x4)

.rel.dyn        0x0000000008006c6c        0x0
 .rel.iplt      0x0000000008006c6c        0x0 /home/zez/.eclipse/com.st.stm32cube.ide.mcu.rcp.product_1.5.1_1935173079_linux_gtk_x86_64/plugins/com.st.stm32cube.ide.mcu.externaltools.gnu-tools-for-stm32.9-2020-q2-update.linux64_1.5.0.202011040924/tools/bin/../lib/gcc/arm-none-eabi/9.3.1/thumb/v7e-m+fp/hard/crtbegin.o

.preinit_array  0x0000000008006c6c        0x0
                0x0000000008006c6c                . = ALIGN (0x4)
                0x0000000008006c6c                PROVIDE (__preinit_array_start = .)
 *(.preinit_array*)
                0x0000000008006c6c                PROVIDE (__preinit_array_end = .)
                0x0000000008006c6c                . = ALIGN (0x4)

.init_array     0x0000000008006c6c        0x4
                0x0000000008006c6c                . = ALIGN (0x4)
                0x0000000008006c6c                PROVIDE (__init_array_start = .)
 *(SORT_BY_NAME(.init_array.*))
 *(.init_array*)
 .init_array    0x0000000008006c6c        0x4 /home/zez/.eclipse/com.st.stm32cube.ide.mcu.rcp.product_1.5.1_1935173079_linux_gtk_x86_64/plugins/com.st.stm32cube.ide.mcu.externaltools.gnu-tools-for-stm32.9-2020-q2-update.linux64_1.5.0.202011040924/tools/bin/../lib/gcc/arm-none-eabi/9.3.1/thumb/v7e-m+fp/hard/crtbegin.o
                0x0000000008006c70                PROVIDE (__init_array_end = .)
                0x0000000008006c70                . = ALIGN (0x4)

.fini_array     0x0000000008006c70        0x4
                0x0000000008006c70                . = ALIGN (0x4)
                [!provide]                        PROVIDE (__fini_array_start = .)
 *(SORT_BY_NAME(.fini_array.*))
 *(.fini_array*)
 .fini_array    0x0000000008006c70        0x4 /home/zez/.eclipse/com.st.stm32cube.ide.mcu.rcp.product_1.5.1_1935173079_linux_gtk_x86_64/plugins/com.st.stm32cube.ide.mcu.externaltools.gnu-tools-for-stm32.9-2020-q2-update.linux64_1.5.0.202011040924/tools/bin/../lib/gcc/arm-none-eabi/9.3.1/thumb/v7e-m+fp/hard/crtbegin.o
                [!provide]                        PROVIDE (__fini_array_end = .)
                0x0000000008006c74                . = ALIGN (0x4)
                0x0000000008006c74                _sidata = LOADADDR (.data)

.data           0x0000000020000000       0x24 load address 0x0000000008006c74
                0x0000000020000000                . = ALIGN (0x4)
                0x0000000020000000                _sdata = .
 *(.data)
 *(.data*)
 .data.Font_7x10
                0x0000000020000000        0x8 Core/Src/fonts.o
                0x0000000020000000                Font_7x10
 .data.Font_11x18
                0x0000000020000008        0x8 Core/Src/fonts.o
                0x0000000020000008                Font_11x18
 .data.Font_16x26
                0x0000000020000010        0x8 Core/Src/fonts.o
                0x0000000020000010                Font_16x26
 .data.SystemCoreClock
                0x0000000020000018        0x4 Core/Src/system_stm32l4xx.o
                0x0000000020000018                SystemCoreClock
 .data.uwTickPrio
                0x000000002000001c        0x4 Drivers/STM32L4xx_HAL_Driver/Src/stm32l4xx_hal.o
                0x000000002000001c                uwTickPrio
 .data.uwTickFreq
                0x0000000020000020        0x1 Drivers/STM32L4xx_HAL_Driver/Src/stm32l4xx_hal.o
                0x0000000020000020                uwTickFreq
 *(.RamFunc)
 *(.RamFunc*)
                0x0000000020000024                . = ALIGN (0x4)
 *fill*         0x0000000020000021        0x3 
                0x0000000020000024                _edata = .

.igot.plt       0x0000000020000024        0x0 load address 0x0000000008006c98
 .igot.plt      0x0000000020000024        0x0 /home/zez/.eclipse/com.st.stm32cube.ide.mcu.rcp.product_1.5.1_1935173079_linux_gtk_x86_64/plugins/com.st.stm32cube.ide.mcu.externaltools.gnu-tools-for-stm32.9-2020-q2-update.linux64_1.5.0.202011040924/tools/bin/../lib/gcc/arm-none-eabi/9.3.1/thumb/v7e-m+fp/hard/crtbegin.o
                0x0000000020000024                . = ALIGN (0x4)

.bss            0x0000000020000024      0x1e0 load address 0x0000000008006c98
                0x0000000020000024                _sbss = .
                0x0000000020000024                __bss_start__ = _sbss
 *(.bss)
 .bss           0x0000000020000024       0x1c /home/zez/.eclipse/com.st.stm32cube.ide.mcu.rcp.product_1.5.1_1935173079_linux_gtk_x86_64/plugins/com.st.stm32cube.ide.mcu.externaltools.gnu-tools-for-stm32.9-2020-q2-update.linux64_1.5.0.202011040924/tools/bin/../lib/gcc/arm-none-eabi/9.3.1/thumb/v7e-m+fp/hard/crtbegin.o
 *(.bss*)
 *(COMMON)
 COMMON         0x0000000020000040      0x1be Core/Src/main.o
                0x0000000020000040                msg3
                0x0000000020000046                ser_ptm
                0x0000000020000047                ser_rcm
                0x0000000020000048                ser_bfm
                0x0000000020000078                pipi
                0x0000000020000080                hi2c1
                0x00000000200000cc                msg1
                0x00000000200000d4                msg2
                0x00000000200000dc                huart1
                0x0000000020000160                data
                0x0000000020000164                hspi1
                0x00000000200001c8                ser_pcm
                0x00000000200001ca                len
                0x00000000200001cc                vem
 *fill*         0x00000000200001fe        0x2 
 COMMON         0x0000000020000200        0x4 Drivers/STM32L4xx_HAL_Driver/Src/stm32l4xx_hal.o
                0x0000000020000200                uwTick
                0x0000000020000204                . = ALIGN (0x4)
                0x0000000020000204                _ebss = .
                0x0000000020000204                __bss_end__ = _ebss

._user_heap_stack
                0x0000000020000204      0x604 load address 0x0000000008006c98
                0x0000000020000208                . = ALIGN (0x8)
 *fill*         0x0000000020000204        0x4 
                [!provide]                        PROVIDE (end = .)
                0x0000000020000208                PROVIDE (_end = .)
                0x0000000020000408                . = (. + _Min_Heap_Size)
 *fill*         0x0000000020000208      0x200 
                0x0000000020000808                . = (. + _Min_Stack_Size)
 *fill*         0x0000000020000408      0x400 
                0x0000000020000808                . = ALIGN (0x8)

/DISCARD/
 libc.a(*)
 libm.a(*)
 libgcc.a(*)

.ARM.attributes
                0x0000000000000000       0x30
 *(.ARM.attributes)
 .ARM.attributes
                0x0000000000000000       0x1e /home/zez/.eclipse/com.st.stm32cube.ide.mcu.rcp.product_1.5.1_1935173079_linux_gtk_x86_64/plugins/com.st.stm32cube.ide.mcu.externaltools.gnu-tools-for-stm32.9-2020-q2-update.linux64_1.5.0.202011040924/tools/bin/../lib/gcc/arm-none-eabi/9.3.1/thumb/v7e-m+fp/hard/crti.o
 .ARM.attributes
                0x000000000000001e       0x34 /home/zez/.eclipse/com.st.stm32cube.ide.mcu.rcp.product_1.5.1_1935173079_linux_gtk_x86_64/plugins/com.st.stm32cube.ide.mcu.externaltools.gnu-tools-for-stm32.9-2020-q2-update.linux64_1.5.0.202011040924/tools/bin/../lib/gcc/arm-none-eabi/9.3.1/thumb/v7e-m+fp/hard/crtbegin.o
 .ARM.attributes
                0x0000000000000052       0x39 Core/Src/fonts.o
 .ARM.attributes
                0x000000000000008b       0x34 Core/Src/ili9341.o
 .ARM.attributes
                0x00000000000000bf       0x34 Core/Src/ili9341_touch.o
 .ARM.attributes
                0x00000000000000f3       0x34 Core/Src/main.o
 .ARM.attributes
                0x0000000000000127       0x34 Core/Src/stm32l4xx_hal_msp.o
 .ARM.attributes
                0x000000000000015b       0x34 Core/Src/stm32l4xx_it.o
 .ARM.attributes
                0x000000000000018f       0x34 Core/Src/system_stm32l4xx.o
 .ARM.attributes
                0x00000000000001c3       0x21 Core/Startup/startup_stm32l412cbtxp.o
 .ARM.attributes
                0x00000000000001e4       0x34 Drivers/STM32L4xx_HAL_Driver/Src/stm32l4xx_hal.o
 .ARM.attributes
                0x0000000000000218       0x34 Drivers/STM32L4xx_HAL_Driver/Src/stm32l4xx_hal_cortex.o
 .ARM.attributes
                0x000000000000024c       0x34 Drivers/STM32L4xx_HAL_Driver/Src/stm32l4xx_hal_dma.o
 .ARM.attributes
                0x0000000000000280       0x34 Drivers/STM32L4xx_HAL_Driver/Src/stm32l4xx_hal_gpio.o
 .ARM.attributes
                0x00000000000002b4       0x34 Drivers/STM32L4xx_HAL_Driver/Src/stm32l4xx_hal_i2c.o
 .ARM.attributes
                0x00000000000002e8       0x34 Drivers/STM32L4xx_HAL_Driver/Src/stm32l4xx_hal_i2c_ex.o
 .ARM.attributes
                0x000000000000031c       0x34 Drivers/STM32L4xx_HAL_Driver/Src/stm32l4xx_hal_pwr_ex.o
 .ARM.attributes
                0x0000000000000350       0x34 Drivers/STM32L4xx_HAL_Driver/Src/stm32l4xx_hal_rcc.o
 .ARM.attributes
                0x0000000000000384       0x34 Drivers/STM32L4xx_HAL_Driver/Src/stm32l4xx_hal_rcc_ex.o
 .ARM.attributes
                0x00000000000003b8       0x34 Drivers/STM32L4xx_HAL_Driver/Src/stm32l4xx_hal_spi.o
 .ARM.attributes
                0x00000000000003ec       0x34 Drivers/STM32L4xx_HAL_Driver/Src/stm32l4xx_hal_uart.o
 .ARM.attributes
                0x0000000000000420       0x34 Drivers/STM32L4xx_HAL_Driver/Src/stm32l4xx_hal_uart_ex.o
 .ARM.attributes
                0x0000000000000454       0x34 /home/zez/.eclipse/com.st.stm32cube.ide.mcu.rcp.product_1.5.1_1935173079_linux_gtk_x86_64/plugins/com.st.stm32cube.ide.mcu.externaltools.gnu-tools-for-stm32.9-2020-q2-update.linux64_1.5.0.202011040924/tools/bin/../lib/gcc/arm-none-eabi/9.3.1/../../../../arm-none-eabi/lib/thumb/v7e-m+fp/hard/libc_nano.a(lib_a-init.o)
 .ARM.attributes
                0x0000000000000488       0x34 /home/zez/.eclipse/com.st.stm32cube.ide.mcu.rcp.product_1.5.1_1935173079_linux_gtk_x86_64/plugins/com.st.stm32cube.ide.mcu.externaltools.gnu-tools-for-stm32.9-2020-q2-update.linux64_1.5.0.202011040924/tools/bin/../lib/gcc/arm-none-eabi/9.3.1/../../../../arm-none-eabi/lib/thumb/v7e-m+fp/hard/libc_nano.a(lib_a-memset.o)
 .ARM.attributes
                0x00000000000004bc       0x1e /home/zez/.eclipse/com.st.stm32cube.ide.mcu.rcp.product_1.5.1_1935173079_linux_gtk_x86_64/plugins/com.st.stm32cube.ide.mcu.externaltools.gnu-tools-for-stm32.9-2020-q2-update.linux64_1.5.0.202011040924/tools/bin/../lib/gcc/arm-none-eabi/9.3.1/thumb/v7e-m+fp/hard/libgcc.a(_aeabi_uldivmod.o)
 .ARM.attributes
                0x00000000000004da       0x34 /home/zez/.eclipse/com.st.stm32cube.ide.mcu.rcp.product_1.5.1_1935173079_linux_gtk_x86_64/plugins/com.st.stm32cube.ide.mcu.externaltools.gnu-tools-for-stm32.9-2020-q2-update.linux64_1.5.0.202011040924/tools/bin/../lib/gcc/arm-none-eabi/9.3.1/thumb/v7e-m+fp/hard/libgcc.a(_udivmoddi4.o)
 .ARM.attributes
                0x000000000000050e       0x1e /home/zez/.eclipse/com.st.stm32cube.ide.mcu.rcp.product_1.5.1_1935173079_linux_gtk_x86_64/plugins/com.st.stm32cube.ide.mcu.externaltools.gnu-tools-for-stm32.9-2020-q2-update.linux64_1.5.0.202011040924/tools/bin/../lib/gcc/arm-none-eabi/9.3.1/thumb/v7e-m+fp/hard/libgcc.a(_dvmd_tls.o)
 .ARM.attributes
                0x000000000000052c       0x1e /home/zez/.eclipse/com.st.stm32cube.ide.mcu.rcp.product_1.5.1_1935173079_linux_gtk_x86_64/plugins/com.st.stm32cube.ide.mcu.externaltools.gnu-tools-for-stm32.9-2020-q2-update.linux64_1.5.0.202011040924/tools/bin/../lib/gcc/arm-none-eabi/9.3.1/thumb/v7e-m+fp/hard/crtn.o
OUTPUT(412_ili9351.elf elf32-littlearm)
LOAD linker stubs
LOAD /home/zez/.eclipse/com.st.stm32cube.ide.mcu.rcp.product_1.5.1_1935173079_linux_gtk_x86_64/plugins/com.st.stm32cube.ide.mcu.externaltools.gnu-tools-for-stm32.9-2020-q2-update.linux64_1.5.0.202011040924/tools/bin/../lib/gcc/arm-none-eabi/9.3.1/../../../../arm-none-eabi/lib/thumb/v7e-m+fp/hard/libc.a
LOAD /home/zez/.eclipse/com.st.stm32cube.ide.mcu.rcp.product_1.5.1_1935173079_linux_gtk_x86_64/plugins/com.st.stm32cube.ide.mcu.externaltools.gnu-tools-for-stm32.9-2020-q2-update.linux64_1.5.0.202011040924/tools/bin/../lib/gcc/arm-none-eabi/9.3.1/../../../../arm-none-eabi/lib/thumb/v7e-m+fp/hard/libm.a
LOAD /home/zez/.eclipse/com.st.stm32cube.ide.mcu.rcp.product_1.5.1_1935173079_linux_gtk_x86_64/plugins/com.st.stm32cube.ide.mcu.externaltools.gnu-tools-for-stm32.9-2020-q2-update.linux64_1.5.0.202011040924/tools/bin/../lib/gcc/arm-none-eabi/9.3.1/thumb/v7e-m+fp/hard/libgcc.a

.debug_info     0x0000000000000000    0x12879
 .debug_info    0x0000000000000000      0x1ae Core/Src/fonts.o
 .debug_info    0x00000000000001ae      0xf84 Core/Src/ili9341.o
 .debug_info    0x0000000000001132      0x9ef Core/Src/ili9341_touch.o
 .debug_info    0x0000000000001b21     0x20fd Core/Src/main.o
 .debug_info    0x0000000000003c1e     0x14e3 Core/Src/stm32l4xx_hal_msp.o
 .debug_info    0x0000000000005101      0x922 Core/Src/stm32l4xx_it.o
 .debug_info    0x0000000000005a23      0x787 Core/Src/system_stm32l4xx.o
 .debug_info    0x00000000000061aa       0x22 Core/Startup/startup_stm32l412cbtxp.o
 .debug_info    0x00000000000061cc      0xb44 Drivers/STM32L4xx_HAL_Driver/Src/stm32l4xx_hal.o
 .debug_info    0x0000000000006d10      0xf98 Drivers/STM32L4xx_HAL_Driver/Src/stm32l4xx_hal_cortex.o
 .debug_info    0x0000000000007ca8      0x973 Drivers/STM32L4xx_HAL_Driver/Src/stm32l4xx_hal_dma.o
 .debug_info    0x000000000000861b      0xa5f Drivers/STM32L4xx_HAL_Driver/Src/stm32l4xx_hal_gpio.o
 .debug_info    0x000000000000907a     0x22fd Drivers/STM32L4xx_HAL_Driver/Src/stm32l4xx_hal_i2c.o
 .debug_info    0x000000000000b377      0xc37 Drivers/STM32L4xx_HAL_Driver/Src/stm32l4xx_hal_i2c_ex.o
 .debug_info    0x000000000000bfae      0xbc7 Drivers/STM32L4xx_HAL_Driver/Src/stm32l4xx_hal_pwr_ex.o
 .debug_info    0x000000000000cb75      0xdd3 Drivers/STM32L4xx_HAL_Driver/Src/stm32l4xx_hal_rcc.o
 .debug_info    0x000000000000d948      0xf01 Drivers/STM32L4xx_HAL_Driver/Src/stm32l4xx_hal_rcc_ex.o
 .debug_info    0x000000000000e849     0x18f8 Drivers/STM32L4xx_HAL_Driver/Src/stm32l4xx_hal_spi.o
 .debug_info    0x0000000000010141     0x1ad1 Drivers/STM32L4xx_HAL_Driver/Src/stm32l4xx_hal_uart.o
 .debug_info    0x0000000000011c12      0xc67 Drivers/STM32L4xx_HAL_Driver/Src/stm32l4xx_hal_uart_ex.o

.debug_abbrev   0x0000000000000000     0x2769
 .debug_abbrev  0x0000000000000000       0xad Core/Src/fonts.o
 .debug_abbrev  0x00000000000000ad      0x24b Core/Src/ili9341.o
 .debug_abbrev  0x00000000000002f8      0x1e9 Core/Src/ili9341_touch.o
 .debug_abbrev  0x00000000000004e1      0x31e Core/Src/main.o
 .debug_abbrev  0x00000000000007ff      0x1ed Core/Src/stm32l4xx_hal_msp.o
 .debug_abbrev  0x00000000000009ec      0x163 Core/Src/stm32l4xx_it.o
 .debug_abbrev  0x0000000000000b4f      0x165 Core/Src/system_stm32l4xx.o
 .debug_abbrev  0x0000000000000cb4       0x12 Core/Startup/startup_stm32l412cbtxp.o
 .debug_abbrev  0x0000000000000cc6      0x20b Drivers/STM32L4xx_HAL_Driver/Src/stm32l4xx_hal.o
 .debug_abbrev  0x0000000000000ed1      0x33c Drivers/STM32L4xx_HAL_Driver/Src/stm32l4xx_hal_cortex.o
 .debug_abbrev  0x000000000000120d      0x201 Drivers/STM32L4xx_HAL_Driver/Src/stm32l4xx_hal_dma.o
 .debug_abbrev  0x000000000000140e      0x1e8 Drivers/STM32L4xx_HAL_Driver/Src/stm32l4xx_hal_gpio.o
 .debug_abbrev  0x00000000000015f6      0x256 Drivers/STM32L4xx_HAL_Driver/Src/stm32l4xx_hal_i2c.o
 .debug_abbrev  0x000000000000184c      0x1dd Drivers/STM32L4xx_HAL_Driver/Src/stm32l4xx_hal_i2c_ex.o
 .debug_abbrev  0x0000000000001a29      0x1f3 Drivers/STM32L4xx_HAL_Driver/Src/stm32l4xx_hal_pwr_ex.o
 .debug_abbrev  0x0000000000001c1c      0x280 Drivers/STM32L4xx_HAL_Driver/Src/stm32l4xx_hal_rcc.o
 .debug_abbrev  0x0000000000001e9c      0x230 Drivers/STM32L4xx_HAL_Driver/Src/stm32l4xx_hal_rcc_ex.o
 .debug_abbrev  0x00000000000020cc      0x254 Drivers/STM32L4xx_HAL_Driver/Src/stm32l4xx_hal_spi.o
 .debug_abbrev  0x0000000000002320      0x23f Drivers/STM32L4xx_HAL_Driver/Src/stm32l4xx_hal_uart.o
 .debug_abbrev  0x000000000000255f      0x20a Drivers/STM32L4xx_HAL_Driver/Src/stm32l4xx_hal_uart_ex.o

.debug_aranges  0x0000000000000000      0xf28
 .debug_aranges
                0x0000000000000000       0x18 Core/Src/fonts.o
 .debug_aranges
                0x0000000000000018       0x88 Core/Src/ili9341.o
 .debug_aranges
                0x00000000000000a0       0x38 Core/Src/ili9341_touch.o
 .debug_aranges
                0x00000000000000d8       0x60 Core/Src/main.o
 .debug_aranges
                0x0000000000000138       0x50 Core/Src/stm32l4xx_hal_msp.o
 .debug_aranges
                0x0000000000000188       0x68 Core/Src/stm32l4xx_it.o
 .debug_aranges
                0x00000000000001f0       0x28 Core/Src/system_stm32l4xx.o
 .debug_aranges
                0x0000000000000218       0x28 Core/Startup/startup_stm32l412cbtxp.o
 .debug_aranges
                0x0000000000000240      0x108 Drivers/STM32L4xx_HAL_Driver/Src/stm32l4xx_hal.o
 .debug_aranges
                0x0000000000000348      0x118 Drivers/STM32L4xx_HAL_Driver/Src/stm32l4xx_hal_cortex.o
 .debug_aranges
                0x0000000000000460       0x80 Drivers/STM32L4xx_HAL_Driver/Src/stm32l4xx_hal_dma.o
 .debug_aranges
                0x00000000000004e0       0x58 Drivers/STM32L4xx_HAL_Driver/Src/stm32l4xx_hal_gpio.o
 .debug_aranges
                0x0000000000000538      0x290 Drivers/STM32L4xx_HAL_Driver/Src/stm32l4xx_hal_i2c.o
 .debug_aranges
                0x00000000000007c8       0x48 Drivers/STM32L4xx_HAL_Driver/Src/stm32l4xx_hal_i2c_ex.o
 .debug_aranges
                0x0000000000000810      0x148 Drivers/STM32L4xx_HAL_Driver/Src/stm32l4xx_hal_pwr_ex.o
 .debug_aranges
                0x0000000000000958       0x88 Drivers/STM32L4xx_HAL_Driver/Src/stm32l4xx_hal_rcc.o
 .debug_aranges
                0x00000000000009e0       0xd0 Drivers/STM32L4xx_HAL_Driver/Src/stm32l4xx_hal_rcc_ex.o
 .debug_aranges
                0x0000000000000ab0      0x1d8 Drivers/STM32L4xx_HAL_Driver/Src/stm32l4xx_hal_spi.o
 .debug_aranges
                0x0000000000000c88      0x228 Drivers/STM32L4xx_HAL_Driver/Src/stm32l4xx_hal_uart.o
 .debug_aranges
                0x0000000000000eb0       0x78 Drivers/STM32L4xx_HAL_Driver/Src/stm32l4xx_hal_uart_ex.o

.debug_macro    0x0000000000000000    0x1a9eb
 .debug_macro   0x0000000000000000       0x6d Core/Src/fonts.o
 .debug_macro   0x000000000000006d      0xaa8 Core/Src/fonts.o
 .debug_macro   0x0000000000000b15       0x22 Core/Src/fonts.o
 .debug_macro   0x0000000000000b37       0x8e Core/Src/fonts.o
 .debug_macro   0x0000000000000bc5       0x51 Core/Src/fonts.o
 .debug_macro   0x0000000000000c16      0x103 Core/Src/fonts.o
 .debug_macro   0x0000000000000d19       0x6a Core/Src/fonts.o
 .debug_macro   0x0000000000000d83      0x1df Core/Src/fonts.o
 .debug_macro   0x0000000000000f62      0x1fb Core/Src/ili9341.o
 .debug_macro   0x000000000000115d      0x1ad Core/Src/ili9341.o
 .debug_macro   0x000000000000130a       0x2e Core/Src/ili9341.o
 .debug_macro   0x0000000000001338       0x28 Core/Src/ili9341.o
 .debug_macro   0x0000000000001360       0x1c Core/Src/ili9341.o
 .debug_macro   0x000000000000137c       0x22 Core/Src/ili9341.o
 .debug_macro   0x000000000000139e      0x101 Core/Src/ili9341.o
 .debug_macro   0x000000000000149f     0x1011 Core/Src/ili9341.o
 .debug_macro   0x00000000000024b0      0x11f Core/Src/ili9341.o
 .debug_macro   0x00000000000025cf     0xe4aa Core/Src/ili9341.o
 .debug_macro   0x0000000000010a79       0x43 Core/Src/ili9341.o
 .debug_macro   0x0000000000010abc     0x3890 Core/Src/ili9341.o
 .debug_macro   0x000000000001434c      0x174 Core/Src/ili9341.o
 .debug_macro   0x00000000000144c0       0x5c Core/Src/ili9341.o
 .debug_macro   0x000000000001451c     0x101f Core/Src/ili9341.o
 .debug_macro   0x000000000001553b      0x494 Core/Src/ili9341.o
 .debug_macro   0x00000000000159cf      0x13d Core/Src/ili9341.o
 .debug_macro   0x0000000000015b0c       0xd7 Core/Src/ili9341.o
 .debug_macro   0x0000000000015be3      0x26b Core/Src/ili9341.o
 .debug_macro   0x0000000000015e4e      0x23d Core/Src/ili9341.o
 .debug_macro   0x000000000001608b      0x21d Core/Src/ili9341.o
 .debug_macro   0x00000000000162a8      0x375 Core/Src/ili9341.o
 .debug_macro   0x000000000001661d       0xd6 Core/Src/ili9341.o
 .debug_macro   0x00000000000166f3      0x22c Core/Src/ili9341.o
 .debug_macro   0x000000000001691f       0x61 Core/Src/ili9341.o
 .debug_macro   0x0000000000016980       0xa5 Core/Src/ili9341.o
 .debug_macro   0x0000000000016a25      0x122 Core/Src/ili9341.o
 .debug_macro   0x0000000000016b47      0x365 Core/Src/ili9341.o
 .debug_macro   0x0000000000016eac      0x2fe Core/Src/ili9341.o
 .debug_macro   0x00000000000171aa      0x5ba Core/Src/ili9341.o
 .debug_macro   0x0000000000017764       0x44 Core/Src/ili9341.o
 .debug_macro   0x00000000000177a8      0x221 Core/Src/ili9341.o
 .debug_macro   0x00000000000179c9       0x22 Core/Src/ili9341.o
 .debug_macro   0x00000000000179eb       0xa0 Core/Src/ili9341.o
 .debug_macro   0x0000000000017a8b      0x1fd Core/Src/ili9341_touch.o
 .debug_macro   0x0000000000017c88       0x46 Core/Src/ili9341_touch.o
 .debug_macro   0x0000000000017cce      0x3d2 Core/Src/main.o
 .debug_macro   0x00000000000180a0       0x52 Core/Src/main.o
 .debug_macro   0x00000000000180f2       0x18 Core/Src/main.o
 .debug_macro   0x000000000001810a       0x3c Core/Src/main.o
 .debug_macro   0x0000000000018146       0x34 Core/Src/main.o
 .debug_macro   0x000000000001817a       0x16 Core/Src/main.o
 .debug_macro   0x0000000000018190       0x43 Core/Src/main.o
 .debug_macro   0x00000000000181d3       0x34 Core/Src/main.o
 .debug_macro   0x0000000000018207       0x10 Core/Src/main.o
 .debug_macro   0x0000000000018217       0x58 Core/Src/main.o
 .debug_macro   0x000000000001826f       0x71 Core/Src/main.o
 .debug_macro   0x00000000000182e0       0x1c Core/Src/main.o
 .debug_macro   0x00000000000182fc      0x12a Core/Src/main.o
 .debug_macro   0x0000000000018426      0x333 Core/Src/main.o
 .debug_macro   0x0000000000018759       0x10 Core/Src/main.o
 .debug_macro   0x0000000000018769       0x35 Core/Src/main.o
 .debug_macro   0x000000000001879e       0x20 Core/Src/main.o
 .debug_macro   0x00000000000187be       0x1c Core/Src/main.o
 .debug_macro   0x00000000000187da       0x10 Core/Src/main.o
 .debug_macro   0x00000000000187ea       0x10 Core/Src/main.o
 .debug_macro   0x00000000000187fa       0x1c Core/Src/main.o
 .debug_macro   0x0000000000018816       0x52 Core/Src/main.o
 .debug_macro   0x0000000000018868       0x22 Core/Src/main.o
 .debug_macro   0x000000000001888a       0x10 Core/Src/main.o
 .debug_macro   0x000000000001889a       0x40 Core/Src/main.o
 .debug_macro   0x00000000000188da       0xd5 Core/Src/main.o
 .debug_macro   0x00000000000189af       0x1c Core/Src/main.o
 .debug_macro   0x00000000000189cb       0x3d Core/Src/main.o
 .debug_macro   0x0000000000018a08       0x16 Core/Src/main.o
 .debug_macro   0x0000000000018a1e      0x145 Core/Src/main.o
 .debug_macro   0x0000000000018b63       0x4c Core/Src/main.o
 .debug_macro   0x0000000000018baf       0x4c Core/Src/main.o
 .debug_macro   0x0000000000018bfb      0x1e3 Core/Src/stm32l4xx_hal_msp.o
 .debug_macro   0x0000000000018dde      0x1ed Core/Src/stm32l4xx_it.o
 .debug_macro   0x0000000000018fcb      0x1d9 Core/Src/system_stm32l4xx.o
 .debug_macro   0x00000000000191a4      0x221 Drivers/STM32L4xx_HAL_Driver/Src/stm32l4xx_hal.o
 .debug_macro   0x00000000000193c5      0x1d9 Drivers/STM32L4xx_HAL_Driver/Src/stm32l4xx_hal_cortex.o
 .debug_macro   0x000000000001959e      0x1d9 Drivers/STM32L4xx_HAL_Driver/Src/stm32l4xx_hal_dma.o
 .debug_macro   0x0000000000019777      0x218 Drivers/STM32L4xx_HAL_Driver/Src/stm32l4xx_hal_gpio.o
 .debug_macro   0x000000000001998f      0x29e Drivers/STM32L4xx_HAL_Driver/Src/stm32l4xx_hal_i2c.o
 .debug_macro   0x0000000000019c2d      0x1d9 Drivers/STM32L4xx_HAL_Driver/Src/stm32l4xx_hal_i2c_ex.o
 .debug_macro   0x0000000000019e06      0x1fd Drivers/STM32L4xx_HAL_Driver/Src/stm32l4xx_hal_pwr_ex.o
 .debug_macro   0x000000000001a003      0x21b Drivers/STM32L4xx_HAL_Driver/Src/stm32l4xx_hal_rcc.o
 .debug_macro   0x000000000001a21e      0x20f Drivers/STM32L4xx_HAL_Driver/Src/stm32l4xx_hal_rcc_ex.o
 .debug_macro   0x000000000001a42d      0x1e1 Drivers/STM32L4xx_HAL_Driver/Src/stm32l4xx_hal_spi.o
 .debug_macro   0x000000000001a60e      0x204 Drivers/STM32L4xx_HAL_Driver/Src/stm32l4xx_hal_uart.o
 .debug_macro   0x000000000001a812      0x1d9 Drivers/STM32L4xx_HAL_Driver/Src/stm32l4xx_hal_uart_ex.o

.debug_line     0x0000000000000000    0x12706
 .debug_line    0x0000000000000000      0x462 Core/Src/fonts.o
 .debug_line    0x0000000000000462      0xb7e Core/Src/ili9341.o
 .debug_line    0x0000000000000fe0      0x8c1 Core/Src/ili9341_touch.o
 .debug_line    0x00000000000018a1      0xcaf Core/Src/main.o
 .debug_line    0x0000000000002550      0x8bc Core/Src/stm32l4xx_hal_msp.o
 .debug_line    0x0000000000002e0c      0x8ab Core/Src/stm32l4xx_it.o
 .debug_line    0x00000000000036b7      0x881 Core/Src/system_stm32l4xx.o
 .debug_line    0x0000000000003f38       0x88 Core/Startup/startup_stm32l412cbtxp.o
 .debug_line    0x0000000000003fc0      0xb2d Drivers/STM32L4xx_HAL_Driver/Src/stm32l4xx_hal.o
 .debug_line    0x0000000000004aed      0xd67 Drivers/STM32L4xx_HAL_Driver/Src/stm32l4xx_hal_cortex.o
 .debug_line    0x0000000000005854      0xd9f Drivers/STM32L4xx_HAL_Driver/Src/stm32l4xx_hal_dma.o
 .debug_line    0x00000000000065f3      0xbcf Drivers/STM32L4xx_HAL_Driver/Src/stm32l4xx_hal_gpio.o
 .debug_line    0x00000000000071c2     0x3391 Drivers/STM32L4xx_HAL_Driver/Src/stm32l4xx_hal_i2c.o
 .debug_line    0x000000000000a553      0x9ee Drivers/STM32L4xx_HAL_Driver/Src/stm32l4xx_hal_i2c_ex.o
 .debug_line    0x000000000000af41      0xd1d Drivers/STM32L4xx_HAL_Driver/Src/stm32l4xx_hal_pwr_ex.o
 .debug_line    0x000000000000bc5e     0x108b Drivers/STM32L4xx_HAL_Driver/Src/stm32l4xx_hal_rcc.o
 .debug_line    0x000000000000cce9     0x107e Drivers/STM32L4xx_HAL_Driver/Src/stm32l4xx_hal_rcc_ex.o
 .debug_line    0x000000000000dd67     0x1fe9 Drivers/STM32L4xx_HAL_Driver/Src/stm32l4xx_hal_spi.o
 .debug_line    0x000000000000fd50     0x1e09 Drivers/STM32L4xx_HAL_Driver/Src/stm32l4xx_hal_uart.o
 .debug_line    0x0000000000011b59      0xbad Drivers/STM32L4xx_HAL_Driver/Src/stm32l4xx_hal_uart_ex.o

.debug_str      0x0000000000000000    0xa419b
 .debug_str     0x0000000000000000     0x3bcd Core/Src/fonts.o
                                       0x3d43 (size before relaxing)
 .debug_str     0x0000000000003bcd    0x97a7c Core/Src/ili9341.o
                                      0x9b978 (size before relaxing)
 .debug_str     0x000000000009b649      0x23d Core/Src/ili9341_touch.o
                                      0x9b79e (size before relaxing)
 .debug_str     0x000000000009b886     0x4bbf Core/Src/main.o
                                      0xa06ac (size before relaxing)
 .debug_str     0x00000000000a0445      0x3f8 Core/Src/stm32l4xx_hal_msp.o
                                      0x9bf28 (size before relaxing)
 .debug_str     0x00000000000a083d       0xcf Core/Src/stm32l4xx_it.o
                                      0x9b5e1 (size before relaxing)
 .debug_str     0x00000000000a090c       0xb8 Core/Src/system_stm32l4xx.o
                                      0x9b31e (size before relaxing)
 .debug_str     0x00000000000a09c4       0x37 Core/Startup/startup_stm32l412cbtxp.o
                                         0x5e (size before relaxing)
 .debug_str     0x00000000000a09fb      0x4c8 Drivers/STM32L4xx_HAL_Driver/Src/stm32l4xx_hal.o
                                      0x9bbe4 (size before relaxing)
 .debug_str     0x00000000000a0ec3      0x389 Drivers/STM32L4xx_HAL_Driver/Src/stm32l4xx_hal_cortex.o
                                      0x9ba43 (size before relaxing)
 .debug_str     0x00000000000a124c      0x258 Drivers/STM32L4xx_HAL_Driver/Src/stm32l4xx_hal_dma.o
                                      0x9b590 (size before relaxing)
 .debug_str     0x00000000000a14a4      0x236 Drivers/STM32L4xx_HAL_Driver/Src/stm32l4xx_hal_gpio.o
                                      0x9b5b3 (size before relaxing)
 .debug_str     0x00000000000a16da      0xd44 Drivers/STM32L4xx_HAL_Driver/Src/stm32l4xx_hal_i2c.o
                                      0x9c449 (size before relaxing)
 .debug_str     0x00000000000a241e       0xb8 Drivers/STM32L4xx_HAL_Driver/Src/stm32l4xx_hal_i2c_ex.o
                                      0x9b842 (size before relaxing)
 .debug_str     0x00000000000a24d6      0x4cc Drivers/STM32L4xx_HAL_Driver/Src/stm32l4xx_hal_pwr_ex.o
                                      0x9b850 (size before relaxing)
 .debug_str     0x00000000000a29a2      0x394 Drivers/STM32L4xx_HAL_Driver/Src/stm32l4xx_hal_rcc.o
                                      0x9b8c1 (size before relaxing)
 .debug_str     0x00000000000a2d36      0x48c Drivers/STM32L4xx_HAL_Driver/Src/stm32l4xx_hal_rcc_ex.o
                                      0x9ba20 (size before relaxing)
 .debug_str     0x00000000000a31c2      0x571 Drivers/STM32L4xx_HAL_Driver/Src/stm32l4xx_hal_spi.o
                                      0x9baeb (size before relaxing)
 .debug_str     0x00000000000a3733      0x88b Drivers/STM32L4xx_HAL_Driver/Src/stm32l4xx_hal_uart.o
                                      0x9bf7d (size before relaxing)
 .debug_str     0x00000000000a3fbe      0x1dd Drivers/STM32L4xx_HAL_Driver/Src/stm32l4xx_hal_uart_ex.o
                                      0x9b78c (size before relaxing)

.comment        0x0000000000000000       0x53
 .comment       0x0000000000000000       0x53 Core/Src/fonts.o
                                         0x54 (size before relaxing)
 .comment       0x0000000000000053       0x54 Core/Src/ili9341.o
 .comment       0x0000000000000053       0x54 Core/Src/ili9341_touch.o
 .comment       0x0000000000000053       0x54 Core/Src/main.o
 .comment       0x0000000000000053       0x54 Core/Src/stm32l4xx_hal_msp.o
 .comment       0x0000000000000053       0x54 Core/Src/stm32l4xx_it.o
 .comment       0x0000000000000053       0x54 Core/Src/system_stm32l4xx.o
 .comment       0x0000000000000053       0x54 Drivers/STM32L4xx_HAL_Driver/Src/stm32l4xx_hal.o
 .comment       0x0000000000000053       0x54 Drivers/STM32L4xx_HAL_Driver/Src/stm32l4xx_hal_cortex.o
 .comment       0x0000000000000053       0x54 Drivers/STM32L4xx_HAL_Driver/Src/stm32l4xx_hal_dma.o
 .comment       0x0000000000000053       0x54 Drivers/STM32L4xx_HAL_Driver/Src/stm32l4xx_hal_gpio.o
 .comment       0x0000000000000053       0x54 Drivers/STM32L4xx_HAL_Driver/Src/stm32l4xx_hal_i2c.o
 .comment       0x0000000000000053       0x54 Drivers/STM32L4xx_HAL_Driver/Src/stm32l4xx_hal_i2c_ex.o
 .comment       0x0000000000000053       0x54 Drivers/STM32L4xx_HAL_Driver/Src/stm32l4xx_hal_pwr_ex.o
 .comment       0x0000000000000053       0x54 Drivers/STM32L4xx_HAL_Driver/Src/stm32l4xx_hal_rcc.o
 .comment       0x0000000000000053       0x54 Drivers/STM32L4xx_HAL_Driver/Src/stm32l4xx_hal_rcc_ex.o
 .comment       0x0000000000000053       0x54 Drivers/STM32L4xx_HAL_Driver/Src/stm32l4xx_hal_spi.o
 .comment       0x0000000000000053       0x54 Drivers/STM32L4xx_HAL_Driver/Src/stm32l4xx_hal_uart.o
 .comment       0x0000000000000053       0x54 Drivers/STM32L4xx_HAL_Driver/Src/stm32l4xx_hal_uart_ex.o

.debug_ranges   0x0000000000000000      0xe30
 .debug_ranges  0x0000000000000000       0x78 Core/Src/ili9341.o
 .debug_ranges  0x0000000000000078       0x40 Core/Src/ili9341_touch.o
 .debug_ranges  0x00000000000000b8       0x50 Core/Src/main.o
 .debug_ranges  0x0000000000000108       0x40 Core/Src/stm32l4xx_hal_msp.o
 .debug_ranges  0x0000000000000148       0x58 Core/Src/stm32l4xx_it.o
 .debug_ranges  0x00000000000001a0       0x18 Core/Src/system_stm32l4xx.o
 .debug_ranges  0x00000000000001b8       0x20 Core/Startup/startup_stm32l412cbtxp.o
 .debug_ranges  0x00000000000001d8       0xf8 Drivers/STM32L4xx_HAL_Driver/Src/stm32l4xx_hal.o
 .debug_ranges  0x00000000000002d0      0x108 Drivers/STM32L4xx_HAL_Driver/Src/stm32l4xx_hal_cortex.o
 .debug_ranges  0x00000000000003d8       0x70 Drivers/STM32L4xx_HAL_Driver/Src/stm32l4xx_hal_dma.o
 .debug_ranges  0x0000000000000448       0x48 Drivers/STM32L4xx_HAL_Driver/Src/stm32l4xx_hal_gpio.o
 .debug_ranges  0x0000000000000490      0x280 Drivers/STM32L4xx_HAL_Driver/Src/stm32l4xx_hal_i2c.o
 .debug_ranges  0x0000000000000710       0x38 Drivers/STM32L4xx_HAL_Driver/Src/stm32l4xx_hal_i2c_ex.o
 .debug_ranges  0x0000000000000748      0x138 Drivers/STM32L4xx_HAL_Driver/Src/stm32l4xx_hal_pwr_ex.o
 .debug_ranges  0x0000000000000880       0x78 Drivers/STM32L4xx_HAL_Driver/Src/stm32l4xx_hal_rcc.o
 .debug_ranges  0x00000000000008f8       0xc0 Drivers/STM32L4xx_HAL_Driver/Src/stm32l4xx_hal_rcc_ex.o
 .debug_ranges  0x00000000000009b8      0x1c8 Drivers/STM32L4xx_HAL_Driver/Src/stm32l4xx_hal_spi.o
 .debug_ranges  0x0000000000000b80      0x248 Drivers/STM32L4xx_HAL_Driver/Src/stm32l4xx_hal_uart.o
 .debug_ranges  0x0000000000000dc8       0x68 Drivers/STM32L4xx_HAL_Driver/Src/stm32l4xx_hal_uart_ex.o

.debug_frame    0x0000000000000000     0x3e44
 .debug_frame   0x0000000000000000      0x21c Core/Src/ili9341.o
 .debug_frame   0x000000000000021c       0x8c Core/Src/ili9341_touch.o
 .debug_frame   0x00000000000002a8      0x144 Core/Src/main.o
 .debug_frame   0x00000000000003ec      0x110 Core/Src/stm32l4xx_hal_msp.o
 .debug_frame   0x00000000000004fc      0x120 Core/Src/stm32l4xx_it.o
 .debug_frame   0x000000000000061c       0x58 Core/Src/system_stm32l4xx.o
 .debug_frame   0x0000000000000674      0x3dc Drivers/STM32L4xx_HAL_Driver/Src/stm32l4xx_hal.o
 .debug_frame   0x0000000000000a50      0x498 Drivers/STM32L4xx_HAL_Driver/Src/stm32l4xx_hal_cortex.o
 .debug_frame   0x0000000000000ee8      0x204 Drivers/STM32L4xx_HAL_Driver/Src/stm32l4xx_hal_dma.o
 .debug_frame   0x00000000000010ec      0x14c Drivers/STM32L4xx_HAL_Driver/Src/stm32l4xx_hal_gpio.o
 .debug_frame   0x0000000000001238      0xbe8 Drivers/STM32L4xx_HAL_Driver/Src/stm32l4xx_hal_i2c.o
 .debug_frame   0x0000000000001e20      0x100 Drivers/STM32L4xx_HAL_Driver/Src/stm32l4xx_hal_i2c_ex.o
 .debug_frame   0x0000000000001f20      0x524 Drivers/STM32L4xx_HAL_Driver/Src/stm32l4xx_hal_pwr_ex.o
 .debug_frame   0x0000000000002444      0x1f4 Drivers/STM32L4xx_HAL_Driver/Src/stm32l4xx_hal_rcc.o
 .debug_frame   0x0000000000002638      0x33c Drivers/STM32L4xx_HAL_Driver/Src/stm32l4xx_hal_rcc_ex.o
 .debug_frame   0x0000000000002974      0x860 Drivers/STM32L4xx_HAL_Driver/Src/stm32l4xx_hal_spi.o
 .debug_frame   0x00000000000031d4      0x9e4 Drivers/STM32L4xx_HAL_Driver/Src/stm32l4xx_hal_uart.o
 .debug_frame   0x0000000000003bb8      0x1e0 Drivers/STM32L4xx_HAL_Driver/Src/stm32l4xx_hal_uart_ex.o
 .debug_frame   0x0000000000003d98       0x2c /home/zez/.eclipse/com.st.stm32cube.ide.mcu.rcp.product_1.5.1_1935173079_linux_gtk_x86_64/plugins/com.st.stm32cube.ide.mcu.externaltools.gnu-tools-for-stm32.9-2020-q2-update.linux64_1.5.0.202011040924/tools/bin/../lib/gcc/arm-none-eabi/9.3.1/../../../../arm-none-eabi/lib/thumb/v7e-m+fp/hard/libc_nano.a(lib_a-init.o)
 .debug_frame   0x0000000000003dc4       0x20 /home/zez/.eclipse/com.st.stm32cube.ide.mcu.rcp.product_1.5.1_1935173079_linux_gtk_x86_64/plugins/com.st.stm32cube.ide.mcu.externaltools.gnu-tools-for-stm32.9-2020-q2-update.linux64_1.5.0.202011040924/tools/bin/../lib/gcc/arm-none-eabi/9.3.1/../../../../arm-none-eabi/lib/thumb/v7e-m+fp/hard/libc_nano.a(lib_a-memset.o)
 .debug_frame   0x0000000000003de4       0x2c /home/zez/.eclipse/com.st.stm32cube.ide.mcu.rcp.product_1.5.1_1935173079_linux_gtk_x86_64/plugins/com.st.stm32cube.ide.mcu.externaltools.gnu-tools-for-stm32.9-2020-q2-update.linux64_1.5.0.202011040924/tools/bin/../lib/gcc/arm-none-eabi/9.3.1/thumb/v7e-m+fp/hard/libgcc.a(_aeabi_uldivmod.o)
 .debug_frame   0x0000000000003e10       0x34 /home/zez/.eclipse/com.st.stm32cube.ide.mcu.rcp.product_1.5.1_1935173079_linux_gtk_x86_64/plugins/com.st.stm32cube.ide.mcu.externaltools.gnu-tools-for-stm32.9-2020-q2-update.linux64_1.5.0.202011040924/tools/bin/../lib/gcc/arm-none-eabi/9.3.1/thumb/v7e-m+fp/hard/libgcc.a(_udivmoddi4.o)
