core_cm4.h:1933:34:__NVIC_SystemReset	4	static,ignoring_inline_asm
main.c:93:6:UART_Printf	272	static
main.c:106:6:W5500_Select	8	static
main.c:110:6:W5500_Unselect	8	static
main.c:114:6:W5500_ReadBuff	16	static
main.c:118:6:W5500_WriteBuff	16	static
main.c:122:9:W5500_ReadByte	16	static
main.c:128:6:W5500_WriteByte	16	static
main.c:134:6:Callback_IPAssigned	8	static
main.c:139:6:Callback_IPConflict	8	static
main.c:144:9:predefined_get_cgi_processor	24	static
main.c:181:9:predefined_set_cgi_processor	24	static
main.c:188:6:init_udp	40	static
main.c:229:6:init_web	8240	static
main.c:261:6:envia_udp	16	static
main.c:271:6:recebe_udp	16	static
main.c:283:5:main	24	static
main.c:360:6:SystemClock_Config	152	static
main.c:415:13:MX_I2C1_Init	8	static
main.c:461:13:MX_SPI1_Init	8	static
main.c:501:13:MX_USART1_UART_Init	8	static
main.c:536:13:MX_GPIO_Init	40	static
main.c:586:6:Error_Handler	4	static,ignoring_inline_asm
