wizchip_conf.c:68:12:wizchip_cris_enter	4	static
wizchip_conf.c:76:12:wizchip_cris_exit	4	static
wizchip_conf.c:85:6:wizchip_cs_select	4	static
wizchip_conf.c:93:6:wizchip_cs_deselect	4	static
wizchip_conf.c:102:10:wizchip_bus_readdata	16	static
wizchip_conf.c:111:10:wizchip_bus_writedata	16	static
wizchip_conf.c:119:9:wizchip_spi_readbyte	4	static
wizchip_conf.c:127:10:wizchip_spi_writebyte	16	static
wizchip_conf.c:135:10:wizchip_spi_readburst	16	static
wizchip_conf.c:143:10:wizchip_spi_writeburst	16	static
wizchip_conf.c:195:6:reg_wizchip_cris_cbfunc	16	static
wizchip_conf.c:209:6:reg_wizchip_cs_cbfunc	16	static
wizchip_conf.c:225:6:reg_wizchip_bus_cbfunc	16	static
wizchip_conf.c:253:6:reg_wizchip_spi_cbfunc	16	static
wizchip_conf.c:270:6:reg_wizchip_spiburst_cbfunc	16	static
wizchip_conf.c:286:8:ctlwizchip	40	static
wizchip_conf.c:368:8:ctlnetwork	16	static
wizchip_conf.c:396:6:wizchip_sw_reset	32	static
wizchip_conf.c:421:8:wizchip_init	24	static
wizchip_conf.c:503:6:wizchip_clrinterrupt	24	static
wizchip_conf.c:530:11:wizchip_getinterrupt	16	static
wizchip_conf.c:561:6:wizchip_setinterruptmask	24	static
wizchip_conf.c:585:11:wizchip_getinterruptmask	16	static
wizchip_conf.c:614:8:wizphy_getphylink	16	static
wizchip_conf.c:635:8:wizphy_getphypmode	16	static
wizchip_conf.c:738:6:wizphy_reset	16	static
wizchip_conf.c:748:6:wizphy_setphyconf	24	static
wizchip_conf.c:778:6:wizphy_getphyconf	24	static
wizchip_conf.c:817:6:wizphy_getphystat	24	static
wizchip_conf.c:824:8:wizphy_setphypmode	24	static
wizchip_conf.c:850:6:wizchip_setnetinfo	16	static
wizchip_conf.c:863:6:wizchip_getnetinfo	16	static
wizchip_conf.c:876:8:wizchip_setnetmode	24	static
wizchip_conf.c:890:14:wizchip_getnetmode	8	static
wizchip_conf.c:895:6:wizchip_settimeout	16	static
wizchip_conf.c:901:6:wizchip_gettimeout	24	static
